Archive member included to satisfy reference by file (symbol)

/opt/st/stm32cubeide_1.0.2/plugins/com.st.stm32cube.ide.mcu.externaltools.gnu-tools-for-stm32.7-2018-q2-update.linux64_1.0.0.201904181610/tools/bin/../lib/gcc/arm-none-eabi/7.3.1/../../../../arm-none-eabi/lib/thumb/v7e-m/fpv5/hard/libc_nano.a(lib_a-errno.o)
                              Src/syscalls.o (__errno)
/opt/st/stm32cubeide_1.0.2/plugins/com.st.stm32cube.ide.mcu.externaltools.gnu-tools-for-stm32.7-2018-q2-update.linux64_1.0.0.201904181610/tools/bin/../lib/gcc/arm-none-eabi/7.3.1/../../../../arm-none-eabi/lib/thumb/v7e-m/fpv5/hard/libc_nano.a(lib_a-exit.o)
                              /opt/st/stm32cubeide_1.0.2/plugins/com.st.stm32cube.ide.mcu.externaltools.gnu-tools-for-stm32.7-2018-q2-update.linux64_1.0.0.201904181610/tools/bin/../lib/gcc/arm-none-eabi/7.3.1/../../../../arm-none-eabi/lib/thumb/v7e-m/fpv5/hard/crt0.o (exit)
/opt/st/stm32cubeide_1.0.2/plugins/com.st.stm32cube.ide.mcu.externaltools.gnu-tools-for-stm32.7-2018-q2-update.linux64_1.0.0.201904181610/tools/bin/../lib/gcc/arm-none-eabi/7.3.1/../../../../arm-none-eabi/lib/thumb/v7e-m/fpv5/hard/libc_nano.a(lib_a-impure.o)
                              /opt/st/stm32cubeide_1.0.2/plugins/com.st.stm32cube.ide.mcu.externaltools.gnu-tools-for-stm32.7-2018-q2-update.linux64_1.0.0.201904181610/tools/bin/../lib/gcc/arm-none-eabi/7.3.1/../../../../arm-none-eabi/lib/thumb/v7e-m/fpv5/hard/libc_nano.a(lib_a-exit.o) (_global_impure_ptr)
/opt/st/stm32cubeide_1.0.2/plugins/com.st.stm32cube.ide.mcu.externaltools.gnu-tools-for-stm32.7-2018-q2-update.linux64_1.0.0.201904181610/tools/bin/../lib/gcc/arm-none-eabi/7.3.1/../../../../arm-none-eabi/lib/thumb/v7e-m/fpv5/hard/libc_nano.a(lib_a-init.o)
                              /opt/st/stm32cubeide_1.0.2/plugins/com.st.stm32cube.ide.mcu.externaltools.gnu-tools-for-stm32.7-2018-q2-update.linux64_1.0.0.201904181610/tools/bin/../lib/gcc/arm-none-eabi/7.3.1/../../../../arm-none-eabi/lib/thumb/v7e-m/fpv5/hard/crt0.o (__libc_init_array)
/opt/st/stm32cubeide_1.0.2/plugins/com.st.stm32cube.ide.mcu.externaltools.gnu-tools-for-stm32.7-2018-q2-update.linux64_1.0.0.201904181610/tools/bin/../lib/gcc/arm-none-eabi/7.3.1/../../../../arm-none-eabi/lib/thumb/v7e-m/fpv5/hard/libc_nano.a(lib_a-memset.o)
                              /opt/st/stm32cubeide_1.0.2/plugins/com.st.stm32cube.ide.mcu.externaltools.gnu-tools-for-stm32.7-2018-q2-update.linux64_1.0.0.201904181610/tools/bin/../lib/gcc/arm-none-eabi/7.3.1/../../../../arm-none-eabi/lib/thumb/v7e-m/fpv5/hard/crt0.o (memset)
/opt/st/stm32cubeide_1.0.2/plugins/com.st.stm32cube.ide.mcu.externaltools.gnu-tools-for-stm32.7-2018-q2-update.linux64_1.0.0.201904181610/tools/bin/../lib/gcc/arm-none-eabi/7.3.1/thumb/v7e-m/fpv5/hard/libgcc.a(_aeabi_uldivmod.o)
                              Drivers/STM32F7xx_HAL_Driver/Src/stm32f7xx_hal_rcc.o (__aeabi_uldivmod)
/opt/st/stm32cubeide_1.0.2/plugins/com.st.stm32cube.ide.mcu.externaltools.gnu-tools-for-stm32.7-2018-q2-update.linux64_1.0.0.201904181610/tools/bin/../lib/gcc/arm-none-eabi/7.3.1/thumb/v7e-m/fpv5/hard/libgcc.a(_udivmoddi4.o)
                              /opt/st/stm32cubeide_1.0.2/plugins/com.st.stm32cube.ide.mcu.externaltools.gnu-tools-for-stm32.7-2018-q2-update.linux64_1.0.0.201904181610/tools/bin/../lib/gcc/arm-none-eabi/7.3.1/thumb/v7e-m/fpv5/hard/libgcc.a(_aeabi_uldivmod.o) (__udivmoddi4)
/opt/st/stm32cubeide_1.0.2/plugins/com.st.stm32cube.ide.mcu.externaltools.gnu-tools-for-stm32.7-2018-q2-update.linux64_1.0.0.201904181610/tools/bin/../lib/gcc/arm-none-eabi/7.3.1/thumb/v7e-m/fpv5/hard/libgcc.a(_dvmd_tls.o)
                              /opt/st/stm32cubeide_1.0.2/plugins/com.st.stm32cube.ide.mcu.externaltools.gnu-tools-for-stm32.7-2018-q2-update.linux64_1.0.0.201904181610/tools/bin/../lib/gcc/arm-none-eabi/7.3.1/thumb/v7e-m/fpv5/hard/libgcc.a(_aeabi_uldivmod.o) (__aeabi_ldiv0)

Allocating common symbols
Common symbol       size              file

huart3              0x80              Src/usart.o
hpcd_USB_OTG_FS     0x404             Src/usb_otg.o
uwTick              0x4               Drivers/STM32F7xx_HAL_Driver/Src/stm32f7xx_hal.o
pFlash              0x1c              Drivers/STM32F7xx_HAL_Driver/Src/stm32f7xx_hal_flash.o
aux                 0x4               Src/pcb.o
mutex               0x4               Src/main.o
buffer              0xf               Src/main.o
htim1               0x40              Src/tim.o
stack_pointer       0x4               Src/main.o
heth                0x48              Src/eth.o
consola             0x410             Src/ioc.o
proccess            0x88              Src/pcb.o
Parametros          0x4               Src/pcb.o

Discarded input sections

 .text          0x0000000000000000        0x0 /opt/st/stm32cubeide_1.0.2/plugins/com.st.stm32cube.ide.mcu.externaltools.gnu-tools-for-stm32.7-2018-q2-update.linux64_1.0.0.201904181610/tools/bin/../lib/gcc/arm-none-eabi/7.3.1/thumb/v7e-m/fpv5/hard/crti.o
[...]
Memory Configuration

Name             Origin             Length             Attributes
RAM              0x0000000020000000 0x0000000000080000 xrw
FLASH            0x0000000008000000 0x0000000000200000 xr
*default*        0x0000000000000000 0xffffffffffffffff

Linker script and memory map

LOAD /opt/st/stm32cubeide_1.0.2/plugins/com.st.stm32cube.ide.mcu.externaltools.gnu-tools-for-stm32.7-2018-q2-update.linux64_1.0.0.201904181610/tools/bin/../lib/gcc/arm-none-eabi/7.3.1/thumb/v7e-m/fpv5/hard/crti.o
LOAD /opt/st/stm32cubeide_1.0.2/plugins/com.st.stm32cube.ide.mcu.externaltools.gnu-tools-for-stm32.7-2018-q2-update.linux64_1.0.0.201904181610/tools/bin/../lib/gcc/arm-none-eabi/7.3.1/thumb/v7e-m/fpv5/hard/crtbegin.o
LOAD /opt/st/stm32cubeide_1.0.2/plugins/com.st.stm32cube.ide.mcu.externaltools.gnu-tools-for-stm32.7-2018-q2-update.linux64_1.0.0.201904181610/tools/bin/../lib/gcc/arm-none-eabi/7.3.1/../../../../arm-none-eabi/lib/thumb/v7e-m/fpv5/hard/crt0.o
LOAD Drivers/STM32F7xx_HAL_Driver/Src/stm32f7xx_hal.o
LOAD Drivers/STM32F7xx_HAL_Driver/Src/stm32f7xx_hal_cortex.o
LOAD Drivers/STM32F7xx_HAL_Driver/Src/stm32f7xx_hal_dma.o
LOAD Drivers/STM32F7xx_HAL_Driver/Src/stm32f7xx_hal_dma_ex.o
LOAD Drivers/STM32F7xx_HAL_Driver/Src/stm32f7xx_hal_eth.o
LOAD Drivers/STM32F7xx_HAL_Driver/Src/stm32f7xx_hal_exti.o
LOAD Drivers/STM32F7xx_HAL_Driver/Src/stm32f7xx_hal_flash.o
LOAD Drivers/STM32F7xx_HAL_Driver/Src/stm32f7xx_hal_flash_ex.o
LOAD Drivers/STM32F7xx_HAL_Driver/Src/stm32f7xx_hal_gpio.o
LOAD Drivers/STM32F7xx_HAL_Driver/Src/stm32f7xx_hal_i2c.o
LOAD Drivers/STM32F7xx_HAL_Driver/Src/stm32f7xx_hal_i2c_ex.o
LOAD Drivers/STM32F7xx_HAL_Driver/Src/stm32f7xx_hal_pcd.o
LOAD Drivers/STM32F7xx_HAL_Driver/Src/stm32f7xx_hal_pcd_ex.o
LOAD Drivers/STM32F7xx_HAL_Driver/Src/stm32f7xx_hal_pwr.o
LOAD Drivers/STM32F7xx_HAL_Driver/Src/stm32f7xx_hal_pwr_ex.o
LOAD Drivers/STM32F7xx_HAL_Driver/Src/stm32f7xx_hal_rcc.o
LOAD Drivers/STM32F7xx_HAL_Driver/Src/stm32f7xx_hal_rcc_ex.o
LOAD Drivers/STM32F7xx_HAL_Driver/Src/stm32f7xx_hal_tim.o
LOAD Drivers/STM32F7xx_HAL_Driver/Src/stm32f7xx_hal_tim_ex.o
LOAD Drivers/STM32F7xx_HAL_Driver/Src/stm32f7xx_hal_uart.o
LOAD Drivers/STM32F7xx_HAL_Driver/Src/stm32f7xx_hal_uart_ex.o
LOAD Drivers/STM32F7xx_HAL_Driver/Src/stm32f7xx_ll_usb.o
LOAD Src/eth.o
LOAD Src/gpio.o
LOAD Src/ioc.o
LOAD Src/llamadasalsistema.o
LOAD Src/main.o
LOAD Src/pcb.o
LOAD Src/stm32f7xx_hal_msp.o
LOAD Src/stm32f7xx_it.o
LOAD Src/syscalls.o
LOAD Src/sysmem.o
LOAD Src/system_stm32f7xx.o
LOAD Src/tim.o
LOAD Src/usart.o
LOAD Src/usb_otg.o
LOAD Startup/startup_stm32f767zitx.o
START GROUP
LOAD /opt/st/stm32cubeide_1.0.2/plugins/com.st.stm32cube.ide.mcu.externaltools.gnu-tools-for-stm32.7-2018-q2-update.linux64_1.0.0.201904181610/tools/bin/../lib/gcc/arm-none-eabi/7.3.1/../../../../arm-none-eabi/lib/thumb/v7e-m/fpv5/hard/libc_nano.a
LOAD /opt/st/stm32cubeide_1.0.2/plugins/com.st.stm32cube.ide.mcu.externaltools.gnu-tools-for-stm32.7-2018-q2-update.linux64_1.0.0.201904181610/tools/bin/../lib/gcc/arm-none-eabi/7.3.1/../../../../arm-none-eabi/lib/thumb/v7e-m/fpv5/hard/libm.a
END GROUP
START GROUP
LOAD /opt/st/stm32cubeide_1.0.2/plugins/com.st.stm32cube.ide.mcu.externaltools.gnu-tools-for-stm32.7-2018-q2-update.linux64_1.0.0.201904181610/tools/bin/../lib/gcc/arm-none-eabi/7.3.1/thumb/v7e-m/fpv5/hard/libgcc.a
LOAD /opt/st/stm32cubeide_1.0.2/plugins/com.st.stm32cube.ide.mcu.externaltools.gnu-tools-for-stm32.7-2018-q2-update.linux64_1.0.0.201904181610/tools/bin/../lib/gcc/arm-none-eabi/7.3.1/../../../../arm-none-eabi/lib/thumb/v7e-m/fpv5/hard/libc_nano.a
END GROUP
START GROUP
LOAD /opt/st/stm32cubeide_1.0.2/plugins/com.st.stm32cube.ide.mcu.externaltools.gnu-tools-for-stm32.7-2018-q2-update.linux64_1.0.0.201904181610/tools/bin/../lib/gcc/arm-none-eabi/7.3.1/thumb/v7e-m/fpv5/hard/libgcc.a
LOAD /opt/st/stm32cubeide_1.0.2/plugins/com.st.stm32cube.ide.mcu.externaltools.gnu-tools-for-stm32.7-2018-q2-update.linux64_1.0.0.201904181610/tools/bin/../lib/gcc/arm-none-eabi/7.3.1/../../../../arm-none-eabi/lib/thumb/v7e-m/fpv5/hard/libc_nano.a
LOAD /opt/st/stm32cubeide_1.0.2/plugins/com.st.stm32cube.ide.mcu.externaltools.gnu-tools-for-stm32.7-2018-q2-update.linux64_1.0.0.201904181610/tools/bin/../lib/gcc/arm-none-eabi/7.3.1/../../../../arm-none-eabi/lib/thumb/v7e-m/fpv5/hard/libnosys.a
END GROUP
START GROUP
LOAD /opt/st/stm32cubeide_1.0.2/plugins/com.st.stm32cube.ide.mcu.externaltools.gnu-tools-for-stm32.7-2018-q2-update.linux64_1.0.0.201904181610/tools/bin/../lib/gcc/arm-none-eabi/7.3.1/thumb/v7e-m/fpv5/hard/libgcc.a
LOAD /opt/st/stm32cubeide_1.0.2/plugins/com.st.stm32cube.ide.mcu.externaltools.gnu-tools-for-stm32.7-2018-q2-update.linux64_1.0.0.201904181610/tools/bin/../lib/gcc/arm-none-eabi/7.3.1/../../../../arm-none-eabi/lib/thumb/v7e-m/fpv5/hard/libc_nano.a
LOAD /opt/st/stm32cubeide_1.0.2/plugins/com.st.stm32cube.ide.mcu.externaltools.gnu-tools-for-stm32.7-2018-q2-update.linux64_1.0.0.201904181610/tools/bin/../lib/gcc/arm-none-eabi/7.3.1/../../../../arm-none-eabi/lib/thumb/v7e-m/fpv5/hard/libnosys.a
END GROUP
LOAD /opt/st/stm32cubeide_1.0.2/plugins/com.st.stm32cube.ide.mcu.externaltools.gnu-tools-for-stm32.7-2018-q2-update.linux64_1.0.0.201904181610/tools/bin/../lib/gcc/arm-none-eabi/7.3.1/thumb/v7e-m/fpv5/hard/crtend.o
LOAD /opt/st/stm32cubeide_1.0.2/plugins/com.st.stm32cube.ide.mcu.externaltools.gnu-tools-for-stm32.7-2018-q2-update.linux64_1.0.0.201904181610/tools/bin/../lib/gcc/arm-none-eabi/7.3.1/thumb/v7e-m/fpv5/hard/crtn.o
                0x0000000020080000                _estack = 0x20080000
                0x0000000000000200                _Min_Heap_Size = 0x200
                0x0000000000000400                _Min_Stack_Size = 0x400

.isr_vector     0x0000000008000000      0x1f8
                0x0000000008000000                . = ALIGN (0x4)
 *(.isr_vector)
 .isr_vector    0x0000000008000000      0x1f8 Startup/startup_stm32f767zitx.o
                0x0000000008000000                g_pfnVectors
                0x00000000080001f8                . = ALIGN (0x4)

.text           0x00000000080001f8     0x59c8
                0x00000000080001f8                . = ALIGN (0x4)
 *(.text)
 .text          0x00000000080001f8       0x40 /opt/st/stm32cubeide_1.0.2/plugins/com.st.stm32cube.ide.mcu.externaltools.gnu-tools-for-stm32.7-2018-q2-update.linux64_1.0.0.201904181610/tools/bin/../lib/gcc/arm-none-eabi/7.3.1/thumb/v7e-m/fpv5/hard/crtbegin.o
 .text          0x0000000008000238       0x30 /opt/st/stm32cubeide_1.0.2/plugins/com.st.stm32cube.ide.mcu.externaltools.gnu-tools-for-stm32.7-2018-q2-update.linux64_1.0.0.201904181610/tools/bin/../lib/gcc/arm-none-eabi/7.3.1/thumb/v7e-m/fpv5/hard/libgcc.a(_aeabi_uldivmod.o)
                0x0000000008000238                __aeabi_uldivmod
 .text          0x0000000008000268      0x2cc /opt/st/stm32cubeide_1.0.2/plugins/com.st.stm32cube.ide.mcu.externaltools.gnu-tools-for-stm32.7-2018-q2-update.linux64_1.0.0.201904181610/tools/bin/../lib/gcc/arm-none-eabi/7.3.1/thumb/v7e-m/fpv5/hard/libgcc.a(_udivmoddi4.o)
                0x0000000008000268                __udivmoddi4
 .text          0x0000000008000534        0x4 /opt/st/stm32cubeide_1.0.2/plugins/com.st.stm32cube.ide.mcu.externaltools.gnu-tools-for-stm32.7-2018-q2-update.linux64_1.0.0.201904181610/tools/bin/../lib/gcc/arm-none-eabi/7.3.1/thumb/v7e-m/fpv5/hard/libgcc.a(_dvmd_tls.o)
                0x0000000008000534                __aeabi_ldiv0
                0x0000000008000534                __aeabi_idiv0
 *(.text*)
 .text.HAL_Init
                0x0000000008000538       0x1a Drivers/STM32F7xx_HAL_Driver/Src/stm32f7xx_hal.o
                0x0000000008000538                HAL_Init
 *fill*         0x0000000008000552        0x2 
 .text.HAL_InitTick
                0x0000000008000554       0x60 Drivers/STM32F7xx_HAL_Driver/Src/stm32f7xx_hal.o
                0x0000000008000554                HAL_InitTick
 .text.HAL_IncTick
                0x00000000080005b4       0x28 Drivers/STM32F7xx_HAL_Driver/Src/stm32f7xx_hal.o
                0x00000000080005b4                HAL_IncTick
 .text.HAL_GetTick
                0x00000000080005dc       0x18 Drivers/STM32F7xx_HAL_Driver/Src/stm32f7xx_hal.o
                0x00000000080005dc                HAL_GetTick
 .text.HAL_Delay
                0x00000000080005f4       0x44 Drivers/STM32F7xx_HAL_Driver/Src/stm32f7xx_hal.o
                0x00000000080005f4                HAL_Delay
 .text.__NVIC_SetPriorityGrouping
                0x0000000008000638       0x48 Drivers/STM32F7xx_HAL_Driver/Src/stm32f7xx_hal_cortex.o
 .text.__NVIC_GetPriorityGrouping
                0x0000000008000680       0x1c Drivers/STM32F7xx_HAL_Driver/Src/stm32f7xx_hal_cortex.o
 .text.__NVIC_EnableIRQ
                0x000000000800069c       0x3c Drivers/STM32F7xx_HAL_Driver/Src/stm32f7xx_hal_cortex.o
 .text.__NVIC_SetPriority
                0x00000000080006d8       0x54 Drivers/STM32F7xx_HAL_Driver/Src/stm32f7xx_hal_cortex.o
 .text.NVIC_EncodePriority
                0x000000000800072c       0x66 Drivers/STM32F7xx_HAL_Driver/Src/stm32f7xx_hal_cortex.o
 *fill*         0x0000000008000792        0x2 
 .text.SysTick_Config
                0x0000000008000794       0x44 Drivers/STM32F7xx_HAL_Driver/Src/stm32f7xx_hal_cortex.o
 .text.HAL_NVIC_SetPriorityGrouping
                0x00000000080007d8       0x16 Drivers/STM32F7xx_HAL_Driver/Src/stm32f7xx_hal_cortex.o
                0x00000000080007d8                HAL_NVIC_SetPriorityGrouping
 .text.HAL_NVIC_SetPriority
                0x00000000080007ee       0x38 Drivers/STM32F7xx_HAL_Driver/Src/stm32f7xx_hal_cortex.o
                0x00000000080007ee                HAL_NVIC_SetPriority
 .text.HAL_NVIC_EnableIRQ
                0x0000000008000826       0x1c Drivers/STM32F7xx_HAL_Driver/Src/stm32f7xx_hal_cortex.o
                0x0000000008000826                HAL_NVIC_EnableIRQ
 .text.HAL_SYSTICK_Config
                0x0000000008000842       0x18 Drivers/STM32F7xx_HAL_Driver/Src/stm32f7xx_hal_cortex.o
                0x0000000008000842                HAL_SYSTICK_Config
 .text.HAL_DMA_Abort_IT
                0x000000000800085a       0x44 Drivers/STM32F7xx_HAL_Driver/Src/stm32f7xx_hal_dma.o
                0x000000000800085a                HAL_DMA_Abort_IT
 *fill*         0x000000000800089e        0x2 
 .text.HAL_ETH_Init
                0x00000000080008a0      0x338 Drivers/STM32F7xx_HAL_Driver/Src/stm32f7xx_hal_eth.o
                0x00000000080008a0                HAL_ETH_Init
 .text.HAL_ETH_ReadPHYRegister
                0x0000000008000bd8       0xd0 Drivers/STM32F7xx_HAL_Driver/Src/stm32f7xx_hal_eth.o
                0x0000000008000bd8                HAL_ETH_ReadPHYRegister
 .text.HAL_ETH_WritePHYRegister
                0x0000000008000ca8       0xcc Drivers/STM32F7xx_HAL_Driver/Src/stm32f7xx_hal_eth.o
                0x0000000008000ca8                HAL_ETH_WritePHYRegister
 .text.ETH_MACDMAConfig
                0x0000000008000d74      0x394 Drivers/STM32F7xx_HAL_Driver/Src/stm32f7xx_hal_eth.o
 .text.ETH_MACAddressConfig
                0x0000000008001108       0x70 Drivers/STM32F7xx_HAL_Driver/Src/stm32f7xx_hal_eth.o
 .text.HAL_GPIO_Init
                0x0000000008001178      0x354 Drivers/STM32F7xx_HAL_Driver/Src/stm32f7xx_hal_gpio.o
                0x0000000008001178                HAL_GPIO_Init
 .text.HAL_GPIO_WritePin
                0x00000000080014cc       0x32 Drivers/STM32F7xx_HAL_Driver/Src/stm32f7xx_hal_gpio.o
                0x00000000080014cc                HAL_GPIO_WritePin
 .text.HAL_PCD_Init
                0x00000000080014fe      0x230 Drivers/STM32F7xx_HAL_Driver/Src/stm32f7xx_hal_pcd.o
                0x00000000080014fe                HAL_PCD_Init
 *fill*         0x000000000800172e        0x2 
 .text.HAL_PCDEx_ActivateLPM
                0x0000000008001730       0x48 Drivers/STM32F7xx_HAL_Driver/Src/stm32f7xx_hal_pcd_ex.o
                0x0000000008001730                HAL_PCDEx_ActivateLPM
 .text.HAL_PWR_EnableBkUpAccess
                0x0000000008001778       0x20 Drivers/STM32F7xx_HAL_Driver/Src/stm32f7xx_hal_pwr.o
                0x0000000008001778                HAL_PWR_EnableBkUpAccess
 .text.HAL_PWREx_EnableOverDrive
                0x0000000008001798       0xa0 Drivers/STM32F7xx_HAL_Driver/Src/stm32f7xx_hal_pwr_ex.o
                0x0000000008001798                HAL_PWREx_EnableOverDrive
 .text.HAL_RCC_OscConfig
                0x0000000008001838      0x4e4 Drivers/STM32F7xx_HAL_Driver/Src/stm32f7xx_hal_rcc.o
                0x0000000008001838                HAL_RCC_OscConfig
 .text.HAL_RCC_ClockConfig
                0x0000000008001d1c      0x1d0 Drivers/STM32F7xx_HAL_Driver/Src/stm32f7xx_hal_rcc.o
                0x0000000008001d1c                HAL_RCC_ClockConfig
 .text.HAL_RCC_GetSysClockFreq
                0x0000000008001eec      0x1b0 Drivers/STM32F7xx_HAL_Driver/Src/stm32f7xx_hal_rcc.o
                0x0000000008001eec                HAL_RCC_GetSysClockFreq
 .text.HAL_RCC_GetHCLKFreq
                0x000000000800209c       0x18 Drivers/STM32F7xx_HAL_Driver/Src/stm32f7xx_hal_rcc.o
                0x000000000800209c                HAL_RCC_GetHCLKFreq
 .text.HAL_RCC_GetPCLK1Freq
                0x00000000080020b4       0x28 Drivers/STM32F7xx_HAL_Driver/Src/stm32f7xx_hal_rcc.o
                0x00000000080020b4                HAL_RCC_GetPCLK1Freq
 .text.HAL_RCC_GetPCLK2Freq
                0x00000000080020dc       0x28 Drivers/STM32F7xx_HAL_Driver/Src/stm32f7xx_hal_rcc.o
                0x00000000080020dc                HAL_RCC_GetPCLK2Freq
 .text.HAL_RCCEx_PeriphCLKConfig
                0x0000000008002104      0x84c Drivers/STM32F7xx_HAL_Driver/Src/stm32f7xx_hal_rcc_ex.o
                0x0000000008002104                HAL_RCCEx_PeriphCLKConfig
 .text.HAL_TIM_Base_Init
                0x0000000008002950       0x56 Drivers/STM32F7xx_HAL_Driver/Src/stm32f7xx_hal_tim.o
                0x0000000008002950                HAL_TIM_Base_Init
 .text.HAL_TIM_PWM_Init
                0x00000000080029a6       0x56 Drivers/STM32F7xx_HAL_Driver/Src/stm32f7xx_hal_tim.o
                0x00000000080029a6                HAL_TIM_PWM_Init
 .text.HAL_TIM_PWM_MspInit
                0x00000000080029fc       0x14 Drivers/STM32F7xx_HAL_Driver/Src/stm32f7xx_hal_tim.o
                0x00000000080029fc                HAL_TIM_PWM_MspInit
 .text.HAL_TIM_PWM_ConfigChannel
                0x0000000008002a10      0x230 Drivers/STM32F7xx_HAL_Driver/Src/stm32f7xx_hal_tim.o
                0x0000000008002a10                HAL_TIM_PWM_ConfigChannel
 .text.HAL_TIM_ConfigClockSource
                0x0000000008002c40      0x174 Drivers/STM32F7xx_HAL_Driver/Src/stm32f7xx_hal_tim.o
                0x0000000008002c40                HAL_TIM_ConfigClockSource
 .text.TIM_Base_SetConfig
                0x0000000008002db4      0x140 Drivers/STM32F7xx_HAL_Driver/Src/stm32f7xx_hal_tim.o
                0x0000000008002db4                TIM_Base_SetConfig
 .text.TIM_OC1_SetConfig
                0x0000000008002ef4       0xe4 Drivers/STM32F7xx_HAL_Driver/Src/stm32f7xx_hal_tim.o
 .text.TIM_OC2_SetConfig
                0x0000000008002fd8       0xf0 Drivers/STM32F7xx_HAL_Driver/Src/stm32f7xx_hal_tim.o
                0x0000000008002fd8                TIM_OC2_SetConfig
 .text.TIM_OC3_SetConfig
                0x00000000080030c8       0xec Drivers/STM32F7xx_HAL_Driver/Src/stm32f7xx_hal_tim.o
 .text.TIM_OC4_SetConfig
                0x00000000080031b4       0xb0 Drivers/STM32F7xx_HAL_Driver/Src/stm32f7xx_hal_tim.o
 .text.TIM_OC5_SetConfig
                0x0000000008003264       0xa4 Drivers/STM32F7xx_HAL_Driver/Src/stm32f7xx_hal_tim.o
 .text.TIM_OC6_SetConfig
                0x0000000008003308       0xa8 Drivers/STM32F7xx_HAL_Driver/Src/stm32f7xx_hal_tim.o
 .text.TIM_TI1_ConfigInputStage
                0x00000000080033b0       0x5e Drivers/STM32F7xx_HAL_Driver/Src/stm32f7xx_hal_tim.o
 .text.TIM_TI2_ConfigInputStage
                0x000000000800340e       0x60 Drivers/STM32F7xx_HAL_Driver/Src/stm32f7xx_hal_tim.o
 .text.TIM_ITRx_SetConfig
                0x000000000800346e       0x36 Drivers/STM32F7xx_HAL_Driver/Src/stm32f7xx_hal_tim.o
 .text.TIM_ETR_SetConfig
                0x00000000080034a4       0x40 Drivers/STM32F7xx_HAL_Driver/Src/stm32f7xx_hal_tim.o
                0x00000000080034a4                TIM_ETR_SetConfig
 .text.HAL_TIMEx_MasterConfigSynchronization
                0x00000000080034e4       0xb8 Drivers/STM32F7xx_HAL_Driver/Src/stm32f7xx_hal_tim_ex.o
                0x00000000080034e4                HAL_TIMEx_MasterConfigSynchronization
 .text.HAL_TIMEx_ConfigBreakDeadTime
                0x000000000800359c       0xfc Drivers/STM32F7xx_HAL_Driver/Src/stm32f7xx_hal_tim_ex.o
                0x000000000800359c                HAL_TIMEx_ConfigBreakDeadTime
 .text.HAL_UART_Init
                0x0000000008003698       0x9c Drivers/STM32F7xx_HAL_Driver/Src/stm32f7xx_hal_uart.o
                0x0000000008003698                HAL_UART_Init
 .text.HAL_UART_Transmit
                0x0000000008003734      0x122 Drivers/STM32F7xx_HAL_Driver/Src/stm32f7xx_hal_uart.o
                0x0000000008003734                HAL_UART_Transmit
 *fill*         0x0000000008003856        0x2 
 .text.HAL_UART_Receive_IT
                0x0000000008003858      0x144 Drivers/STM32F7xx_HAL_Driver/Src/stm32f7xx_hal_uart.o
                0x0000000008003858                HAL_UART_Receive_IT
 .text.HAL_UART_IRQHandler
                0x000000000800399c      0x238 Drivers/STM32F7xx_HAL_Driver/Src/stm32f7xx_hal_uart.o
                0x000000000800399c                HAL_UART_IRQHandler
 .text.HAL_UART_TxCpltCallback
                0x0000000008003bd4       0x14 Drivers/STM32F7xx_HAL_Driver/Src/stm32f7xx_hal_uart.o
                0x0000000008003bd4                HAL_UART_TxCpltCallback
 .text.HAL_UART_RxCpltCallback
                0x0000000008003be8       0x14 Drivers/STM32F7xx_HAL_Driver/Src/stm32f7xx_hal_uart.o
                0x0000000008003be8                HAL_UART_RxCpltCallback
 .text.HAL_UART_ErrorCallback
                0x0000000008003bfc       0x14 Drivers/STM32F7xx_HAL_Driver/Src/stm32f7xx_hal_uart.o
                0x0000000008003bfc                HAL_UART_ErrorCallback
 .text.UART_SetConfig
                0x0000000008003c10      0x548 Drivers/STM32F7xx_HAL_Driver/Src/stm32f7xx_hal_uart.o
                0x0000000008003c10                UART_SetConfig
 .text.UART_AdvFeatureConfig
                0x0000000008004158      0x144 Drivers/STM32F7xx_HAL_Driver/Src/stm32f7xx_hal_uart.o
                0x0000000008004158                UART_AdvFeatureConfig
 .text.UART_CheckIdleState
                0x000000000800429c       0x5e Drivers/STM32F7xx_HAL_Driver/Src/stm32f7xx_hal_uart.o
                0x000000000800429c                UART_CheckIdleState
 .text.UART_WaitOnFlagUntilTimeout
                0x00000000080042fa       0x90 Drivers/STM32F7xx_HAL_Driver/Src/stm32f7xx_hal_uart.o
                0x00000000080042fa                UART_WaitOnFlagUntilTimeout
 .text.UART_EndRxTransfer
                0x000000000800438a       0x40 Drivers/STM32F7xx_HAL_Driver/Src/stm32f7xx_hal_uart.o
 .text.UART_DMAAbortOnError
                0x00000000080043ca       0x2c Drivers/STM32F7xx_HAL_Driver/Src/stm32f7xx_hal_uart.o
 .text.UART_EndTransmit_IT
                0x00000000080043f6       0x32 Drivers/STM32F7xx_HAL_Driver/Src/stm32f7xx_hal_uart.o
 .text.UART_RxISR_8BIT
                0x0000000008004428       0xa6 Drivers/STM32F7xx_HAL_Driver/Src/stm32f7xx_hal_uart.o
 .text.UART_RxISR_16BIT
                0x00000000080044ce       0xa6 Drivers/STM32F7xx_HAL_Driver/Src/stm32f7xx_hal_uart.o
 .text.USB_CoreInit
                0x0000000008004574       0xb0 Drivers/STM32F7xx_HAL_Driver/Src/stm32f7xx_ll_usb.o
                0x0000000008004574                USB_CoreInit
 .text.USB_DisableGlobalInt
                0x0000000008004624       0x22 Drivers/STM32F7xx_HAL_Driver/Src/stm32f7xx_ll_usb.o
                0x0000000008004624                USB_DisableGlobalInt
 .text.USB_SetCurrentMode
                0x0000000008004646       0x54 Drivers/STM32F7xx_HAL_Driver/Src/stm32f7xx_ll_usb.o
                0x0000000008004646                USB_SetCurrentMode
 *fill*         0x000000000800469a        0x2 
 .text.USB_DevInit
                0x000000000800469c      0x2f8 Drivers/STM32F7xx_HAL_Driver/Src/stm32f7xx_ll_usb.o
                0x000000000800469c                USB_DevInit
 .text.USB_FlushTxFifo
                0x0000000008004994       0x4c Drivers/STM32F7xx_HAL_Driver/Src/stm32f7xx_ll_usb.o
                0x0000000008004994                USB_FlushTxFifo
 .text.USB_FlushRxFifo
                0x00000000080049e0       0x44 Drivers/STM32F7xx_HAL_Driver/Src/stm32f7xx_ll_usb.o
                0x00000000080049e0                USB_FlushRxFifo
 .text.USB_SetDevSpeed
                0x0000000008004a24       0x32 Drivers/STM32F7xx_HAL_Driver/Src/stm32f7xx_ll_usb.o
                0x0000000008004a24                USB_SetDevSpeed
 .text.USB_DevDisconnect
                0x0000000008004a56       0x30 Drivers/STM32F7xx_HAL_Driver/Src/stm32f7xx_ll_usb.o
                0x0000000008004a56                USB_DevDisconnect
 *fill*         0x0000000008004a86        0x2 
 .text.USB_CoreReset
                0x0000000008004a88       0x68 Drivers/STM32F7xx_HAL_Driver/Src/stm32f7xx_ll_usb.o
 .text.MX_ETH_Init
                0x0000000008004af0       0x6c Src/eth.o
                0x0000000008004af0                MX_ETH_Init
 .text.HAL_ETH_MspInit
                0x0000000008004b5c      0x170 Src/eth.o
                0x0000000008004b5c                HAL_ETH_MspInit
 .text.MX_GPIO_Init
                0x0000000008004ccc      0x15c Src/gpio.o
                0x0000000008004ccc                MX_GPIO_Init
 .text.InitConsola
                0x0000000008004e28       0x40 Src/ioc.o
                0x0000000008004e28                InitConsola
 .text.ServicioEscribir
                0x0000000008004e68       0x30 Src/ioc.o
                0x0000000008004e68                ServicioEscribir
 .text.Escribir
                0x0000000008004e98       0x20 Src/ioc.o
                0x0000000008004e98                Escribir
 .text.USART3_IRQHandler
                0x0000000008004eb8       0x48 Src/ioc.o
                0x0000000008004eb8                USART3_IRQHandler
 .text.__NVIC_SetPriority
                0x0000000008004f00       0x54 Src/main.o
 .text.SysTick_Config
                0x0000000008004f54       0x44 Src/main.o
 .text.main     0x0000000008004f98       0xb4 Src/main.o
                0x0000000008004f98                main
 .text.SystemClock_Config
                0x000000000800504c      0x12c Src/main.o
                0x000000000800504c                SystemClock_Config
 .text.Error_Handler
                0x0000000008005178        0xe Src/main.o
                0x0000000008005178                Error_Handler
 *fill*         0x0000000008005186        0x2 
 .text.fork     0x0000000008005188       0x30 Src/pcb.o
                0x0000000008005188                fork
 .text.sem_init
                0x00000000080051b8       0x1c Src/pcb.o
                0x00000000080051b8                sem_init
 .text.SVC_Handler
                0x00000000080051d4      0x1ec Src/pcb.o
                0x00000000080051d4                SVC_Handler
 .text.SysTick_Handler
                0x00000000080053c0      0x22c Src/pcb.o
                0x00000000080053c0                SysTick_Handler
 .text.HAL_MspInit
                0x00000000080055ec       0x48 Src/stm32f7xx_hal_msp.o
                0x00000000080055ec                HAL_MspInit
 .text.NMI_Handler
                0x0000000008005634        0xe Src/stm32f7xx_it.o
                0x0000000008005634                NMI_Handler
 .text.HardFault_Handler
                0x0000000008005642        0x6 Src/stm32f7xx_it.o
                0x0000000008005642                HardFault_Handler
 .text.MemManage_Handler
                0x0000000008005648        0x6 Src/stm32f7xx_it.o
                0x0000000008005648                MemManage_Handler
 .text.BusFault_Handler
                0x000000000800564e        0x6 Src/stm32f7xx_it.o
                0x000000000800564e                BusFault_Handler
 .text.UsageFault_Handler
                0x0000000008005654        0x6 Src/stm32f7xx_it.o
                0x0000000008005654                UsageFault_Handler
 .text.DebugMon_Handler
                0x000000000800565a        0xe Src/stm32f7xx_it.o
                0x000000000800565a                DebugMon_Handler
 .text.PendSV_Handler
                0x0000000008005668        0xe Src/stm32f7xx_it.o
                0x0000000008005668                PendSV_Handler
 *fill*         0x0000000008005676        0x2 
 .text.SystemInit
                0x0000000008005678       0x6c Src/system_stm32f7xx.o
                0x0000000008005678                SystemInit
 .text.MX_TIM1_Init
                0x00000000080056e4      0x15c Src/tim.o
                0x00000000080056e4                MX_TIM1_Init
 .text.HAL_TIM_Base_MspInit
                0x0000000008005840       0x40 Src/tim.o
                0x0000000008005840                HAL_TIM_Base_MspInit
 .text.HAL_TIM_MspPostInit
                0x0000000008005880       0x70 Src/tim.o
                0x0000000008005880                HAL_TIM_MspPostInit
 .text.MX_USART3_UART_Init
                0x00000000080058f0       0x60 Src/usart.o
                0x00000000080058f0                MX_USART3_UART_Init
 .text.HAL_UART_MspInit
                0x0000000008005950       0x98 Src/usart.o
                0x0000000008005950                HAL_UART_MspInit
 .text.MX_USB_OTG_FS_PCD_Init
                0x00000000080059e8       0x5c Src/usb_otg.o
                0x00000000080059e8                MX_USB_OTG_FS_PCD_Init
 .text.HAL_PCD_MspInit
                0x0000000008005a44       0xb8 Src/usb_otg.o
                0x0000000008005a44                HAL_PCD_MspInit
 .text.Reset_Handler
                0x0000000008005afc       0x50 Startup/startup_stm32f767zitx.o
                0x0000000008005afc                Reset_Handler
 .text.Default_Handler
                0x0000000008005b4c        0x2 Startup/startup_stm32f767zitx.o
                0x0000000008005b4c                RTC_Alarm_IRQHandler
                0x0000000008005b4c                EXTI2_IRQHandler
                0x0000000008005b4c                TIM8_CC_IRQHandler
                0x0000000008005b4c                UART8_IRQHandler
                0x0000000008005b4c                SPI4_IRQHandler
                0x0000000008005b4c                TIM1_CC_IRQHandler
                0x0000000008005b4c                DMA2_Stream5_IRQHandler
                0x0000000008005b4c                JPEG_IRQHandler
                0x0000000008005b4c                DMA1_Stream5_IRQHandler
                0x0000000008005b4c                CAN3_RX1_IRQHandler
                0x0000000008005b4c                PVD_IRQHandler
                0x0000000008005b4c                TAMP_STAMP_IRQHandler
                0x0000000008005b4c                CAN2_RX1_IRQHandler
                0x0000000008005b4c                EXTI3_IRQHandler
                0x0000000008005b4c                TIM8_TRG_COM_TIM14_IRQHandler
                0x0000000008005b4c                DFSDM1_FLT1_IRQHandler
                0x0000000008005b4c                TIM1_UP_TIM10_IRQHandler
                0x0000000008005b4c                TIM8_UP_TIM13_IRQHandler
                0x0000000008005b4c                I2C3_ER_IRQHandler
                0x0000000008005b4c                DFSDM1_FLT2_IRQHandler
                0x0000000008005b4c                EXTI0_IRQHandler
                0x0000000008005b4c                I2C2_EV_IRQHandler
                0x0000000008005b4c                DMA1_Stream2_IRQHandler
                0x0000000008005b4c                CAN1_RX0_IRQHandler
                0x0000000008005b4c                FPU_IRQHandler
                0x0000000008005b4c                OTG_HS_WKUP_IRQHandler
                0x0000000008005b4c                CAN3_SCE_IRQHandler
                0x0000000008005b4c                LTDC_ER_IRQHandler
                0x0000000008005b4c                CAN2_SCE_IRQHandler
                0x0000000008005b4c                DMA2_Stream2_IRQHandler
                0x0000000008005b4c                SPI1_IRQHandler
                0x0000000008005b4c                TIM6_DAC_IRQHandler
                0x0000000008005b4c                TIM1_BRK_TIM9_IRQHandler
                0x0000000008005b4c                DCMI_IRQHandler
                0x0000000008005b4c                CAN2_RX0_IRQHandler
                0x0000000008005b4c                DMA2_Stream3_IRQHandler
                0x0000000008005b4c                SAI2_IRQHandler
                0x0000000008005b4c                DFSDM1_FLT3_IRQHandler
                0x0000000008005b4c                USART6_IRQHandler
                0x0000000008005b4c                CAN3_RX0_IRQHandler
                0x0000000008005b4c                CAN1_RX1_IRQHandler
                0x0000000008005b4c                UART5_IRQHandler
                0x0000000008005b4c                DMA2_Stream0_IRQHandler
                0x0000000008005b4c                TIM4_IRQHandler
                0x0000000008005b4c                QUADSPI_IRQHandler
                0x0000000008005b4c                I2C1_EV_IRQHandler
                0x0000000008005b4c                DMA1_Stream6_IRQHandler
                0x0000000008005b4c                DMA1_Stream1_IRQHandler
                0x0000000008005b4c                UART4_IRQHandler
                0x0000000008005b4c                TIM3_IRQHandler
                0x0000000008005b4c                RCC_IRQHandler
                0x0000000008005b4c                TIM8_BRK_TIM12_IRQHandler
                0x0000000008005b4c                Default_Handler
                0x0000000008005b4c                CEC_IRQHandler
                0x0000000008005b4c                EXTI15_10_IRQHandler
                0x0000000008005b4c                ADC_IRQHandler
                0x0000000008005b4c                DMA1_Stream7_IRQHandler
                0x0000000008005b4c                SPI5_IRQHandler
                0x0000000008005b4c                TIM7_IRQHandler
                0x0000000008005b4c                SDMMC1_IRQHandler
                0x0000000008005b4c                CAN2_TX_IRQHandler
                0x0000000008005b4c                TIM5_IRQHandler
                0x0000000008005b4c                DMA2_Stream7_IRQHandler
                0x0000000008005b4c                I2C3_EV_IRQHandler
                0x0000000008005b4c                EXTI9_5_IRQHandler
                0x0000000008005b4c                RTC_WKUP_IRQHandler
                0x0000000008005b4c                LTDC_IRQHandler
                0x0000000008005b4c                ETH_WKUP_IRQHandler
                0x0000000008005b4c                SPDIF_RX_IRQHandler
                0x0000000008005b4c                SPI2_IRQHandler
                0x0000000008005b4c                OTG_HS_EP1_IN_IRQHandler
                0x0000000008005b4c                DMA1_Stream0_IRQHandler
                0x0000000008005b4c                CAN1_TX_IRQHandler
                0x0000000008005b4c                EXTI4_IRQHandler
                0x0000000008005b4c                RNG_IRQHandler
                0x0000000008005b4c                ETH_IRQHandler
                0x0000000008005b4c                OTG_HS_EP1_OUT_IRQHandler
                0x0000000008005b4c                WWDG_IRQHandler
                0x0000000008005b4c                SPI6_IRQHandler
                0x0000000008005b4c                MDIOS_IRQHandler
                0x0000000008005b4c                I2C4_EV_IRQHandler
                0x0000000008005b4c                CAN3_TX_IRQHandler
                0x0000000008005b4c                TIM2_IRQHandler
                0x0000000008005b4c                OTG_FS_WKUP_IRQHandler
                0x0000000008005b4c                TIM1_TRG_COM_TIM11_IRQHandler
                0x0000000008005b4c                OTG_HS_IRQHandler
                0x0000000008005b4c                DMA2D_IRQHandler
                0x0000000008005b4c                EXTI1_IRQHandler
                0x0000000008005b4c                SDMMC2_IRQHandler
                0x0000000008005b4c                UART7_IRQHandler
                0x0000000008005b4c                USART2_IRQHandler
                0x0000000008005b4c                DFSDM1_FLT0_IRQHandler
                0x0000000008005b4c                I2C2_ER_IRQHandler
                0x0000000008005b4c                DMA2_Stream1_IRQHandler
                0x0000000008005b4c                CAN1_SCE_IRQHandler
                0x0000000008005b4c                FLASH_IRQHandler
                0x0000000008005b4c                DMA2_Stream4_IRQHandler
                0x0000000008005b4c                USART1_IRQHandler
                0x0000000008005b4c                OTG_FS_IRQHandler
                0x0000000008005b4c                SPI3_IRQHandler
                0x0000000008005b4c                DMA1_Stream4_IRQHandler
                0x0000000008005b4c                I2C1_ER_IRQHandler
                0x0000000008005b4c                FMC_IRQHandler
                0x0000000008005b4c                LPTIM1_IRQHandler
                0x0000000008005b4c                I2C4_ER_IRQHandler
                0x0000000008005b4c                DMA2_Stream6_IRQHandler
                0x0000000008005b4c                SAI1_IRQHandler
                0x0000000008005b4c                DMA1_Stream3_IRQHandler
 *fill*         0x0000000008005b4e        0x2 
 .text.__libc_init_array
                0x0000000008005b50       0x48 /opt/st/stm32cubeide_1.0.2/plugins/com.st.stm32cube.ide.mcu.externaltools.gnu-tools-for-stm32.7-2018-q2-update.linux64_1.0.0.201904181610/tools/bin/../lib/gcc/arm-none-eabi/7.3.1/../../../../arm-none-eabi/lib/thumb/v7e-m/fpv5/hard/libc_nano.a(lib_a-init.o)
                0x0000000008005b50                __libc_init_array
 .text.memset   0x0000000008005b98       0x10 /opt/st/stm32cubeide_1.0.2/plugins/com.st.stm32cube.ide.mcu.externaltools.gnu-tools-for-stm32.7-2018-q2-update.linux64_1.0.0.201904181610/tools/bin/../lib/gcc/arm-none-eabi/7.3.1/../../../../arm-none-eabi/lib/thumb/v7e-m/fpv5/hard/libc_nano.a(lib_a-memset.o)
                0x0000000008005b98                memset
 *(.glue_7)
 .glue_7        0x0000000008005ba8        0x0 linker stubs
 *(.glue_7t)
 .glue_7t       0x0000000008005ba8        0x0 linker stubs
 *(.eh_frame)
 .eh_frame      0x0000000008005ba8        0x0 /opt/st/stm32cubeide_1.0.2/plugins/com.st.stm32cube.ide.mcu.externaltools.gnu-tools-for-stm32.7-2018-q2-update.linux64_1.0.0.201904181610/tools/bin/../lib/gcc/arm-none-eabi/7.3.1/thumb/v7e-m/fpv5/hard/crtbegin.o
 *(.init)
 .init          0x0000000008005ba8        0x4 /opt/st/stm32cubeide_1.0.2/plugins/com.st.stm32cube.ide.mcu.externaltools.gnu-tools-for-stm32.7-2018-q2-update.linux64_1.0.0.201904181610/tools/bin/../lib/gcc/arm-none-eabi/7.3.1/thumb/v7e-m/fpv5/hard/crti.o
                0x0000000008005ba8                _init
 .init          0x0000000008005bac        0x8 /opt/st/stm32cubeide_1.0.2/plugins/com.st.stm32cube.ide.mcu.externaltools.gnu-tools-for-stm32.7-2018-q2-update.linux64_1.0.0.201904181610/tools/bin/../lib/gcc/arm-none-eabi/7.3.1/thumb/v7e-m/fpv5/hard/crtn.o
 *(.fini)
 .fini          0x0000000008005bb4        0x4 /opt/st/stm32cubeide_1.0.2/plugins/com.st.stm32cube.ide.mcu.externaltools.gnu-tools-for-stm32.7-2018-q2-update.linux64_1.0.0.201904181610/tools/bin/../lib/gcc/arm-none-eabi/7.3.1/thumb/v7e-m/fpv5/hard/crti.o
                0x0000000008005bb4                _fini
 .fini          0x0000000008005bb8        0x8 /opt/st/stm32cubeide_1.0.2/plugins/com.st.stm32cube.ide.mcu.externaltools.gnu-tools-for-stm32.7-2018-q2-update.linux64_1.0.0.201904181610/tools/bin/../lib/gcc/arm-none-eabi/7.3.1/thumb/v7e-m/fpv5/hard/crtn.o
                0x0000000008005bc0                . = ALIGN (0x4)
                0x0000000008005bc0                _etext = .

.vfp11_veneer   0x0000000008005bc0        0x0
 .vfp11_veneer  0x0000000008005bc0        0x0 linker stubs

.v4_bx          0x0000000008005bc0        0x0
 .v4_bx         0x0000000008005bc0        0x0 linker stubs

.iplt           0x0000000008005bc0        0x0
 .iplt          0x0000000008005bc0        0x0 /opt/st/stm32cubeide_1.0.2/plugins/com.st.stm32cube.ide.mcu.externaltools.gnu-tools-for-stm32.7-2018-q2-update.linux64_1.0.0.201904181610/tools/bin/../lib/gcc/arm-none-eabi/7.3.1/thumb/v7e-m/fpv5/hard/crtbegin.o

.rodata         0x0000000008005bc0       0x30
                0x0000000008005bc0                . = ALIGN (0x4)
 *(.rodata)
 .rodata        0x0000000008005bc0       0x18 Src/main.o
 *(.rodata*)
 .rodata.AHBPrescTable
                0x0000000008005bd8       0x10 Src/system_stm32f7xx.o
                0x0000000008005bd8                AHBPrescTable
 .rodata.APBPrescTable
                0x0000000008005be8        0x8 Src/system_stm32f7xx.o
                0x0000000008005be8                APBPrescTable
                0x0000000008005bf0                . = ALIGN (0x4)

.ARM.extab      0x0000000008005bf0        0x0
                0x0000000008005bf0                . = ALIGN (0x4)
 *(.ARM.extab* .gnu.linkonce.armextab.*)
                0x0000000008005bf0                . = ALIGN (0x4)

.ARM            0x0000000008005bf0        0x8
                0x0000000008005bf0                . = ALIGN (0x4)
                0x0000000008005bf0                __exidx_start = .
 *(.ARM.exidx*)
 .ARM.exidx     0x0000000008005bf0        0x8 /opt/st/stm32cubeide_1.0.2/plugins/com.st.stm32cube.ide.mcu.externaltools.gnu-tools-for-stm32.7-2018-q2-update.linux64_1.0.0.201904181610/tools/bin/../lib/gcc/arm-none-eabi/7.3.1/thumb/v7e-m/fpv5/hard/libgcc.a(_udivmoddi4.o)
                0x0000000008005bf8                __exidx_end = .
                0x0000000008005bf8                . = ALIGN (0x4)

.rel.dyn        0x0000000008005bf8        0x0
 .rel.iplt      0x0000000008005bf8        0x0 /opt/st/stm32cubeide_1.0.2/plugins/com.st.stm32cube.ide.mcu.externaltools.gnu-tools-for-stm32.7-2018-q2-update.linux64_1.0.0.201904181610/tools/bin/../lib/gcc/arm-none-eabi/7.3.1/thumb/v7e-m/fpv5/hard/crtbegin.o

.preinit_array  0x0000000008005bf8        0x0
                0x0000000008005bf8                . = ALIGN (0x4)
                0x0000000008005bf8                PROVIDE (__preinit_array_start = .)
 *(.preinit_array*)
                0x0000000008005bf8                PROVIDE (__preinit_array_end = .)
                0x0000000008005bf8                . = ALIGN (0x4)

.init_array     0x0000000008005bf8        0x4
                0x0000000008005bf8                . = ALIGN (0x4)
                0x0000000008005bf8                PROVIDE (__init_array_start = .)
 *(SORT_BY_NAME(.init_array.*))
 *(.init_array*)
 .init_array    0x0000000008005bf8        0x4 /opt/st/stm32cubeide_1.0.2/plugins/com.st.stm32cube.ide.mcu.externaltools.gnu-tools-for-stm32.7-2018-q2-update.linux64_1.0.0.201904181610/tools/bin/../lib/gcc/arm-none-eabi/7.3.1/thumb/v7e-m/fpv5/hard/crtbegin.o
                0x0000000008005bfc                PROVIDE (__init_array_end = .)
                0x0000000008005bfc                . = ALIGN (0x4)

.fini_array     0x0000000008005bfc        0x4
                0x0000000008005bfc                . = ALIGN (0x4)
                [!provide]                        PROVIDE (__fini_array_start = .)
 *(SORT_BY_NAME(.fini_array.*))
 *(.fini_array*)
 .fini_array    0x0000000008005bfc        0x4 /opt/st/stm32cubeide_1.0.2/plugins/com.st.stm32cube.ide.mcu.externaltools.gnu-tools-for-stm32.7-2018-q2-update.linux64_1.0.0.201904181610/tools/bin/../lib/gcc/arm-none-eabi/7.3.1/thumb/v7e-m/fpv5/hard/crtbegin.o
                [!provide]                        PROVIDE (__fini_array_end = .)
                0x0000000008005c00                . = ALIGN (0x4)
                0x0000000008005c00                _sidata = LOADADDR (.data)

.data           0x0000000020000000        0xc load address 0x0000000008005c00
                0x0000000020000000                . = ALIGN (0x4)
                0x0000000020000000                _sdata = .
 *(.data)
 *(.data*)
 .data.uwTickPrio
                0x0000000020000000        0x4 Drivers/STM32F7xx_HAL_Driver/Src/stm32f7xx_hal.o
                0x0000000020000000                uwTickPrio
 .data.uwTickFreq
                0x0000000020000004        0x1 Drivers/STM32F7xx_HAL_Driver/Src/stm32f7xx_hal.o
                0x0000000020000004                uwTickFreq
 *fill*         0x0000000020000005        0x3 
 .data.SystemCoreClock
                0x0000000020000008        0x4 Src/system_stm32f7xx.o
                0x0000000020000008                SystemCoreClock
                0x000000002000000c                . = ALIGN (0x4)
                0x000000002000000c                _edata = .

.igot.plt       0x000000002000000c        0x0 load address 0x0000000008005c0c
 .igot.plt      0x000000002000000c        0x0 /opt/st/stm32cubeide_1.0.2/plugins/com.st.stm32cube.ide.mcu.externaltools.gnu-tools-for-stm32.7-2018-q2-update.linux64_1.0.0.201904181610/tools/bin/../lib/gcc/arm-none-eabi/7.3.1/thumb/v7e-m/fpv5/hard/crtbegin.o
                0x000000002000000c                . = ALIGN (0x4)

.bss            0x000000002000000c      0x9f0 load address 0x0000000008005c0c
                0x000000002000000c                _sbss = .
                0x000000002000000c                __bss_start__ = _sbss
 *(.bss)
 .bss           0x000000002000000c       0x1c /opt/st/stm32cubeide_1.0.2/plugins/com.st.stm32cube.ide.mcu.externaltools.gnu-tools-for-stm32.7-2018-q2-update.linux64_1.0.0.201904181610/tools/bin/../lib/gcc/arm-none-eabi/7.3.1/thumb/v7e-m/fpv5/hard/crtbegin.o
 *(.bss*)
 .bss.current_proccess
                0x0000000020000028        0x4 Src/pcb.o
                0x0000000020000028                current_proccess
 .bss.users_proccess
                0x000000002000002c        0x4 Src/pcb.o
                0x000000002000002c                users_proccess
 .bss.counter   0x0000000020000030        0x4 Src/pcb.o
                0x0000000020000030                counter
 *(COMMON)
 COMMON         0x0000000020000034        0x4 Drivers/STM32F7xx_HAL_Driver/Src/stm32f7xx_hal.o
                0x0000000020000034                uwTick
 COMMON         0x0000000020000038       0x48 Src/eth.o
                0x0000000020000038                heth
 COMMON         0x0000000020000080      0x410 Src/ioc.o
                0x0000000020000080                consola
 COMMON         0x0000000020000490       0x18 Src/main.o
                0x0000000020000490                mutex
                0x0000000020000494                buffer
                0x00000000200004a4                stack_pointer
 COMMON         0x00000000200004a8       0x90 Src/pcb.o
                0x00000000200004a8                aux
                0x00000000200004ac                proccess
                0x0000000020000534                Parametros
 COMMON         0x0000000020000538       0x40 Src/tim.o
                0x0000000020000538                htim1
 COMMON         0x0000000020000578       0x80 Src/usart.o
                0x0000000020000578                huart3
 COMMON         0x00000000200005f8      0x404 Src/usb_otg.o
                0x00000000200005f8                hpcd_USB_OTG_FS
                0x00000000200009fc                . = ALIGN (0x4)
                0x00000000200009fc                _ebss = .
                0x00000000200009fc                __bss_end__ = _ebss

._user_heap_stack
                0x00000000200009fc      0x604 load address 0x0000000008005c0c
                0x0000000020000a00                . = ALIGN (0x8)
 *fill*         0x00000000200009fc        0x4 
                0x0000000020000a00                PROVIDE (end = .)
                [!provide]                        PROVIDE (_end = .)
                0x0000000020000c00                . = (. + _Min_Heap_Size)
 *fill*         0x0000000020000a00      0x200 
                0x0000000020001000                . = (. + _Min_Stack_Size)
 *fill*         0x0000000020000c00      0x400 
                0x0000000020001000                . = ALIGN (0x8)

/DISCARD/
 libc.a(*)
 libm.a(*)
 libgcc.a(*)

.ARM.attributes
                0x0000000000000000       0x2e
 *(.ARM.attributes)
 .ARM.attributes
                0x0000000000000000       0x20 /opt/st/stm32cubeide_1.0.2/plugins/com.st.stm32cube.ide.mcu.externaltools.gnu-tools-for-stm32.7-2018-q2-update.linux64_1.0.0.201904181610/tools/bin/../lib/gcc/arm-none-eabi/7.3.1/thumb/v7e-m/fpv5/hard/crti.o
 .ARM.attributes
                0x0000000000000020       0x32 /opt/st/stm32cubeide_1.0.2/plugins/com.st.stm32cube.ide.mcu.externaltools.gnu-tools-for-stm32.7-2018-q2-update.linux64_1.0.0.201904181610/tools/bin/../lib/gcc/arm-none-eabi/7.3.1/thumb/v7e-m/fpv5/hard/crtbegin.o
 .ARM.attributes
                0x0000000000000052       0x37 Drivers/STM32F7xx_HAL_Driver/Src/stm32f7xx_hal.o
 .ARM.attributes
                0x0000000000000089       0x37 Drivers/STM32F7xx_HAL_Driver/Src/stm32f7xx_hal_cortex.o
 .ARM.attributes
                0x00000000000000c0       0x37 Drivers/STM32F7xx_HAL_Driver/Src/stm32f7xx_hal_dma.o
 .ARM.attributes
                0x00000000000000f7       0x37 Drivers/STM32F7xx_HAL_Driver/Src/stm32f7xx_hal_eth.o
 .ARM.attributes
                0x000000000000012e       0x37 Drivers/STM32F7xx_HAL_Driver/Src/stm32f7xx_hal_gpio.o
 .ARM.attributes
                0x0000000000000165       0x37 Drivers/STM32F7xx_HAL_Driver/Src/stm32f7xx_hal_pcd.o
 .ARM.attributes
                0x000000000000019c       0x37 Drivers/STM32F7xx_HAL_Driver/Src/stm32f7xx_hal_pcd_ex.o
 .ARM.attributes
                0x00000000000001d3       0x37 Drivers/STM32F7xx_HAL_Driver/Src/stm32f7xx_hal_pwr.o
 .ARM.attributes
                0x000000000000020a       0x37 Drivers/STM32F7xx_HAL_Driver/Src/stm32f7xx_hal_pwr_ex.o
 .ARM.attributes
                0x0000000000000241       0x37 Drivers/STM32F7xx_HAL_Driver/Src/stm32f7xx_hal_rcc.o
 .ARM.attributes
                0x0000000000000278       0x37 Drivers/STM32F7xx_HAL_Driver/Src/stm32f7xx_hal_rcc_ex.o
 .ARM.attributes
                0x00000000000002af       0x37 Drivers/STM32F7xx_HAL_Driver/Src/stm32f7xx_hal_tim.o
 .ARM.attributes
                0x00000000000002e6       0x37 Drivers/STM32F7xx_HAL_Driver/Src/stm32f7xx_hal_tim_ex.o
 .ARM.attributes
                0x000000000000031d       0x37 Drivers/STM32F7xx_HAL_Driver/Src/stm32f7xx_hal_uart.o
 .ARM.attributes
                0x0000000000000354       0x37 Drivers/STM32F7xx_HAL_Driver/Src/stm32f7xx_ll_usb.o
 .ARM.attributes
                0x000000000000038b       0x37 Src/eth.o
 .ARM.attributes
                0x00000000000003c2       0x37 Src/gpio.o
 .ARM.attributes
                0x00000000000003f9       0x37 Src/ioc.o
 .ARM.attributes
                0x0000000000000430       0x37 Src/main.o
 .ARM.attributes
                0x0000000000000467       0x37 Src/pcb.o
 .ARM.attributes
                0x000000000000049e       0x37 Src/stm32f7xx_hal_msp.o
 .ARM.attributes
                0x00000000000004d5       0x37 Src/stm32f7xx_it.o
 .ARM.attributes
                0x000000000000050c       0x37 Src/system_stm32f7xx.o
 .ARM.attributes
                0x0000000000000543       0x37 Src/tim.o
 .ARM.attributes
                0x000000000000057a       0x37 Src/usart.o
 .ARM.attributes
                0x00000000000005b1       0x37 Src/usb_otg.o
 .ARM.attributes
                0x00000000000005e8       0x21 Startup/startup_stm32f767zitx.o
 .ARM.attributes
                0x0000000000000609       0x32 /opt/st/stm32cubeide_1.0.2/plugins/com.st.stm32cube.ide.mcu.externaltools.gnu-tools-for-stm32.7-2018-q2-update.linux64_1.0.0.201904181610/tools/bin/../lib/gcc/arm-none-eabi/7.3.1/../../../../arm-none-eabi/lib/thumb/v7e-m/fpv5/hard/libc_nano.a(lib_a-init.o)
 .ARM.attributes
                0x000000000000063b       0x32 /opt/st/stm32cubeide_1.0.2/plugins/com.st.stm32cube.ide.mcu.externaltools.gnu-tools-for-stm32.7-2018-q2-update.linux64_1.0.0.201904181610/tools/bin/../lib/gcc/arm-none-eabi/7.3.1/../../../../arm-none-eabi/lib/thumb/v7e-m/fpv5/hard/libc_nano.a(lib_a-memset.o)
 .ARM.attributes
                0x000000000000066d       0x20 /opt/st/stm32cubeide_1.0.2/plugins/com.st.stm32cube.ide.mcu.externaltools.gnu-tools-for-stm32.7-2018-q2-update.linux64_1.0.0.201904181610/tools/bin/../lib/gcc/arm-none-eabi/7.3.1/thumb/v7e-m/fpv5/hard/libgcc.a(_aeabi_uldivmod.o)
 .ARM.attributes
                0x000000000000068d       0x32 /opt/st/stm32cubeide_1.0.2/plugins/com.st.stm32cube.ide.mcu.externaltools.gnu-tools-for-stm32.7-2018-q2-update.linux64_1.0.0.201904181610/tools/bin/../lib/gcc/arm-none-eabi/7.3.1/thumb/v7e-m/fpv5/hard/libgcc.a(_udivmoddi4.o)
 .ARM.attributes
                0x00000000000006bf       0x20 /opt/st/stm32cubeide_1.0.2/plugins/com.st.stm32cube.ide.mcu.externaltools.gnu-tools-for-stm32.7-2018-q2-update.linux64_1.0.0.201904181610/tools/bin/../lib/gcc/arm-none-eabi/7.3.1/thumb/v7e-m/fpv5/hard/libgcc.a(_dvmd_tls.o)
 .ARM.attributes
                0x00000000000006df       0x20 /opt/st/stm32cubeide_1.0.2/plugins/com.st.stm32cube.ide.mcu.externaltools.gnu-tools-for-stm32.7-2018-q2-update.linux64_1.0.0.201904181610/tools/bin/../lib/gcc/arm-none-eabi/7.3.1/thumb/v7e-m/fpv5/hard/crtn.o
OUTPUT(KernelItt328.elf elf32-littlearm)

.debug_info     0x0000000000000000    0x1605d
 .debug_info    0x0000000000000000      0xa37 Drivers/STM32F7xx_HAL_Driver/Src/stm32f7xx_hal.o
 .debug_info    0x0000000000000a37     0x108c Drivers/STM32F7xx_HAL_Driver/Src/stm32f7xx_hal_cortex.o
 .debug_info    0x0000000000001ac3      0x968 Drivers/STM32F7xx_HAL_Driver/Src/stm32f7xx_hal_dma.o
 .debug_info    0x000000000000242b     0x14a9 Drivers/STM32F7xx_HAL_Driver/Src/stm32f7xx_hal_eth.o
 .debug_info    0x00000000000038d4      0x7e9 Drivers/STM32F7xx_HAL_Driver/Src/stm32f7xx_hal_gpio.o
 .debug_info    0x00000000000040bd     0x1139 Drivers/STM32F7xx_HAL_Driver/Src/stm32f7xx_hal_pcd.o
 .debug_info    0x00000000000051f6      0x810 Drivers/STM32F7xx_HAL_Driver/Src/stm32f7xx_hal_pcd_ex.o
 .debug_info    0x0000000000005a06      0x9b4 Drivers/STM32F7xx_HAL_Driver/Src/stm32f7xx_hal_pwr.o
 .debug_info    0x00000000000063ba      0x96b Drivers/STM32F7xx_HAL_Driver/Src/stm32f7xx_hal_pwr_ex.o
 .debug_info    0x0000000000006d25      0x987 Drivers/STM32F7xx_HAL_Driver/Src/stm32f7xx_hal_rcc.o
 .debug_info    0x00000000000076ac      0x7d1 Drivers/STM32F7xx_HAL_Driver/Src/stm32f7xx_hal_rcc_ex.o
 .debug_info    0x0000000000007e7d     0x25ba Drivers/STM32F7xx_HAL_Driver/Src/stm32f7xx_hal_tim.o
 .debug_info    0x000000000000a437     0x1307 Drivers/STM32F7xx_HAL_Driver/Src/stm32f7xx_hal_tim_ex.o
 .debug_info    0x000000000000b73e     0x1639 Drivers/STM32F7xx_HAL_Driver/Src/stm32f7xx_hal_uart.o
 .debug_info    0x000000000000cd77     0x1910 Drivers/STM32F7xx_HAL_Driver/Src/stm32f7xx_ll_usb.o
 .debug_info    0x000000000000e687      0xc52 Src/eth.o
 .debug_info    0x000000000000f2d9      0x543 Src/gpio.o
 .debug_info    0x000000000000f81c      0xc4a Src/ioc.o
 .debug_info    0x0000000000010466     0x232f Src/main.o
 .debug_info    0x0000000000012795      0x3b8 Src/pcb.o
 .debug_info    0x0000000000012b4d      0x389 Src/stm32f7xx_hal_msp.o
 .debug_info    0x0000000000012ed6      0x729 Src/stm32f7xx_it.o
 .debug_info    0x00000000000135ff      0x73d Src/system_stm32f7xx.o
 .debug_info    0x0000000000013d3c      0xc1d Src/tim.o
 .debug_info    0x0000000000014959      0xd0e Src/usart.o
 .debug_info    0x0000000000015667      0x9d4 Src/usb_otg.o
 .debug_info    0x000000000001603b       0x22 Startup/startup_stm32f767zitx.o

.debug_abbrev   0x0000000000000000     0x30c4
 .debug_abbrev  0x0000000000000000      0x1c7 Drivers/STM32F7xx_HAL_Driver/Src/stm32f7xx_hal.o
 .debug_abbrev  0x00000000000001c7      0x2fa Drivers/STM32F7xx_HAL_Driver/Src/stm32f7xx_hal_cortex.o
 .debug_abbrev  0x00000000000004c1      0x229 Drivers/STM32F7xx_HAL_Driver/Src/stm32f7xx_hal_dma.o
 .debug_abbrev  0x00000000000006ea      0x23e Drivers/STM32F7xx_HAL_Driver/Src/stm32f7xx_hal_eth.o
 .debug_abbrev  0x0000000000000928      0x1c9 Drivers/STM32F7xx_HAL_Driver/Src/stm32f7xx_hal_gpio.o
 .debug_abbrev  0x0000000000000af1      0x257 Drivers/STM32F7xx_HAL_Driver/Src/stm32f7xx_hal_pcd.o
 .debug_abbrev  0x0000000000000d48      0x1c0 Drivers/STM32F7xx_HAL_Driver/Src/stm32f7xx_hal_pcd_ex.o
 .debug_abbrev  0x0000000000000f08      0x1b6 Drivers/STM32F7xx_HAL_Driver/Src/stm32f7xx_hal_pwr.o
 .debug_abbrev  0x00000000000010be      0x1b8 Drivers/STM32F7xx_HAL_Driver/Src/stm32f7xx_hal_pwr_ex.o
 .debug_abbrev  0x0000000000001276      0x268 Drivers/STM32F7xx_HAL_Driver/Src/stm32f7xx_hal_rcc.o
 .debug_abbrev  0x00000000000014de      0x1ad Drivers/STM32F7xx_HAL_Driver/Src/stm32f7xx_hal_rcc_ex.o
 .debug_abbrev  0x000000000000168b      0x230 Drivers/STM32F7xx_HAL_Driver/Src/stm32f7xx_hal_tim.o
 .debug_abbrev  0x00000000000018bb      0x21e Drivers/STM32F7xx_HAL_Driver/Src/stm32f7xx_hal_tim_ex.o
 .debug_abbrev  0x0000000000001ad9      0x205 Drivers/STM32F7xx_HAL_Driver/Src/stm32f7xx_hal_uart.o
 .debug_abbrev  0x0000000000001cde      0x23f Drivers/STM32F7xx_HAL_Driver/Src/stm32f7xx_ll_usb.o
 .debug_abbrev  0x0000000000001f1d      0x198 Src/eth.o
 .debug_abbrev  0x00000000000020b5      0x134 Src/gpio.o
 .debug_abbrev  0x00000000000021e9      0x264 Src/ioc.o
 .debug_abbrev  0x000000000000244d      0x253 Src/main.o
 .debug_abbrev  0x00000000000026a0      0x184 Src/pcb.o
 .debug_abbrev  0x0000000000002824      0x109 Src/stm32f7xx_hal_msp.o
 .debug_abbrev  0x000000000000292d      0x131 Src/stm32f7xx_it.o
 .debug_abbrev  0x0000000000002a5e      0x147 Src/system_stm32f7xx.o
 .debug_abbrev  0x0000000000002ba5      0x1b9 Src/tim.o
 .debug_abbrev  0x0000000000002d5e      0x1a2 Src/usart.o
 .debug_abbrev  0x0000000000002f00      0x1b2 Src/usb_otg.o
 .debug_abbrev  0x00000000000030b2       0x12 Startup/startup_stm32f767zitx.o

.debug_aranges  0x0000000000000000     0x12f8
 .debug_aranges
                0x0000000000000000      0x110 Drivers/STM32F7xx_HAL_Driver/Src/stm32f7xx_hal.o
 .debug_aranges
                0x0000000000000110      0x118 Drivers/STM32F7xx_HAL_Driver/Src/stm32f7xx_hal_cortex.o
 .debug_aranges
                0x0000000000000228       0x90 Drivers/STM32F7xx_HAL_Driver/Src/stm32f7xx_hal_dma.o
 .debug_aranges
                0x00000000000002b8      0x110 Drivers/STM32F7xx_HAL_Driver/Src/stm32f7xx_hal_eth.o
 .debug_aranges
                0x00000000000003c8       0x58 Drivers/STM32F7xx_HAL_Driver/Src/stm32f7xx_hal_gpio.o
 .debug_aranges
                0x0000000000000420      0x130 Drivers/STM32F7xx_HAL_Driver/Src/stm32f7xx_hal_pcd.o
 .debug_aranges
                0x0000000000000550       0x48 Drivers/STM32F7xx_HAL_Driver/Src/stm32f7xx_hal_pcd_ex.o
 .debug_aranges
                0x0000000000000598       0xa0 Drivers/STM32F7xx_HAL_Driver/Src/stm32f7xx_hal_pwr.o
 .debug_aranges
                0x0000000000000638       0x80 Drivers/STM32F7xx_HAL_Driver/Src/stm32f7xx_hal_pwr_ex.o
 .debug_aranges
                0x00000000000006b8       0x88 Drivers/STM32F7xx_HAL_Driver/Src/stm32f7xx_hal_rcc.o
 .debug_aranges
                0x0000000000000740       0x50 Drivers/STM32F7xx_HAL_Driver/Src/stm32f7xx_hal_rcc_ex.o
 .debug_aranges
                0x0000000000000790      0x3b8 Drivers/STM32F7xx_HAL_Driver/Src/stm32f7xx_hal_tim.o
 .debug_aranges
                0x0000000000000b48      0x168 Drivers/STM32F7xx_HAL_Driver/Src/stm32f7xx_hal_tim_ex.o
 .debug_aranges
                0x0000000000000cb0      0x1f8 Drivers/STM32F7xx_HAL_Driver/Src/stm32f7xx_hal_uart.o
 .debug_aranges
                0x0000000000000ea8      0x198 Drivers/STM32F7xx_HAL_Driver/Src/stm32f7xx_ll_usb.o
 .debug_aranges
                0x0000000000001040       0x30 Src/eth.o
 .debug_aranges
                0x0000000000001070       0x20 Src/gpio.o
 .debug_aranges
                0x0000000000001090       0x88 Src/ioc.o
 .debug_aranges
                0x0000000000001118       0x40 Src/main.o
 .debug_aranges
                0x0000000000001158       0x48 Src/pcb.o
 .debug_aranges
                0x00000000000011a0       0x20 Src/stm32f7xx_hal_msp.o
 .debug_aranges
                0x00000000000011c0       0x50 Src/stm32f7xx_it.o
 .debug_aranges
                0x0000000000001210       0x28 Src/system_stm32f7xx.o
 .debug_aranges
                0x0000000000001238       0x38 Src/tim.o
 .debug_aranges
                0x0000000000001270       0x30 Src/usart.o
 .debug_aranges
                0x00000000000012a0       0x30 Src/usb_otg.o
 .debug_aranges
                0x00000000000012d0       0x28 Startup/startup_stm32f767zitx.o

.debug_ranges   0x0000000000000000     0x1150
 .debug_ranges  0x0000000000000000      0x100 Drivers/STM32F7xx_HAL_Driver/Src/stm32f7xx_hal.o
 .debug_ranges  0x0000000000000100      0x108 Drivers/STM32F7xx_HAL_Driver/Src/stm32f7xx_hal_cortex.o
 .debug_ranges  0x0000000000000208       0x80 Drivers/STM32F7xx_HAL_Driver/Src/stm32f7xx_hal_dma.o
 .debug_ranges  0x0000000000000288      0x100 Drivers/STM32F7xx_HAL_Driver/Src/stm32f7xx_hal_eth.o
 .debug_ranges  0x0000000000000388       0x48 Drivers/STM32F7xx_HAL_Driver/Src/stm32f7xx_hal_gpio.o
 .debug_ranges  0x00000000000003d0      0x120 Drivers/STM32F7xx_HAL_Driver/Src/stm32f7xx_hal_pcd.o
 .debug_ranges  0x00000000000004f0       0x38 Drivers/STM32F7xx_HAL_Driver/Src/stm32f7xx_hal_pcd_ex.o
 .debug_ranges  0x0000000000000528       0x90 Drivers/STM32F7xx_HAL_Driver/Src/stm32f7xx_hal_pwr.o
 .debug_ranges  0x00000000000005b8       0x70 Drivers/STM32F7xx_HAL_Driver/Src/stm32f7xx_hal_pwr_ex.o
 .debug_ranges  0x0000000000000628       0x78 Drivers/STM32F7xx_HAL_Driver/Src/stm32f7xx_hal_rcc.o
 .debug_ranges  0x00000000000006a0       0x40 Drivers/STM32F7xx_HAL_Driver/Src/stm32f7xx_hal_rcc_ex.o
 .debug_ranges  0x00000000000006e0      0x3a8 Drivers/STM32F7xx_HAL_Driver/Src/stm32f7xx_hal_tim.o
 .debug_ranges  0x0000000000000a88      0x158 Drivers/STM32F7xx_HAL_Driver/Src/stm32f7xx_hal_tim_ex.o
 .debug_ranges  0x0000000000000be0      0x1e8 Drivers/STM32F7xx_HAL_Driver/Src/stm32f7xx_hal_uart.o
 .debug_ranges  0x0000000000000dc8      0x188 Drivers/STM32F7xx_HAL_Driver/Src/stm32f7xx_ll_usb.o
 .debug_ranges  0x0000000000000f50       0x20 Src/eth.o
 .debug_ranges  0x0000000000000f70       0x10 Src/gpio.o
 .debug_ranges  0x0000000000000f80       0x78 Src/ioc.o
 .debug_ranges  0x0000000000000ff8       0x30 Src/main.o
 .debug_ranges  0x0000000000001028       0x38 Src/pcb.o
 .debug_ranges  0x0000000000001060       0x10 Src/stm32f7xx_hal_msp.o
 .debug_ranges  0x0000000000001070       0x40 Src/stm32f7xx_it.o
 .debug_ranges  0x00000000000010b0       0x18 Src/system_stm32f7xx.o
 .debug_ranges  0x00000000000010c8       0x28 Src/tim.o
 .debug_ranges  0x00000000000010f0       0x20 Src/usart.o
 .debug_ranges  0x0000000000001110       0x20 Src/usb_otg.o
 .debug_ranges  0x0000000000001130       0x20 Startup/startup_stm32f767zitx.o

.debug_macro    0x0000000000000000    0x28f05
 .debug_macro   0x0000000000000000      0x235 Drivers/STM32F7xx_HAL_Driver/Src/stm32f7xx_hal.o
 .debug_macro   0x0000000000000235      0xa66 Drivers/STM32F7xx_HAL_Driver/Src/stm32f7xx_hal.o
 .debug_macro   0x0000000000000c9b      0x1a3 Drivers/STM32F7xx_HAL_Driver/Src/stm32f7xx_hal.o
 .debug_macro   0x0000000000000e3e       0x2e Drivers/STM32F7xx_HAL_Driver/Src/stm32f7xx_hal.o
 .debug_macro   0x0000000000000e6c       0x3b Drivers/STM32F7xx_HAL_Driver/Src/stm32f7xx_hal.o
 .debug_macro   0x0000000000000ea7       0x22 Drivers/STM32F7xx_HAL_Driver/Src/stm32f7xx_hal.o
 .debug_macro   0x0000000000000ec9       0x8e Drivers/STM32F7xx_HAL_Driver/Src/stm32f7xx_hal.o
 .debug_macro   0x0000000000000f57       0x51 Drivers/STM32F7xx_HAL_Driver/Src/stm32f7xx_hal.o
 .debug_macro   0x0000000000000fa8       0xef Drivers/STM32F7xx_HAL_Driver/Src/stm32f7xx_hal.o
 .debug_macro   0x0000000000001097       0x6a Drivers/STM32F7xx_HAL_Driver/Src/stm32f7xx_hal.o
 .debug_macro   0x0000000000001101      0x1df Drivers/STM32F7xx_HAL_Driver/Src/stm32f7xx_hal.o
 .debug_macro   0x00000000000012e0       0x1c Drivers/STM32F7xx_HAL_Driver/Src/stm32f7xx_hal.o
 .debug_macro   0x00000000000012fc       0x22 Drivers/STM32F7xx_HAL_Driver/Src/stm32f7xx_hal.o
 .debug_macro   0x000000000000131e       0xdf Drivers/STM32F7xx_HAL_Driver/Src/stm32f7xx_hal.o
 .debug_macro   0x00000000000013fd     0x12cd Drivers/STM32F7xx_HAL_Driver/Src/stm32f7xx_hal.o
 .debug_macro   0x00000000000026ca      0x11f Drivers/STM32F7xx_HAL_Driver/Src/stm32f7xx_hal.o
 .debug_macro   0x00000000000027e9       0x19 Drivers/STM32F7xx_HAL_Driver/Src/stm32f7xx_hal.o
 .debug_macro   0x0000000000002802    0x1a029 Drivers/STM32F7xx_HAL_Driver/Src/stm32f7xx_hal.o
 .debug_macro   0x000000000001c82b       0x43 Drivers/STM32F7xx_HAL_Driver/Src/stm32f7xx_hal.o
 .debug_macro   0x000000000001c86e     0x363d Drivers/STM32F7xx_HAL_Driver/Src/stm32f7xx_hal.o
 .debug_macro   0x000000000001feab      0x174 Drivers/STM32F7xx_HAL_Driver/Src/stm32f7xx_hal.o
 .debug_macro   0x000000000002001f       0x61 Drivers/STM32F7xx_HAL_Driver/Src/stm32f7xx_hal.o
 .debug_macro   0x0000000000020080     0x1add Drivers/STM32F7xx_HAL_Driver/Src/stm32f7xx_hal.o
 .debug_macro   0x0000000000021b5d      0x6c4 Drivers/STM32F7xx_HAL_Driver/Src/stm32f7xx_hal.o
 .debug_macro   0x0000000000022221      0x109 Drivers/STM32F7xx_HAL_Driver/Src/stm32f7xx_hal.o
 .debug_macro   0x000000000002232a      0x117 Drivers/STM32F7xx_HAL_Driver/Src/stm32f7xx_hal.o
 .debug_macro   0x0000000000022441      0x26f Drivers/STM32F7xx_HAL_Driver/Src/stm32f7xx_hal.o
 .debug_macro   0x00000000000226b0       0x27 Drivers/STM32F7xx_HAL_Driver/Src/stm32f7xx_hal.o
 .debug_macro   0x00000000000226d7      0x24f Drivers/STM32F7xx_HAL_Driver/Src/stm32f7xx_hal.o
 .debug_macro   0x0000000000022926       0x71 Drivers/STM32F7xx_HAL_Driver/Src/stm32f7xx_hal.o
 .debug_macro   0x0000000000022997       0x58 Drivers/STM32F7xx_HAL_Driver/Src/stm32f7xx_hal.o
 .debug_macro   0x00000000000229ef      0x236 Drivers/STM32F7xx_HAL_Driver/Src/stm32f7xx_hal.o
 .debug_macro   0x0000000000022c25      0xccf Drivers/STM32F7xx_HAL_Driver/Src/stm32f7xx_hal.o
 .debug_macro   0x00000000000238f4      0x14f Drivers/STM32F7xx_HAL_Driver/Src/stm32f7xx_hal.o
 .debug_macro   0x0000000000023a43      0x3dc Drivers/STM32F7xx_HAL_Driver/Src/stm32f7xx_hal.o
 .debug_macro   0x0000000000023e1f       0x12 Drivers/STM32F7xx_HAL_Driver/Src/stm32f7xx_hal.o
 .debug_macro   0x0000000000023e31      0x22c Drivers/STM32F7xx_HAL_Driver/Src/stm32f7xx_hal.o
 .debug_macro   0x000000000002405d       0x61 Drivers/STM32F7xx_HAL_Driver/Src/stm32f7xx_hal.o
 .debug_macro   0x00000000000240be       0xa5 Drivers/STM32F7xx_HAL_Driver/Src/stm32f7xx_hal.o
 .debug_macro   0x0000000000024163      0x12f Drivers/STM32F7xx_HAL_Driver/Src/stm32f7xx_hal.o
 .debug_macro   0x0000000000024292      0x108 Drivers/STM32F7xx_HAL_Driver/Src/stm32f7xx_hal.o
 .debug_macro   0x000000000002439a       0x35 Drivers/STM32F7xx_HAL_Driver/Src/stm32f7xx_hal.o
 .debug_macro   0x00000000000243cf      0x9f0 Drivers/STM32F7xx_HAL_Driver/Src/stm32f7xx_hal.o
 .debug_macro   0x0000000000024dbf       0xa9 Drivers/STM32F7xx_HAL_Driver/Src/stm32f7xx_hal.o
 .debug_macro   0x0000000000024e68      0x519 Drivers/STM32F7xx_HAL_Driver/Src/stm32f7xx_hal.o
 .debug_macro   0x0000000000025381       0x44 Drivers/STM32F7xx_HAL_Driver/Src/stm32f7xx_hal.o
 .debug_macro   0x00000000000253c5      0x217 Drivers/STM32F7xx_HAL_Driver/Src/stm32f7xx_hal.o
 .debug_macro   0x00000000000255dc       0xe4 Drivers/STM32F7xx_HAL_Driver/Src/stm32f7xx_hal.o
 .debug_macro   0x00000000000256c0      0x15c Drivers/STM32F7xx_HAL_Driver/Src/stm32f7xx_hal.o
 .debug_macro   0x000000000002581c      0x211 Drivers/STM32F7xx_HAL_Driver/Src/stm32f7xx_hal_cortex.o
 .debug_macro   0x0000000000025a2d      0x217 Drivers/STM32F7xx_HAL_Driver/Src/stm32f7xx_hal_dma.o
 .debug_macro   0x0000000000025c44      0x227 Drivers/STM32F7xx_HAL_Driver/Src/stm32f7xx_hal_eth.o
 .debug_macro   0x0000000000025e6b      0x247 Drivers/STM32F7xx_HAL_Driver/Src/stm32f7xx_hal_gpio.o
 .debug_macro   0x00000000000260b2      0x21d Drivers/STM32F7xx_HAL_Driver/Src/stm32f7xx_hal_pcd.o
 .debug_macro   0x00000000000262cf      0x211 Drivers/STM32F7xx_HAL_Driver/Src/stm32f7xx_hal_pcd_ex.o
 .debug_macro   0x00000000000264e0      0x22f Drivers/STM32F7xx_HAL_Driver/Src/stm32f7xx_hal_pwr.o
 .debug_macro   0x000000000002670f      0x229 Drivers/STM32F7xx_HAL_Driver/Src/stm32f7xx_hal_pwr_ex.o
 .debug_macro   0x0000000000026938      0x235 Drivers/STM32F7xx_HAL_Driver/Src/stm32f7xx_hal_rcc.o
 .debug_macro   0x0000000000026b6d      0x211 Drivers/STM32F7xx_HAL_Driver/Src/stm32f7xx_hal_rcc_ex.o
 .debug_macro   0x0000000000026d7e      0x212 Drivers/STM32F7xx_HAL_Driver/Src/stm32f7xx_hal_tim.o
 .debug_macro   0x0000000000026f90      0x211 Drivers/STM32F7xx_HAL_Driver/Src/stm32f7xx_hal_tim_ex.o
 .debug_macro   0x00000000000271a1      0x22e Drivers/STM32F7xx_HAL_Driver/Src/stm32f7xx_hal_uart.o
 .debug_macro   0x00000000000273cf      0x211 Drivers/STM32F7xx_HAL_Driver/Src/stm32f7xx_ll_usb.o
 .debug_macro   0x00000000000275e0      0x22a Src/eth.o
 .debug_macro   0x000000000002780a      0x118 Src/eth.o
 .debug_macro   0x0000000000027922      0x22a Src/gpio.o
 .debug_macro   0x0000000000027b4c      0x242 Src/ioc.o
 .debug_macro   0x0000000000027d8e      0x25f Src/main.o
 .debug_macro   0x0000000000027fed       0x10 Src/main.o
 .debug_macro   0x0000000000027ffd      0x229 Src/pcb.o
 .debug_macro   0x0000000000028226      0x220 Src/stm32f7xx_hal_msp.o
 .debug_macro   0x0000000000028446      0x22a Src/stm32f7xx_it.o
 .debug_macro   0x0000000000028670      0x217 Src/system_stm32f7xx.o
 .debug_macro   0x0000000000028887      0x22a Src/tim.o
 .debug_macro   0x0000000000028ab1      0x22a Src/usart.o
 .debug_macro   0x0000000000028cdb      0x22a Src/usb_otg.o

.debug_line     0x0000000000000000    0x1092b
 .debug_line    0x0000000000000000      0x96a Drivers/STM32F7xx_HAL_Driver/Src/stm32f7xx_hal.o
 .debug_line    0x000000000000096a      0xa4a Drivers/STM32F7xx_HAL_Driver/Src/stm32f7xx_hal_cortex.o
 .debug_line    0x00000000000013b4      0x9f5 Drivers/STM32F7xx_HAL_Driver/Src/stm32f7xx_hal_dma.o
 .debug_line    0x0000000000001da9      0xdf7 Drivers/STM32F7xx_HAL_Driver/Src/stm32f7xx_hal_eth.o
 .debug_line    0x0000000000002ba0      0x92e Drivers/STM32F7xx_HAL_Driver/Src/stm32f7xx_hal_gpio.o
 .debug_line    0x00000000000034ce      0xc9a Drivers/STM32F7xx_HAL_Driver/Src/stm32f7xx_hal_pcd.o
 .debug_line    0x0000000000004168      0x7ac Drivers/STM32F7xx_HAL_Driver/Src/stm32f7xx_hal_pcd_ex.o
 .debug_line    0x0000000000004914      0x88e Drivers/STM32F7xx_HAL_Driver/Src/stm32f7xx_hal_pwr.o
 .debug_line    0x00000000000051a2      0x86a Drivers/STM32F7xx_HAL_Driver/Src/stm32f7xx_hal_pwr_ex.o
 .debug_line    0x0000000000005a0c      0x9bc Drivers/STM32F7xx_HAL_Driver/Src/stm32f7xx_hal_rcc.o
 .debug_line    0x00000000000063c8      0x94a Drivers/STM32F7xx_HAL_Driver/Src/stm32f7xx_hal_rcc_ex.o
 .debug_line    0x0000000000006d12     0x1a4e Drivers/STM32F7xx_HAL_Driver/Src/stm32f7xx_hal_tim.o
 .debug_line    0x0000000000008760      0xdfd Drivers/STM32F7xx_HAL_Driver/Src/stm32f7xx_hal_tim_ex.o
 .debug_line    0x000000000000955d     0x122c Drivers/STM32F7xx_HAL_Driver/Src/stm32f7xx_hal_uart.o
 .debug_line    0x000000000000a789      0xe40 Drivers/STM32F7xx_HAL_Driver/Src/stm32f7xx_ll_usb.o
 .debug_line    0x000000000000b5c9      0x76f Src/eth.o
 .debug_line    0x000000000000bd38      0x732 Src/gpio.o
 .debug_line    0x000000000000c46a      0x841 Src/ioc.o
 .debug_line    0x000000000000ccab      0x7f2 Src/main.o
 .debug_line    0x000000000000d49d      0x7e5 Src/pcb.o
 .debug_line    0x000000000000dc82      0x71c Src/stm32f7xx_hal_msp.o
 .debug_line    0x000000000000e39e      0x79d Src/stm32f7xx_it.o
 .debug_line    0x000000000000eb3b      0x73b Src/system_stm32f7xx.o
 .debug_line    0x000000000000f276      0x782 Src/tim.o
 .debug_line    0x000000000000f9f8      0x755 Src/usart.o
 .debug_line    0x000000000001014d      0x75d Src/usb_otg.o
 .debug_line    0x00000000000108aa       0x81 Startup/startup_stm32f767zitx.o

.debug_str      0x0000000000000000    0xfd30e
 .debug_str     0x0000000000000000    0xf76e1 Drivers/STM32F7xx_HAL_Driver/Src/stm32f7xx_hal.o
                                      0xf7e99 (size before relaxing)
 .debug_str     0x00000000000f76e1      0x4a7 Drivers/STM32F7xx_HAL_Driver/Src/stm32f7xx_hal_cortex.o
                                      0xf7f12 (size before relaxing)
 .debug_str     0x00000000000f7b88      0x541 Drivers/STM32F7xx_HAL_Driver/Src/stm32f7xx_hal_dma.o
                                      0xf7857 (size before relaxing)
 .debug_str     0x00000000000f80c9      0xb9a Drivers/STM32F7xx_HAL_Driver/Src/stm32f7xx_hal_eth.o
                                      0xf8029 (size before relaxing)
 .debug_str     0x00000000000f8c63      0x2b2 Drivers/STM32F7xx_HAL_Driver/Src/stm32f7xx_hal_gpio.o
                                      0xf76f3 (size before relaxing)
 .debug_str     0x00000000000f8f15      0x89a Drivers/STM32F7xx_HAL_Driver/Src/stm32f7xx_hal_pcd.o
                                      0xf7c02 (size before relaxing)
 .debug_str     0x00000000000f97af      0x16d Drivers/STM32F7xx_HAL_Driver/Src/stm32f7xx_hal_pcd_ex.o
                                      0xf782a (size before relaxing)
 .debug_str     0x00000000000f991c      0x2db Drivers/STM32F7xx_HAL_Driver/Src/stm32f7xx_hal_pwr.o
                                      0xf77d5 (size before relaxing)
 .debug_str     0x00000000000f9bf7      0x1b5 Drivers/STM32F7xx_HAL_Driver/Src/stm32f7xx_hal_pwr_ex.o
                                      0xf7797 (size before relaxing)
 .debug_str     0x00000000000f9dac      0x3aa Drivers/STM32F7xx_HAL_Driver/Src/stm32f7xx_hal_rcc.o
                                      0xf7846 (size before relaxing)
 .debug_str     0x00000000000fa156      0x3c1 Drivers/STM32F7xx_HAL_Driver/Src/stm32f7xx_hal_rcc_ex.o
                                      0xf7806 (size before relaxing)
 .debug_str     0x00000000000fa517      0xf59 Drivers/STM32F7xx_HAL_Driver/Src/stm32f7xx_hal_tim.o
                                      0xf85a9 (size before relaxing)
 .debug_str     0x00000000000fb470      0x601 Drivers/STM32F7xx_HAL_Driver/Src/stm32f7xx_hal_tim_ex.o
                                      0xf7ebc (size before relaxing)
 .debug_str     0x00000000000fba71      0x970 Drivers/STM32F7xx_HAL_Driver/Src/stm32f7xx_hal_uart.o
                                      0xf800b (size before relaxing)
 .debug_str     0x00000000000fc3e1      0x65d Drivers/STM32F7xx_HAL_Driver/Src/stm32f7xx_ll_usb.o
                                      0xf7d31 (size before relaxing)
 .debug_str     0x00000000000fca3e      0x499 Src/eth.o
                                      0xf7d88 (size before relaxing)
 .debug_str     0x00000000000fced7       0x25 Src/gpio.o
                                      0xf78c6 (size before relaxing)
 .debug_str     0x00000000000fcefc       0xee Src/ioc.o
                                      0xf7e5e (size before relaxing)
 .debug_str     0x00000000000fcfea       0x8d Src/main.o
                                      0xf92b8 (size before relaxing)
 .debug_str     0x00000000000fd077       0xa4 Src/pcb.o
                                      0xf77cc (size before relaxing)
 .debug_str     0x00000000000fd11b       0x1b Src/stm32f7xx_hal_msp.o
                                      0xf782b (size before relaxing)
 .debug_str     0x00000000000fd136       0x9c Src/stm32f7xx_it.o
                                      0xf7bc3 (size before relaxing)
 .debug_str     0x00000000000fd1d2       0x5a Src/system_stm32f7xx.o
                                      0xf7518 (size before relaxing)
 .debug_str     0x00000000000fd22c       0x51 Src/tim.o
                                      0xf7f71 (size before relaxing)
 .debug_str     0x00000000000fd27d       0x2e Src/usart.o
                                      0xf8371 (size before relaxing)
 .debug_str     0x00000000000fd2ab       0x32 Src/usb_otg.o
                                      0xf7cca (size before relaxing)
 .debug_str     0x00000000000fd2dd       0x31 Startup/startup_stm32f767zitx.o
                                         0x79 (size before relaxing)

.comment        0x0000000000000000       0x7b
 .comment       0x0000000000000000       0x7b Drivers/STM32F7xx_HAL_Driver/Src/stm32f7xx_hal.o
                                         0x7c (size before relaxing)
 .comment       0x000000000000007b       0x7c Drivers/STM32F7xx_HAL_Driver/Src/stm32f7xx_hal_cortex.o
 .comment       0x000000000000007b       0x7c Drivers/STM32F7xx_HAL_Driver/Src/stm32f7xx_hal_dma.o
 .comment       0x000000000000007b       0x7c Drivers/STM32F7xx_HAL_Driver/Src/stm32f7xx_hal_eth.o
 .comment       0x000000000000007b       0x7c Drivers/STM32F7xx_HAL_Driver/Src/stm32f7xx_hal_gpio.o
 .comment       0x000000000000007b       0x7c Drivers/STM32F7xx_HAL_Driver/Src/stm32f7xx_hal_pcd.o
 .comment       0x000000000000007b       0x7c Drivers/STM32F7xx_HAL_Driver/Src/stm32f7xx_hal_pcd_ex.o
 .comment       0x000000000000007b       0x7c Drivers/STM32F7xx_HAL_Driver/Src/stm32f7xx_hal_pwr.o
 .comment       0x000000000000007b       0x7c Drivers/STM32F7xx_HAL_Driver/Src/stm32f7xx_hal_pwr_ex.o
 .comment       0x000000000000007b       0x7c Drivers/STM32F7xx_HAL_Driver/Src/stm32f7xx_hal_rcc.o
 .comment       0x000000000000007b       0x7c Drivers/STM32F7xx_HAL_Driver/Src/stm32f7xx_hal_rcc_ex.o
 .comment       0x000000000000007b       0x7c Drivers/STM32F7xx_HAL_Driver/Src/stm32f7xx_hal_tim.o
 .comment       0x000000000000007b       0x7c Drivers/STM32F7xx_HAL_Driver/Src/stm32f7xx_hal_tim_ex.o
 .comment       0x000000000000007b       0x7c Drivers/STM32F7xx_HAL_Driver/Src/stm32f7xx_hal_uart.o
 .comment       0x000000000000007b       0x7c Drivers/STM32F7xx_HAL_Driver/Src/stm32f7xx_ll_usb.o
 .comment       0x000000000000007b       0x7c Src/eth.o
 .comment       0x000000000000007b       0x7c Src/gpio.o
 .comment       0x000000000000007b       0x7c Src/ioc.o
 .comment       0x000000000000007b       0x7c Src/main.o
 .comment       0x000000000000007b       0x7c Src/pcb.o
 .comment       0x000000000000007b       0x7c Src/stm32f7xx_hal_msp.o
 .comment       0x000000000000007b       0x7c Src/stm32f7xx_it.o
 .comment       0x000000000000007b       0x7c Src/system_stm32f7xx.o
 .comment       0x000000000000007b       0x7c Src/tim.o
 .comment       0x000000000000007b       0x7c Src/usart.o
 .comment       0x000000000000007b       0x7c Src/usb_otg.o

.debug_frame    0x0000000000000000     0x4e4c
 .debug_frame   0x0000000000000000      0x3f4 Drivers/STM32F7xx_HAL_Driver/Src/stm32f7xx_hal.o
 .debug_frame   0x00000000000003f4      0x498 Drivers/STM32F7xx_HAL_Driver/Src/stm32f7xx_hal_cortex.o
 .debug_frame   0x000000000000088c      0x250 Drivers/STM32F7xx_HAL_Driver/Src/stm32f7xx_hal_dma.o
 .debug_frame   0x0000000000000adc      0x4b4 Drivers/STM32F7xx_HAL_Driver/Src/stm32f7xx_hal_eth.o
 .debug_frame   0x0000000000000f90      0x14c Drivers/STM32F7xx_HAL_Driver/Src/stm32f7xx_hal_gpio.o
 .debug_frame   0x00000000000010dc      0x548 Drivers/STM32F7xx_HAL_Driver/Src/stm32f7xx_hal_pcd.o
 .debug_frame   0x0000000000001624      0x100 Drivers/STM32F7xx_HAL_Driver/Src/stm32f7xx_hal_pcd_ex.o
 .debug_frame   0x0000000000001724      0x254 Drivers/STM32F7xx_HAL_Driver/Src/stm32f7xx_hal_pwr.o
 .debug_frame   0x0000000000001978      0x1c8 Drivers/STM32F7xx_HAL_Driver/Src/stm32f7xx_hal_pwr_ex.o
 .debug_frame   0x0000000000001b40      0x1f4 Drivers/STM32F7xx_HAL_Driver/Src/stm32f7xx_hal_rcc.o
 .debug_frame   0x0000000000001d34      0x118 Drivers/STM32F7xx_HAL_Driver/Src/stm32f7xx_hal_rcc_ex.o
 .debug_frame   0x0000000000001e4c     0x1144 Drivers/STM32F7xx_HAL_Driver/Src/stm32f7xx_hal_tim.o
 .debug_frame   0x0000000000002f90      0x638 Drivers/STM32F7xx_HAL_Driver/Src/stm32f7xx_hal_tim_ex.o
 .debug_frame   0x00000000000035c8      0x8f4 Drivers/STM32F7xx_HAL_Driver/Src/stm32f7xx_hal_uart.o
 .debug_frame   0x0000000000003ebc      0x790 Drivers/STM32F7xx_HAL_Driver/Src/stm32f7xx_ll_usb.o
 .debug_frame   0x000000000000464c       0x7c Src/eth.o
 .debug_frame   0x00000000000046c8       0x34 Src/gpio.o
 .debug_frame   0x00000000000046fc      0x1f8 Src/ioc.o
 .debug_frame   0x00000000000048f4       0xc4 Src/main.o
 .debug_frame   0x00000000000049b8       0xf8 Src/pcb.o
 .debug_frame   0x0000000000004ab0       0x38 Src/stm32f7xx_hal_msp.o
 .debug_frame   0x0000000000004ae8       0xd0 Src/stm32f7xx_it.o
 .debug_frame   0x0000000000004bb8       0x58 Src/system_stm32f7xx.o
 .debug_frame   0x0000000000004c10       0xa8 Src/tim.o
 .debug_frame   0x0000000000004cb8       0x74 Src/usart.o
 .debug_frame   0x0000000000004d2c       0x74 Src/usb_otg.o
 .debug_frame   0x0000000000004da0       0x2c /opt/st/stm32cubeide_1.0.2/plugins/com.st.stm32cube.ide.mcu.externaltools.gnu-tools-for-stm32.7-2018-q2-update.linux64_1.0.0.201904181610/tools/bin/../lib/gcc/arm-none-eabi/7.3.1/../../../../arm-none-eabi/lib/thumb/v7e-m/fpv5/hard/libc_nano.a(lib_a-init.o)
 .debug_frame   0x0000000000004dcc       0x20 /opt/st/stm32cubeide_1.0.2/plugins/com.st.stm32cube.ide.mcu.externaltools.gnu-tools-for-stm32.7-2018-q2-update.linux64_1.0.0.201904181610/tools/bin/../lib/gcc/arm-none-eabi/7.3.1/../../../../arm-none-eabi/lib/thumb/v7e-m/fpv5/hard/libc_nano.a(lib_a-memset.o)
 .debug_frame   0x0000000000004dec       0x2c /opt/st/stm32cubeide_1.0.2/plugins/com.st.stm32cube.ide.mcu.externaltools.gnu-tools-for-stm32.7-2018-q2-update.linux64_1.0.0.201904181610/tools/bin/../lib/gcc/arm-none-eabi/7.3.1/thumb/v7e-m/fpv5/hard/libgcc.a(_aeabi_uldivmod.o)
 .debug_frame   0x0000000000004e18       0x34 /opt/st/stm32cubeide_1.0.2/plugins/com.st.stm32cube.ide.mcu.externaltools.gnu-tools-for-stm32.7-2018-q2-update.linux64_1.0.0.201904181610/tools/bin/../lib/gcc/arm-none-eabi/7.3.1/thumb/v7e-m/fpv5/hard/libgcc.a(_udivmoddi4.o)
