Archive member included to satisfy reference by file (symbol)

/opt/st/stm32cubeide_1.0.2/plugins/com.st.stm32cube.ide.mcu.externaltools.gnu-tools-for-stm32.7-2018-q2-update.linux64_1.0.0.201904181610/tools/bin/../lib/gcc/arm-none-eabi/7.3.1/../../../../arm-none-eabi/lib/thumb/v7e-m/fpv5/hard/libc_nano.a(lib_a-errno.o)
                              Src/syscalls.o (__errno)
/opt/st/stm32cubeide_1.0.2/plugins/com.st.stm32cube.ide.mcu.externaltools.gnu-tools-for-stm32.7-2018-q2-update.linux64_1.0.0.201904181610/tools/bin/../lib/gcc/arm-none-eabi/7.3.1/../../../../arm-none-eabi/lib/thumb/v7e-m/fpv5/hard/libc_nano.a(lib_a-exit.o)
                              /opt/st/stm32cubeide_1.0.2/plugins/com.st.stm32cube.ide.mcu.externaltools.gnu-tools-for-stm32.7-2018-q2-update.linux64_1.0.0.201904181610/tools/bin/../lib/gcc/arm-none-eabi/7.3.1/../../../../arm-none-eabi/lib/thumb/v7e-m/fpv5/hard/crt0.o (exit)
/opt/st/stm32cubeide_1.0.2/plugins/com.st.stm32cube.ide.mcu.externaltools.gnu-tools-for-stm32.7-2018-q2-update.linux64_1.0.0.201904181610/tools/bin/../lib/gcc/arm-none-eabi/7.3.1/../../../../arm-none-eabi/lib/thumb/v7e-m/fpv5/hard/libc_nano.a(lib_a-impure.o)
                              /opt/st/stm32cubeide_1.0.2/plugins/com.st.stm32cube.ide.mcu.externaltools.gnu-tools-for-stm32.7-2018-q2-update.linux64_1.0.0.201904181610/tools/bin/../lib/gcc/arm-none-eabi/7.3.1/../../../../arm-none-eabi/lib/thumb/v7e-m/fpv5/hard/libc_nano.a(lib_a-exit.o) (_global_impure_ptr)
/opt/st/stm32cubeide_1.0.2/plugins/com.st.stm32cube.ide.mcu.externaltools.gnu-tools-for-stm32.7-2018-q2-update.linux64_1.0.0.201904181610/tools/bin/../lib/gcc/arm-none-eabi/7.3.1/../../../../arm-none-eabi/lib/thumb/v7e-m/fpv5/hard/libc_nano.a(lib_a-init.o)
                              /opt/st/stm32cubeide_1.0.2/plugins/com.st.stm32cube.ide.mcu.externaltools.gnu-tools-for-stm32.7-2018-q2-update.linux64_1.0.0.201904181610/tools/bin/../lib/gcc/arm-none-eabi/7.3.1/../../../../arm-none-eabi/lib/thumb/v7e-m/fpv5/hard/crt0.o (__libc_init_array)
/opt/st/stm32cubeide_1.0.2/plugins/com.st.stm32cube.ide.mcu.externaltools.gnu-tools-for-stm32.7-2018-q2-update.linux64_1.0.0.201904181610/tools/bin/../lib/gcc/arm-none-eabi/7.3.1/../../../../arm-none-eabi/lib/thumb/v7e-m/fpv5/hard/libc_nano.a(lib_a-memset.o)
                              /opt/st/stm32cubeide_1.0.2/plugins/com.st.stm32cube.ide.mcu.externaltools.gnu-tools-for-stm32.7-2018-q2-update.linux64_1.0.0.201904181610/tools/bin/../lib/gcc/arm-none-eabi/7.3.1/../../../../arm-none-eabi/lib/thumb/v7e-m/fpv5/hard/crt0.o (memset)
/opt/st/stm32cubeide_1.0.2/plugins/com.st.stm32cube.ide.mcu.externaltools.gnu-tools-for-stm32.7-2018-q2-update.linux64_1.0.0.201904181610/tools/bin/../lib/gcc/arm-none-eabi/7.3.1/thumb/v7e-m/fpv5/hard/libgcc.a(_aeabi_uldivmod.o)
                              Drivers/STM32F7xx_HAL_Driver/Src/stm32f7xx_hal_rcc.o (__aeabi_uldivmod)
/opt/st/stm32cubeide_1.0.2/plugins/com.st.stm32cube.ide.mcu.externaltools.gnu-tools-for-stm32.7-2018-q2-update.linux64_1.0.0.201904181610/tools/bin/../lib/gcc/arm-none-eabi/7.3.1/thumb/v7e-m/fpv5/hard/libgcc.a(_udivmoddi4.o)
                              /opt/st/stm32cubeide_1.0.2/plugins/com.st.stm32cube.ide.mcu.externaltools.gnu-tools-for-stm32.7-2018-q2-update.linux64_1.0.0.201904181610/tools/bin/../lib/gcc/arm-none-eabi/7.3.1/thumb/v7e-m/fpv5/hard/libgcc.a(_aeabi_uldivmod.o) (__udivmoddi4)
/opt/st/stm32cubeide_1.0.2/plugins/com.st.stm32cube.ide.mcu.externaltools.gnu-tools-for-stm32.7-2018-q2-update.linux64_1.0.0.201904181610/tools/bin/../lib/gcc/arm-none-eabi/7.3.1/thumb/v7e-m/fpv5/hard/libgcc.a(_dvmd_tls.o)
                              /opt/st/stm32cubeide_1.0.2/plugins/com.st.stm32cube.ide.mcu.externaltools.gnu-tools-for-stm32.7-2018-q2-update.linux64_1.0.0.201904181610/tools/bin/../lib/gcc/arm-none-eabi/7.3.1/thumb/v7e-m/fpv5/hard/libgcc.a(_aeabi_uldivmod.o) (__aeabi_ldiv0)

Allocating common symbols
Common symbol       size              file

huart3              0x80              Src/usart.o
hpcd_USB_OTG_FS     0x404             Src/usb_otg.o
uwTick              0x4               Drivers/STM32F7xx_HAL_Driver/Src/stm32f7xx_hal.o
pFlash              0x1c              Drivers/STM32F7xx_HAL_Driver/Src/stm32f7xx_hal_flash.o
htim1               0x40              Src/tim.o
heth                0x48              Src/eth.o
consola             0x410             Src/ioc.o

Discarded input sections

 .text          0x0000000000000000        0x0 /opt/st/stm32cubeide_1.0.2/plugins/com.st.stm32cube.ide.mcu.externaltools.gnu-tools-for-stm32.7-2018-q2-update.linux64_1.0.0.201904181610/tools/bin/../lib/gcc/arm-none-eabi/7.3.1/thumb/v7e-m/fpv5/hard/crti.o
 .data          0x0000000000000000        0x0 /opt/st/stm32cubeide_1.0.2/plugins/com.st.stm32cube.ide.mcu.externaltools.gnu-tools-for-stm32.7-2018-q2-update.linux64_1.0.0.201904181610/tools/bin/../lib/gcc/arm-none-eabi/7.3.1/thumb/v7e-m/fpv5/hard/crti.o
[...]
Memory Configuration

Name             Origin             Length             Attributes
RAM              0x0000000020000000 0x0000000000080000 xrw
FLASH            0x0000000008000000 0x0000000000200000 xr
*default*        0x0000000000000000 0xffffffffffffffff

Linker script and memory map

LOAD /opt/st/stm32cubeide_1.0.2/plugins/com.st.stm32cube.ide.mcu.externaltools.gnu-tools-for-stm32.7-2018-q2-update.linux64_1.0.0.201904181610/tools/bin/../lib/gcc/arm-none-eabi/7.3.1/thumb/v7e-m/fpv5/hard/crti.o
LOAD /opt/st/stm32cubeide_1.0.2/plugins/com.st.stm32cube.ide.mcu.externaltools.gnu-tools-for-stm32.7-2018-q2-update.linux64_1.0.0.201904181610/tools/bin/../lib/gcc/arm-none-eabi/7.3.1/thumb/v7e-m/fpv5/hard/crtbegin.o
LOAD /opt/st/stm32cubeide_1.0.2/plugins/com.st.stm32cube.ide.mcu.externaltools.gnu-tools-for-stm32.7-2018-q2-update.linux64_1.0.0.201904181610/tools/bin/../lib/gcc/arm-none-eabi/7.3.1/../../../../arm-none-eabi/lib/thumb/v7e-m/fpv5/hard/crt0.o
LOAD Drivers/STM32F7xx_HAL_Driver/Src/stm32f7xx_hal.o
LOAD Drivers/STM32F7xx_HAL_Driver/Src/stm32f7xx_hal_cortex.o
LOAD Drivers/STM32F7xx_HAL_Driver/Src/stm32f7xx_hal_dma.o
LOAD Drivers/STM32F7xx_HAL_Driver/Src/stm32f7xx_hal_dma_ex.o
LOAD Drivers/STM32F7xx_HAL_Driver/Src/stm32f7xx_hal_eth.o
LOAD Drivers/STM32F7xx_HAL_Driver/Src/stm32f7xx_hal_exti.o
LOAD Drivers/STM32F7xx_HAL_Driver/Src/stm32f7xx_hal_flash.o
LOAD Drivers/STM32F7xx_HAL_Driver/Src/stm32f7xx_hal_flash_ex.o
LOAD Drivers/STM32F7xx_HAL_Driver/Src/stm32f7xx_hal_gpio.o
LOAD Drivers/STM32F7xx_HAL_Driver/Src/stm32f7xx_hal_i2c.o
LOAD Drivers/STM32F7xx_HAL_Driver/Src/stm32f7xx_hal_i2c_ex.o
LOAD Drivers/STM32F7xx_HAL_Driver/Src/stm32f7xx_hal_pcd.o
LOAD Drivers/STM32F7xx_HAL_Driver/Src/stm32f7xx_hal_pcd_ex.o
LOAD Drivers/STM32F7xx_HAL_Driver/Src/stm32f7xx_hal_pwr.o
LOAD Drivers/STM32F7xx_HAL_Driver/Src/stm32f7xx_hal_pwr_ex.o
LOAD Drivers/STM32F7xx_HAL_Driver/Src/stm32f7xx_hal_rcc.o
LOAD Drivers/STM32F7xx_HAL_Driver/Src/stm32f7xx_hal_rcc_ex.o
LOAD Drivers/STM32F7xx_HAL_Driver/Src/stm32f7xx_hal_tim.o
LOAD Drivers/STM32F7xx_HAL_Driver/Src/stm32f7xx_hal_tim_ex.o
LOAD Drivers/STM32F7xx_HAL_Driver/Src/stm32f7xx_hal_uart.o
LOAD Drivers/STM32F7xx_HAL_Driver/Src/stm32f7xx_hal_uart_ex.o
LOAD Drivers/STM32F7xx_HAL_Driver/Src/stm32f7xx_ll_usb.o
LOAD Src/eth.o
LOAD Src/gpio.o
LOAD Src/ioc.o
LOAD Src/llamadasalsistema.o
LOAD Src/main.o
LOAD Src/stm32f7xx_hal_msp.o
LOAD Src/stm32f7xx_it.o
LOAD Src/syscalls.o
LOAD Src/sysmem.o
LOAD Src/system_stm32f7xx.o
LOAD Src/tim.o
LOAD Src/usart.o
LOAD Src/usb_otg.o
LOAD Startup/startup_stm32f767zitx.o
START GROUP
LOAD /opt/st/stm32cubeide_1.0.2/plugins/com.st.stm32cube.ide.mcu.externaltools.gnu-tools-for-stm32.7-2018-q2-update.linux64_1.0.0.201904181610/tools/bin/../lib/gcc/arm-none-eabi/7.3.1/../../../../arm-none-eabi/lib/thumb/v7e-m/fpv5/hard/libc_nano.a
LOAD /opt/st/stm32cubeide_1.0.2/plugins/com.st.stm32cube.ide.mcu.externaltools.gnu-tools-for-stm32.7-2018-q2-update.linux64_1.0.0.201904181610/tools/bin/../lib/gcc/arm-none-eabi/7.3.1/../../../../arm-none-eabi/lib/thumb/v7e-m/fpv5/hard/libm.a
END GROUP
START GROUP
LOAD /opt/st/stm32cubeide_1.0.2/plugins/com.st.stm32cube.ide.mcu.externaltools.gnu-tools-for-stm32.7-2018-q2-update.linux64_1.0.0.201904181610/tools/bin/../lib/gcc/arm-none-eabi/7.3.1/thumb/v7e-m/fpv5/hard/libgcc.a
LOAD /opt/st/stm32cubeide_1.0.2/plugins/com.st.stm32cube.ide.mcu.externaltools.gnu-tools-for-stm32.7-2018-q2-update.linux64_1.0.0.201904181610/tools/bin/../lib/gcc/arm-none-eabi/7.3.1/../../../../arm-none-eabi/lib/thumb/v7e-m/fpv5/hard/libc_nano.a
END GROUP
START GROUP
LOAD /opt/st/stm32cubeide_1.0.2/plugins/com.st.stm32cube.ide.mcu.externaltools.gnu-tools-for-stm32.7-2018-q2-update.linux64_1.0.0.201904181610/tools/bin/../lib/gcc/arm-none-eabi/7.3.1/thumb/v7e-m/fpv5/hard/libgcc.a
LOAD /opt/st/stm32cubeide_1.0.2/plugins/com.st.stm32cube.ide.mcu.externaltools.gnu-tools-for-stm32.7-2018-q2-update.linux64_1.0.0.201904181610/tools/bin/../lib/gcc/arm-none-eabi/7.3.1/../../../../arm-none-eabi/lib/thumb/v7e-m/fpv5/hard/libc_nano.a
LOAD /opt/st/stm32cubeide_1.0.2/plugins/com.st.stm32cube.ide.mcu.externaltools.gnu-tools-for-stm32.7-2018-q2-update.linux64_1.0.0.201904181610/tools/bin/../lib/gcc/arm-none-eabi/7.3.1/../../../../arm-none-eabi/lib/thumb/v7e-m/fpv5/hard/libnosys.a
END GROUP
START GROUP
LOAD /opt/st/stm32cubeide_1.0.2/plugins/com.st.stm32cube.ide.mcu.externaltools.gnu-tools-for-stm32.7-2018-q2-update.linux64_1.0.0.201904181610/tools/bin/../lib/gcc/arm-none-eabi/7.3.1/thumb/v7e-m/fpv5/hard/libgcc.a
LOAD /opt/st/stm32cubeide_1.0.2/plugins/com.st.stm32cube.ide.mcu.externaltools.gnu-tools-for-stm32.7-2018-q2-update.linux64_1.0.0.201904181610/tools/bin/../lib/gcc/arm-none-eabi/7.3.1/../../../../arm-none-eabi/lib/thumb/v7e-m/fpv5/hard/libc_nano.a
LOAD /opt/st/stm32cubeide_1.0.2/plugins/com.st.stm32cube.ide.mcu.externaltools.gnu-tools-for-stm32.7-2018-q2-update.linux64_1.0.0.201904181610/tools/bin/../lib/gcc/arm-none-eabi/7.3.1/../../../../arm-none-eabi/lib/thumb/v7e-m/fpv5/hard/libnosys.a
END GROUP
LOAD /opt/st/stm32cubeide_1.0.2/plugins/com.st.stm32cube.ide.mcu.externaltools.gnu-tools-for-stm32.7-2018-q2-update.linux64_1.0.0.201904181610/tools/bin/../lib/gcc/arm-none-eabi/7.3.1/thumb/v7e-m/fpv5/hard/crtend.o
LOAD /opt/st/stm32cubeide_1.0.2/plugins/com.st.stm32cube.ide.mcu.externaltools.gnu-tools-for-stm32.7-2018-q2-update.linux64_1.0.0.201904181610/tools/bin/../lib/gcc/arm-none-eabi/7.3.1/thumb/v7e-m/fpv5/hard/crtn.o
                0x0000000020080000                _estack = 0x20080000
                0x0000000000000200                _Min_Heap_Size = 0x200
                0x0000000000000400                _Min_Stack_Size = 0x400

.isr_vector     0x0000000008000000      0x1f8
                0x0000000008000000                . = ALIGN (0x4)
 *(.isr_vector)
 .isr_vector    0x0000000008000000      0x1f8 Startup/startup_stm32f767zitx.o
                0x0000000008000000                g_pfnVectors
                0x00000000080001f8                . = ALIGN (0x4)

.text           0x00000000080001f8     0x5800
                0x00000000080001f8                . = ALIGN (0x4)
 *(.text)
 .text          0x00000000080001f8       0x40 /opt/st/stm32cubeide_1.0.2/plugins/com.st.stm32cube.ide.mcu.externaltools.gnu-tools-for-stm32.7-2018-q2-update.linux64_1.0.0.201904181610/tools/bin/../lib/gcc/arm-none-eabi/7.3.1/thumb/v7e-m/fpv5/hard/crtbegin.o
 .text          0x0000000008000238       0x30 /opt/st/stm32cubeide_1.0.2/plugins/com.st.stm32cube.ide.mcu.externaltools.gnu-tools-for-stm32.7-2018-q2-update.linux64_1.0.0.201904181610/tools/bin/../lib/gcc/arm-none-eabi/7.3.1/thumb/v7e-m/fpv5/hard/libgcc.a(_aeabi_uldivmod.o)
                0x0000000008000238                __aeabi_uldivmod
 .text          0x0000000008000268      0x2cc /opt/st/stm32cubeide_1.0.2/plugins/com.st.stm32cube.ide.mcu.externaltools.gnu-tools-for-stm32.7-2018-q2-update.linux64_1.0.0.201904181610/tools/bin/../lib/gcc/arm-none-eabi/7.3.1/thumb/v7e-m/fpv5/hard/libgcc.a(_udivmoddi4.o)
                0x0000000008000268                __udivmoddi4
 .text          0x0000000008000534        0x4 /opt/st/stm32cubeide_1.0.2/plugins/com.st.stm32cube.ide.mcu.externaltools.gnu-tools-for-stm32.7-2018-q2-update.linux64_1.0.0.201904181610/tools/bin/../lib/gcc/arm-none-eabi/7.3.1/thumb/v7e-m/fpv5/hard/libgcc.a(_dvmd_tls.o)
                0x0000000008000534                __aeabi_ldiv0
                0x0000000008000534                __aeabi_idiv0
 *(.text*)
 .text.HAL_Init
                0x0000000008000538       0x1a Drivers/STM32F7xx_HAL_Driver/Src/stm32f7xx_hal.o
                0x0000000008000538                HAL_Init
 *fill*         0x0000000008000552        0x2 
 .text.HAL_InitTick
                0x0000000008000554       0x60 Drivers/STM32F7xx_HAL_Driver/Src/stm32f7xx_hal.o
                0x0000000008000554                HAL_InitTick
 .text.HAL_IncTick
                0x00000000080005b4       0x28 Drivers/STM32F7xx_HAL_Driver/Src/stm32f7xx_hal.o
                0x00000000080005b4                HAL_IncTick
 .text.HAL_GetTick
                0x00000000080005dc       0x18 Drivers/STM32F7xx_HAL_Driver/Src/stm32f7xx_hal.o
                0x00000000080005dc                HAL_GetTick
 .text.HAL_Delay
                0x00000000080005f4       0x44 Drivers/STM32F7xx_HAL_Driver/Src/stm32f7xx_hal.o
                0x00000000080005f4                HAL_Delay
 .text.__NVIC_SetPriorityGrouping
                0x0000000008000638       0x48 Drivers/STM32F7xx_HAL_Driver/Src/stm32f7xx_hal_cortex.o
 .text.__NVIC_GetPriorityGrouping
                0x0000000008000680       0x1c Drivers/STM32F7xx_HAL_Driver/Src/stm32f7xx_hal_cortex.o
 .text.__NVIC_EnableIRQ
                0x000000000800069c       0x3c Drivers/STM32F7xx_HAL_Driver/Src/stm32f7xx_hal_cortex.o
 .text.__NVIC_SetPriority
                0x00000000080006d8       0x54 Drivers/STM32F7xx_HAL_Driver/Src/stm32f7xx_hal_cortex.o
 .text.NVIC_EncodePriority
                0x000000000800072c       0x66 Drivers/STM32F7xx_HAL_Driver/Src/stm32f7xx_hal_cortex.o
 *fill*         0x0000000008000792        0x2 
 .text.SysTick_Config
                0x0000000008000794       0x44 Drivers/STM32F7xx_HAL_Driver/Src/stm32f7xx_hal_cortex.o
 .text.HAL_NVIC_SetPriorityGrouping
                0x00000000080007d8       0x16 Drivers/STM32F7xx_HAL_Driver/Src/stm32f7xx_hal_cortex.o
                0x00000000080007d8                HAL_NVIC_SetPriorityGrouping
 .text.HAL_NVIC_SetPriority
                0x00000000080007ee       0x38 Drivers/STM32F7xx_HAL_Driver/Src/stm32f7xx_hal_cortex.o
                0x00000000080007ee                HAL_NVIC_SetPriority
 .text.HAL_NVIC_EnableIRQ
                0x0000000008000826       0x1c Drivers/STM32F7xx_HAL_Driver/Src/stm32f7xx_hal_cortex.o
                0x0000000008000826                HAL_NVIC_EnableIRQ
 .text.HAL_SYSTICK_Config
                0x0000000008000842       0x18 Drivers/STM32F7xx_HAL_Driver/Src/stm32f7xx_hal_cortex.o
                0x0000000008000842                HAL_SYSTICK_Config
 .text.HAL_DMA_Abort_IT
                0x000000000800085a       0x44 Drivers/STM32F7xx_HAL_Driver/Src/stm32f7xx_hal_dma.o
                0x000000000800085a                HAL_DMA_Abort_IT
 *fill*         0x000000000800089e        0x2 
 .text.HAL_ETH_Init
                0x00000000080008a0      0x338 Drivers/STM32F7xx_HAL_Driver/Src/stm32f7xx_hal_eth.o
                0x00000000080008a0                HAL_ETH_Init
 .text.HAL_ETH_ReadPHYRegister
                0x0000000008000bd8       0xd0 Drivers/STM32F7xx_HAL_Driver/Src/stm32f7xx_hal_eth.o
                0x0000000008000bd8                HAL_ETH_ReadPHYRegister
 .text.HAL_ETH_WritePHYRegister
                0x0000000008000ca8       0xcc Drivers/STM32F7xx_HAL_Driver/Src/stm32f7xx_hal_eth.o
                0x0000000008000ca8                HAL_ETH_WritePHYRegister
 .text.ETH_MACDMAConfig
                0x0000000008000d74      0x394 Drivers/STM32F7xx_HAL_Driver/Src/stm32f7xx_hal_eth.o
 .text.ETH_MACAddressConfig
                0x0000000008001108       0x70 Drivers/STM32F7xx_HAL_Driver/Src/stm32f7xx_hal_eth.o
 .text.HAL_GPIO_Init
                0x0000000008001178      0x354 Drivers/STM32F7xx_HAL_Driver/Src/stm32f7xx_hal_gpio.o
                0x0000000008001178                HAL_GPIO_Init
 .text.HAL_GPIO_ReadPin
                0x00000000080014cc       0x30 Drivers/STM32F7xx_HAL_Driver/Src/stm32f7xx_hal_gpio.o
                0x00000000080014cc                HAL_GPIO_ReadPin
 .text.HAL_GPIO_WritePin
                0x00000000080014fc       0x32 Drivers/STM32F7xx_HAL_Driver/Src/stm32f7xx_hal_gpio.o
                0x00000000080014fc                HAL_GPIO_WritePin
 .text.HAL_PCD_Init
                0x000000000800152e      0x230 Drivers/STM32F7xx_HAL_Driver/Src/stm32f7xx_hal_pcd.o
                0x000000000800152e                HAL_PCD_Init
 *fill*         0x000000000800175e        0x2 
 .text.HAL_PCDEx_ActivateLPM
                0x0000000008001760       0x48 Drivers/STM32F7xx_HAL_Driver/Src/stm32f7xx_hal_pcd_ex.o
                0x0000000008001760                HAL_PCDEx_ActivateLPM
 .text.HAL_PWR_EnableBkUpAccess
                0x00000000080017a8       0x20 Drivers/STM32F7xx_HAL_Driver/Src/stm32f7xx_hal_pwr.o
                0x00000000080017a8                HAL_PWR_EnableBkUpAccess
 .text.HAL_PWREx_EnableOverDrive
                0x00000000080017c8       0xa0 Drivers/STM32F7xx_HAL_Driver/Src/stm32f7xx_hal_pwr_ex.o
                0x00000000080017c8                HAL_PWREx_EnableOverDrive
 .text.HAL_RCC_OscConfig
                0x0000000008001868      0x4e4 Drivers/STM32F7xx_HAL_Driver/Src/stm32f7xx_hal_rcc.o
                0x0000000008001868                HAL_RCC_OscConfig
 .text.HAL_RCC_ClockConfig
                0x0000000008001d4c      0x1d0 Drivers/STM32F7xx_HAL_Driver/Src/stm32f7xx_hal_rcc.o
                0x0000000008001d4c                HAL_RCC_ClockConfig
 .text.HAL_RCC_GetSysClockFreq
                0x0000000008001f1c      0x1b0 Drivers/STM32F7xx_HAL_Driver/Src/stm32f7xx_hal_rcc.o
                0x0000000008001f1c                HAL_RCC_GetSysClockFreq
 .text.HAL_RCC_GetHCLKFreq
                0x00000000080020cc       0x18 Drivers/STM32F7xx_HAL_Driver/Src/stm32f7xx_hal_rcc.o
                0x00000000080020cc                HAL_RCC_GetHCLKFreq
 .text.HAL_RCC_GetPCLK1Freq
                0x00000000080020e4       0x28 Drivers/STM32F7xx_HAL_Driver/Src/stm32f7xx_hal_rcc.o
                0x00000000080020e4                HAL_RCC_GetPCLK1Freq
 .text.HAL_RCC_GetPCLK2Freq
                0x000000000800210c       0x28 Drivers/STM32F7xx_HAL_Driver/Src/stm32f7xx_hal_rcc.o
                0x000000000800210c                HAL_RCC_GetPCLK2Freq
 .text.HAL_RCCEx_PeriphCLKConfig
                0x0000000008002134      0x84c Drivers/STM32F7xx_HAL_Driver/Src/stm32f7xx_hal_rcc_ex.o
                0x0000000008002134                HAL_RCCEx_PeriphCLKConfig
 .text.HAL_TIM_Base_Init
                0x0000000008002980       0x56 Drivers/STM32F7xx_HAL_Driver/Src/stm32f7xx_hal_tim.o
                0x0000000008002980                HAL_TIM_Base_Init
 .text.HAL_TIM_PWM_Init
                0x00000000080029d6       0x56 Drivers/STM32F7xx_HAL_Driver/Src/stm32f7xx_hal_tim.o
                0x00000000080029d6                HAL_TIM_PWM_Init
 .text.HAL_TIM_PWM_MspInit
                0x0000000008002a2c       0x14 Drivers/STM32F7xx_HAL_Driver/Src/stm32f7xx_hal_tim.o
                0x0000000008002a2c                HAL_TIM_PWM_MspInit
 .text.HAL_TIM_PWM_Start
                0x0000000008002a40       0x88 Drivers/STM32F7xx_HAL_Driver/Src/stm32f7xx_hal_tim.o
                0x0000000008002a40                HAL_TIM_PWM_Start
 .text.HAL_TIM_PWM_Stop
                0x0000000008002ac8       0xb0 Drivers/STM32F7xx_HAL_Driver/Src/stm32f7xx_hal_tim.o
                0x0000000008002ac8                HAL_TIM_PWM_Stop
 .text.HAL_TIM_PWM_ConfigChannel
                0x0000000008002b78      0x230 Drivers/STM32F7xx_HAL_Driver/Src/stm32f7xx_hal_tim.o
                0x0000000008002b78                HAL_TIM_PWM_ConfigChannel
 .text.HAL_TIM_ConfigClockSource
                0x0000000008002da8      0x174 Drivers/STM32F7xx_HAL_Driver/Src/stm32f7xx_hal_tim.o
                0x0000000008002da8                HAL_TIM_ConfigClockSource
 .text.TIM_Base_SetConfig
                0x0000000008002f1c      0x140 Drivers/STM32F7xx_HAL_Driver/Src/stm32f7xx_hal_tim.o
                0x0000000008002f1c                TIM_Base_SetConfig
 .text.TIM_OC1_SetConfig
                0x000000000800305c       0xe4 Drivers/STM32F7xx_HAL_Driver/Src/stm32f7xx_hal_tim.o
 .text.TIM_OC2_SetConfig
                0x0000000008003140       0xf0 Drivers/STM32F7xx_HAL_Driver/Src/stm32f7xx_hal_tim.o
                0x0000000008003140                TIM_OC2_SetConfig
 .text.TIM_OC3_SetConfig
                0x0000000008003230       0xec Drivers/STM32F7xx_HAL_Driver/Src/stm32f7xx_hal_tim.o
 .text.TIM_OC4_SetConfig
                0x000000000800331c       0xb0 Drivers/STM32F7xx_HAL_Driver/Src/stm32f7xx_hal_tim.o
 .text.TIM_OC5_SetConfig
                0x00000000080033cc       0xa4 Drivers/STM32F7xx_HAL_Driver/Src/stm32f7xx_hal_tim.o
 .text.TIM_OC6_SetConfig
                0x0000000008003470       0xa8 Drivers/STM32F7xx_HAL_Driver/Src/stm32f7xx_hal_tim.o
 .text.TIM_TI1_ConfigInputStage
                0x0000000008003518       0x5e Drivers/STM32F7xx_HAL_Driver/Src/stm32f7xx_hal_tim.o
 .text.TIM_TI2_ConfigInputStage
                0x0000000008003576       0x60 Drivers/STM32F7xx_HAL_Driver/Src/stm32f7xx_hal_tim.o
 .text.TIM_ITRx_SetConfig
                0x00000000080035d6       0x36 Drivers/STM32F7xx_HAL_Driver/Src/stm32f7xx_hal_tim.o
 .text.TIM_ETR_SetConfig
                0x000000000800360c       0x40 Drivers/STM32F7xx_HAL_Driver/Src/stm32f7xx_hal_tim.o
                0x000000000800360c                TIM_ETR_SetConfig
 .text.TIM_CCxChannelCmd
                0x000000000800364c       0x4a Drivers/STM32F7xx_HAL_Driver/Src/stm32f7xx_hal_tim.o
                0x000000000800364c                TIM_CCxChannelCmd
 *fill*         0x0000000008003696        0x2 
 .text.HAL_TIMEx_MasterConfigSynchronization
                0x0000000008003698       0xb8 Drivers/STM32F7xx_HAL_Driver/Src/stm32f7xx_hal_tim_ex.o
                0x0000000008003698                HAL_TIMEx_MasterConfigSynchronization
 .text.HAL_TIMEx_ConfigBreakDeadTime
                0x0000000008003750       0xfc Drivers/STM32F7xx_HAL_Driver/Src/stm32f7xx_hal_tim_ex.o
                0x0000000008003750                HAL_TIMEx_ConfigBreakDeadTime
 .text.HAL_UART_Init
                0x000000000800384c       0x9c Drivers/STM32F7xx_HAL_Driver/Src/stm32f7xx_hal_uart.o
                0x000000000800384c                HAL_UART_Init
 .text.HAL_UART_Transmit
                0x00000000080038e8      0x122 Drivers/STM32F7xx_HAL_Driver/Src/stm32f7xx_hal_uart.o
                0x00000000080038e8                HAL_UART_Transmit
 *fill*         0x0000000008003a0a        0x2 
 .text.HAL_UART_Receive_IT
                0x0000000008003a0c      0x144 Drivers/STM32F7xx_HAL_Driver/Src/stm32f7xx_hal_uart.o
                0x0000000008003a0c                HAL_UART_Receive_IT
 .text.HAL_UART_IRQHandler
                0x0000000008003b50      0x238 Drivers/STM32F7xx_HAL_Driver/Src/stm32f7xx_hal_uart.o
                0x0000000008003b50                HAL_UART_IRQHandler
 .text.HAL_UART_TxCpltCallback
                0x0000000008003d88       0x14 Drivers/STM32F7xx_HAL_Driver/Src/stm32f7xx_hal_uart.o
                0x0000000008003d88                HAL_UART_TxCpltCallback
 .text.HAL_UART_RxCpltCallback
                0x0000000008003d9c       0x14 Drivers/STM32F7xx_HAL_Driver/Src/stm32f7xx_hal_uart.o
                0x0000000008003d9c                HAL_UART_RxCpltCallback
 .text.HAL_UART_ErrorCallback
                0x0000000008003db0       0x14 Drivers/STM32F7xx_HAL_Driver/Src/stm32f7xx_hal_uart.o
                0x0000000008003db0                HAL_UART_ErrorCallback
 .text.UART_SetConfig
                0x0000000008003dc4      0x548 Drivers/STM32F7xx_HAL_Driver/Src/stm32f7xx_hal_uart.o
                0x0000000008003dc4                UART_SetConfig
 .text.UART_AdvFeatureConfig
                0x000000000800430c      0x144 Drivers/STM32F7xx_HAL_Driver/Src/stm32f7xx_hal_uart.o
                0x000000000800430c                UART_AdvFeatureConfig
 .text.UART_CheckIdleState
                0x0000000008004450       0x5e Drivers/STM32F7xx_HAL_Driver/Src/stm32f7xx_hal_uart.o
                0x0000000008004450                UART_CheckIdleState
 .text.UART_WaitOnFlagUntilTimeout
                0x00000000080044ae       0x90 Drivers/STM32F7xx_HAL_Driver/Src/stm32f7xx_hal_uart.o
                0x00000000080044ae                UART_WaitOnFlagUntilTimeout
 .text.UART_EndRxTransfer
                0x000000000800453e       0x40 Drivers/STM32F7xx_HAL_Driver/Src/stm32f7xx_hal_uart.o
 .text.UART_DMAAbortOnError
                0x000000000800457e       0x2c Drivers/STM32F7xx_HAL_Driver/Src/stm32f7xx_hal_uart.o
 .text.UART_EndTransmit_IT
                0x00000000080045aa       0x32 Drivers/STM32F7xx_HAL_Driver/Src/stm32f7xx_hal_uart.o
 .text.UART_RxISR_8BIT
                0x00000000080045dc       0xa6 Drivers/STM32F7xx_HAL_Driver/Src/stm32f7xx_hal_uart.o
 .text.UART_RxISR_16BIT
                0x0000000008004682       0xa6 Drivers/STM32F7xx_HAL_Driver/Src/stm32f7xx_hal_uart.o
 .text.USB_CoreInit
                0x0000000008004728       0xb0 Drivers/STM32F7xx_HAL_Driver/Src/stm32f7xx_ll_usb.o
                0x0000000008004728                USB_CoreInit
 .text.USB_DisableGlobalInt
                0x00000000080047d8       0x22 Drivers/STM32F7xx_HAL_Driver/Src/stm32f7xx_ll_usb.o
                0x00000000080047d8                USB_DisableGlobalInt
 .text.USB_SetCurrentMode
                0x00000000080047fa       0x54 Drivers/STM32F7xx_HAL_Driver/Src/stm32f7xx_ll_usb.o
                0x00000000080047fa                USB_SetCurrentMode
 *fill*         0x000000000800484e        0x2 
 .text.USB_DevInit
                0x0000000008004850      0x2f8 Drivers/STM32F7xx_HAL_Driver/Src/stm32f7xx_ll_usb.o
                0x0000000008004850                USB_DevInit
 .text.USB_FlushTxFifo
                0x0000000008004b48       0x4c Drivers/STM32F7xx_HAL_Driver/Src/stm32f7xx_ll_usb.o
                0x0000000008004b48                USB_FlushTxFifo
 .text.USB_FlushRxFifo
                0x0000000008004b94       0x44 Drivers/STM32F7xx_HAL_Driver/Src/stm32f7xx_ll_usb.o
                0x0000000008004b94                USB_FlushRxFifo
 .text.USB_SetDevSpeed
                0x0000000008004bd8       0x32 Drivers/STM32F7xx_HAL_Driver/Src/stm32f7xx_ll_usb.o
                0x0000000008004bd8                USB_SetDevSpeed
 .text.USB_DevDisconnect
                0x0000000008004c0a       0x30 Drivers/STM32F7xx_HAL_Driver/Src/stm32f7xx_ll_usb.o
                0x0000000008004c0a                USB_DevDisconnect
 *fill*         0x0000000008004c3a        0x2 
 .text.USB_CoreReset
                0x0000000008004c3c       0x68 Drivers/STM32F7xx_HAL_Driver/Src/stm32f7xx_ll_usb.o
 .text.MX_ETH_Init
                0x0000000008004ca4       0x6c Src/eth.o
                0x0000000008004ca4                MX_ETH_Init
 .text.HAL_ETH_MspInit
                0x0000000008004d10      0x170 Src/eth.o
                0x0000000008004d10                HAL_ETH_MspInit
 .text.MX_GPIO_Init
                0x0000000008004e80      0x15c Src/gpio.o
                0x0000000008004e80                MX_GPIO_Init
 .text.ServicioLeer
                0x0000000008004fdc       0x90 Src/ioc.o
                0x0000000008004fdc                ServicioLeer
 .text.ServicioEscribir
                0x000000000800506c       0x30 Src/ioc.o
                0x000000000800506c                ServicioEscribir
 .text.ServicioTicks
                0x000000000800509c       0x28 Src/ioc.o
                0x000000000800509c                ServicioTicks
 .text.ServicioInitPWM
                0x00000000080050c4       0x14 Src/ioc.o
                0x00000000080050c4                ServicioInitPWM
 .text.ServicioPWMDutyCycle
                0x00000000080050d8       0x24 Src/ioc.o
                0x00000000080050d8                ServicioPWMDutyCycle
 .text.ServicioStopPWM
                0x00000000080050fc       0x14 Src/ioc.o
                0x00000000080050fc                ServicioStopPWM
 .text.InitPWM  0x0000000008005110       0x14 Src/ioc.o
                0x0000000008005110                InitPWM
 .text.DutyCycle
                0x0000000008005124       0x30 Src/ioc.o
                0x0000000008005124                DutyCycle
 .text.USART3_IRQHandler
                0x0000000008005154       0x48 Src/ioc.o
                0x0000000008005154                USART3_IRQHandler
 .text.LlamadaSistema
                0x000000000800519c       0x78 Src/llamadasalsistema.o
                0x000000000800519c                LlamadaSistema
 .text.main     0x0000000008005214       0xa0 Src/main.o
                0x0000000008005214                main
 .text.SystemClock_Config
                0x00000000080052b4      0x12c Src/main.o
                0x00000000080052b4                SystemClock_Config
 .text.Error_Handler
                0x00000000080053e0        0xe Src/main.o
                0x00000000080053e0                Error_Handler
 *fill*         0x00000000080053ee        0x2 
 .text.HAL_MspInit
                0x00000000080053f0       0x48 Src/stm32f7xx_hal_msp.o
                0x00000000080053f0                HAL_MspInit
 .text.NMI_Handler
                0x0000000008005438        0xe Src/stm32f7xx_it.o
                0x0000000008005438                NMI_Handler
 .text.HardFault_Handler
                0x0000000008005446        0x6 Src/stm32f7xx_it.o
                0x0000000008005446                HardFault_Handler
 .text.MemManage_Handler
                0x000000000800544c        0x6 Src/stm32f7xx_it.o
                0x000000000800544c                MemManage_Handler
 .text.BusFault_Handler
                0x0000000008005452        0x6 Src/stm32f7xx_it.o
                0x0000000008005452                BusFault_Handler
 .text.UsageFault_Handler
                0x0000000008005458        0x6 Src/stm32f7xx_it.o
                0x0000000008005458                UsageFault_Handler
 .text.SVC_Handler
                0x000000000800545e       0x28 Src/stm32f7xx_it.o
                0x000000000800545e                SVC_Handler
 .text.DebugMon_Handler
                0x0000000008005486        0xe Src/stm32f7xx_it.o
                0x0000000008005486                DebugMon_Handler
 .text.PendSV_Handler
                0x0000000008005494        0xe Src/stm32f7xx_it.o
                0x0000000008005494                PendSV_Handler
 .text.SysTick_Handler
                0x00000000080054a2        0xc Src/stm32f7xx_it.o
                0x00000000080054a2                SysTick_Handler
 *fill*         0x00000000080054ae        0x2 
 .text.SystemInit
                0x00000000080054b0       0x6c Src/system_stm32f7xx.o
                0x00000000080054b0                SystemInit
 .text.MX_TIM1_Init
                0x000000000800551c      0x15c Src/tim.o
                0x000000000800551c                MX_TIM1_Init
 .text.HAL_TIM_Base_MspInit
                0x0000000008005678       0x40 Src/tim.o
                0x0000000008005678                HAL_TIM_Base_MspInit
 .text.HAL_TIM_MspPostInit
                0x00000000080056b8       0x70 Src/tim.o
                0x00000000080056b8                HAL_TIM_MspPostInit
 .text.MX_USART3_UART_Init
                0x0000000008005728       0x60 Src/usart.o
                0x0000000008005728                MX_USART3_UART_Init
 .text.HAL_UART_MspInit
                0x0000000008005788       0x98 Src/usart.o
                0x0000000008005788                HAL_UART_MspInit
 .text.MX_USB_OTG_FS_PCD_Init
                0x0000000008005820       0x5c Src/usb_otg.o
                0x0000000008005820                MX_USB_OTG_FS_PCD_Init
 .text.HAL_PCD_MspInit
                0x000000000800587c       0xb8 Src/usb_otg.o
                0x000000000800587c                HAL_PCD_MspInit
 .text.Reset_Handler
                0x0000000008005934       0x50 Startup/startup_stm32f767zitx.o
                0x0000000008005934                Reset_Handler
 .text.Default_Handler
                0x0000000008005984        0x2 Startup/startup_stm32f767zitx.o
                0x0000000008005984                RTC_Alarm_IRQHandler
                0x0000000008005984                EXTI2_IRQHandler
                0x0000000008005984                TIM8_CC_IRQHandler
                0x0000000008005984                UART8_IRQHandler
                0x0000000008005984                SPI4_IRQHandler
                0x0000000008005984                TIM1_CC_IRQHandler
                0x0000000008005984                DMA2_Stream5_IRQHandler
                0x0000000008005984                JPEG_IRQHandler
                0x0000000008005984                DMA1_Stream5_IRQHandler
                0x0000000008005984                CAN3_RX1_IRQHandler
                0x0000000008005984                PVD_IRQHandler
                0x0000000008005984                TAMP_STAMP_IRQHandler
                0x0000000008005984                CAN2_RX1_IRQHandler
                0x0000000008005984                EXTI3_IRQHandler
                0x0000000008005984                TIM8_TRG_COM_TIM14_IRQHandler
                0x0000000008005984                DFSDM1_FLT1_IRQHandler
                0x0000000008005984                TIM1_UP_TIM10_IRQHandler
                0x0000000008005984                TIM8_UP_TIM13_IRQHandler
                0x0000000008005984                I2C3_ER_IRQHandler
                0x0000000008005984                DFSDM1_FLT2_IRQHandler
                0x0000000008005984                EXTI0_IRQHandler
                0x0000000008005984                I2C2_EV_IRQHandler
                0x0000000008005984                DMA1_Stream2_IRQHandler
                0x0000000008005984                CAN1_RX0_IRQHandler
                0x0000000008005984                FPU_IRQHandler
                0x0000000008005984                OTG_HS_WKUP_IRQHandler
                0x0000000008005984                CAN3_SCE_IRQHandler
                0x0000000008005984                LTDC_ER_IRQHandler
                0x0000000008005984                CAN2_SCE_IRQHandler
                0x0000000008005984                DMA2_Stream2_IRQHandler
                0x0000000008005984                SPI1_IRQHandler
                0x0000000008005984                TIM6_DAC_IRQHandler
                0x0000000008005984                TIM1_BRK_TIM9_IRQHandler
                0x0000000008005984                DCMI_IRQHandler
                0x0000000008005984                CAN2_RX0_IRQHandler
                0x0000000008005984                DMA2_Stream3_IRQHandler
                0x0000000008005984                SAI2_IRQHandler
                0x0000000008005984                DFSDM1_FLT3_IRQHandler
                0x0000000008005984                USART6_IRQHandler
                0x0000000008005984                CAN3_RX0_IRQHandler
                0x0000000008005984                CAN1_RX1_IRQHandler
                0x0000000008005984                UART5_IRQHandler
                0x0000000008005984                DMA2_Stream0_IRQHandler
                0x0000000008005984                TIM4_IRQHandler
                0x0000000008005984                QUADSPI_IRQHandler
                0x0000000008005984                I2C1_EV_IRQHandler
                0x0000000008005984                DMA1_Stream6_IRQHandler
                0x0000000008005984                DMA1_Stream1_IRQHandler
                0x0000000008005984                UART4_IRQHandler
                0x0000000008005984                TIM3_IRQHandler
                0x0000000008005984                RCC_IRQHandler
                0x0000000008005984                TIM8_BRK_TIM12_IRQHandler
                0x0000000008005984                Default_Handler
                0x0000000008005984                CEC_IRQHandler
                0x0000000008005984                EXTI15_10_IRQHandler
                0x0000000008005984                ADC_IRQHandler
                0x0000000008005984                DMA1_Stream7_IRQHandler
                0x0000000008005984                SPI5_IRQHandler
                0x0000000008005984                TIM7_IRQHandler
                0x0000000008005984                SDMMC1_IRQHandler
                0x0000000008005984                CAN2_TX_IRQHandler
                0x0000000008005984                TIM5_IRQHandler
                0x0000000008005984                DMA2_Stream7_IRQHandler
                0x0000000008005984                I2C3_EV_IRQHandler
                0x0000000008005984                EXTI9_5_IRQHandler
                0x0000000008005984                RTC_WKUP_IRQHandler
                0x0000000008005984                LTDC_IRQHandler
                0x0000000008005984                ETH_WKUP_IRQHandler
                0x0000000008005984                SPDIF_RX_IRQHandler
                0x0000000008005984                SPI2_IRQHandler
                0x0000000008005984                OTG_HS_EP1_IN_IRQHandler
                0x0000000008005984                DMA1_Stream0_IRQHandler
                0x0000000008005984                CAN1_TX_IRQHandler
                0x0000000008005984                EXTI4_IRQHandler
                0x0000000008005984                RNG_IRQHandler
                0x0000000008005984                ETH_IRQHandler
                0x0000000008005984                OTG_HS_EP1_OUT_IRQHandler
                0x0000000008005984                WWDG_IRQHandler
                0x0000000008005984                SPI6_IRQHandler
                0x0000000008005984                MDIOS_IRQHandler
                0x0000000008005984                I2C4_EV_IRQHandler
                0x0000000008005984                CAN3_TX_IRQHandler
                0x0000000008005984                TIM2_IRQHandler
                0x0000000008005984                OTG_FS_WKUP_IRQHandler
                0x0000000008005984                TIM1_TRG_COM_TIM11_IRQHandler
                0x0000000008005984                OTG_HS_IRQHandler
                0x0000000008005984                DMA2D_IRQHandler
                0x0000000008005984                EXTI1_IRQHandler
                0x0000000008005984                SDMMC2_IRQHandler
                0x0000000008005984                UART7_IRQHandler
                0x0000000008005984                USART2_IRQHandler
                0x0000000008005984                DFSDM1_FLT0_IRQHandler
                0x0000000008005984                I2C2_ER_IRQHandler
                0x0000000008005984                DMA2_Stream1_IRQHandler
                0x0000000008005984                CAN1_SCE_IRQHandler
                0x0000000008005984                FLASH_IRQHandler
                0x0000000008005984                DMA2_Stream4_IRQHandler
                0x0000000008005984                USART1_IRQHandler
                0x0000000008005984                OTG_FS_IRQHandler
                0x0000000008005984                SPI3_IRQHandler
                0x0000000008005984                DMA1_Stream4_IRQHandler
                0x0000000008005984                I2C1_ER_IRQHandler
                0x0000000008005984                FMC_IRQHandler
                0x0000000008005984                LPTIM1_IRQHandler
                0x0000000008005984                I2C4_ER_IRQHandler
                0x0000000008005984                DMA2_Stream6_IRQHandler
                0x0000000008005984                SAI1_IRQHandler
                0x0000000008005984                DMA1_Stream3_IRQHandler
 *fill*         0x0000000008005986        0x2 
 .text.__libc_init_array
                0x0000000008005988       0x48 /opt/st/stm32cubeide_1.0.2/plugins/com.st.stm32cube.ide.mcu.externaltools.gnu-tools-for-stm32.7-2018-q2-update.linux64_1.0.0.201904181610/tools/bin/../lib/gcc/arm-none-eabi/7.3.1/../../../../arm-none-eabi/lib/thumb/v7e-m/fpv5/hard/libc_nano.a(lib_a-init.o)
                0x0000000008005988                __libc_init_array
 .text.memset   0x00000000080059d0       0x10 /opt/st/stm32cubeide_1.0.2/plugins/com.st.stm32cube.ide.mcu.externaltools.gnu-tools-for-stm32.7-2018-q2-update.linux64_1.0.0.201904181610/tools/bin/../lib/gcc/arm-none-eabi/7.3.1/../../../../arm-none-eabi/lib/thumb/v7e-m/fpv5/hard/libc_nano.a(lib_a-memset.o)
                0x00000000080059d0                memset
 *(.glue_7)
 .glue_7        0x00000000080059e0        0x0 linker stubs
 *(.glue_7t)
 .glue_7t       0x00000000080059e0        0x0 linker stubs
 *(.eh_frame)
 .eh_frame      0x00000000080059e0        0x0 /opt/st/stm32cubeide_1.0.2/plugins/com.st.stm32cube.ide.mcu.externaltools.gnu-tools-for-stm32.7-2018-q2-update.linux64_1.0.0.201904181610/tools/bin/../lib/gcc/arm-none-eabi/7.3.1/thumb/v7e-m/fpv5/hard/crtbegin.o
 *(.init)
 .init          0x00000000080059e0        0x4 /opt/st/stm32cubeide_1.0.2/plugins/com.st.stm32cube.ide.mcu.externaltools.gnu-tools-for-stm32.7-2018-q2-update.linux64_1.0.0.201904181610/tools/bin/../lib/gcc/arm-none-eabi/7.3.1/thumb/v7e-m/fpv5/hard/crti.o
                0x00000000080059e0                _init
 .init          0x00000000080059e4        0x8 /opt/st/stm32cubeide_1.0.2/plugins/com.st.stm32cube.ide.mcu.externaltools.gnu-tools-for-stm32.7-2018-q2-update.linux64_1.0.0.201904181610/tools/bin/../lib/gcc/arm-none-eabi/7.3.1/thumb/v7e-m/fpv5/hard/crtn.o
 *(.fini)
 .fini          0x00000000080059ec        0x4 /opt/st/stm32cubeide_1.0.2/plugins/com.st.stm32cube.ide.mcu.externaltools.gnu-tools-for-stm32.7-2018-q2-update.linux64_1.0.0.201904181610/tools/bin/../lib/gcc/arm-none-eabi/7.3.1/thumb/v7e-m/fpv5/hard/crti.o
                0x00000000080059ec                _fini
 .fini          0x00000000080059f0        0x8 /opt/st/stm32cubeide_1.0.2/plugins/com.st.stm32cube.ide.mcu.externaltools.gnu-tools-for-stm32.7-2018-q2-update.linux64_1.0.0.201904181610/tools/bin/../lib/gcc/arm-none-eabi/7.3.1/thumb/v7e-m/fpv5/hard/crtn.o
                0x00000000080059f8                . = ALIGN (0x4)
                0x00000000080059f8                _etext = .

.vfp11_veneer   0x00000000080059f8        0x0
 .vfp11_veneer  0x00000000080059f8        0x0 linker stubs

.v4_bx          0x00000000080059f8        0x0
 .v4_bx         0x00000000080059f8        0x0 linker stubs

.iplt           0x00000000080059f8        0x0
 .iplt          0x00000000080059f8        0x0 /opt/st/stm32cubeide_1.0.2/plugins/com.st.stm32cube.ide.mcu.externaltools.gnu-tools-for-stm32.7-2018-q2-update.linux64_1.0.0.201904181610/tools/bin/../lib/gcc/arm-none-eabi/7.3.1/thumb/v7e-m/fpv5/hard/crtbegin.o

.rodata         0x00000000080059f8       0x18
                0x00000000080059f8                . = ALIGN (0x4)
 *(.rodata)
 *(.rodata*)
 .rodata.AHBPrescTable
                0x00000000080059f8       0x10 Src/system_stm32f7xx.o
                0x00000000080059f8                AHBPrescTable
 .rodata.APBPrescTable
                0x0000000008005a08        0x8 Src/system_stm32f7xx.o
                0x0000000008005a08                APBPrescTable
                0x0000000008005a10                . = ALIGN (0x4)

.ARM.extab      0x0000000008005a10        0x0
                0x0000000008005a10                . = ALIGN (0x4)
 *(.ARM.extab* .gnu.linkonce.armextab.*)
                0x0000000008005a10                . = ALIGN (0x4)

.ARM            0x0000000008005a10        0x8
                0x0000000008005a10                . = ALIGN (0x4)
                0x0000000008005a10                __exidx_start = .
 *(.ARM.exidx*)
 .ARM.exidx     0x0000000008005a10        0x8 /opt/st/stm32cubeide_1.0.2/plugins/com.st.stm32cube.ide.mcu.externaltools.gnu-tools-for-stm32.7-2018-q2-update.linux64_1.0.0.201904181610/tools/bin/../lib/gcc/arm-none-eabi/7.3.1/thumb/v7e-m/fpv5/hard/libgcc.a(_udivmoddi4.o)
                0x0000000008005a18                __exidx_end = .
                0x0000000008005a18                . = ALIGN (0x4)

.rel.dyn        0x0000000008005a18        0x0
 .rel.iplt      0x0000000008005a18        0x0 /opt/st/stm32cubeide_1.0.2/plugins/com.st.stm32cube.ide.mcu.externaltools.gnu-tools-for-stm32.7-2018-q2-update.linux64_1.0.0.201904181610/tools/bin/../lib/gcc/arm-none-eabi/7.3.1/thumb/v7e-m/fpv5/hard/crtbegin.o

.preinit_array  0x0000000008005a18        0x0
                0x0000000008005a18                . = ALIGN (0x4)
                0x0000000008005a18                PROVIDE (__preinit_array_start = .)
 *(.preinit_array*)
                0x0000000008005a18                PROVIDE (__preinit_array_end = .)
                0x0000000008005a18                . = ALIGN (0x4)

.init_array     0x0000000008005a18        0x4
                0x0000000008005a18                . = ALIGN (0x4)
                0x0000000008005a18                PROVIDE (__init_array_start = .)
 *(SORT_BY_NAME(.init_array.*))
 *(.init_array*)
 .init_array    0x0000000008005a18        0x4 /opt/st/stm32cubeide_1.0.2/plugins/com.st.stm32cube.ide.mcu.externaltools.gnu-tools-for-stm32.7-2018-q2-update.linux64_1.0.0.201904181610/tools/bin/../lib/gcc/arm-none-eabi/7.3.1/thumb/v7e-m/fpv5/hard/crtbegin.o
                0x0000000008005a1c                PROVIDE (__init_array_end = .)
                0x0000000008005a1c                . = ALIGN (0x4)

.fini_array     0x0000000008005a1c        0x4
                0x0000000008005a1c                . = ALIGN (0x4)
                [!provide]                        PROVIDE (__fini_array_start = .)
 *(SORT_BY_NAME(.fini_array.*))
 *(.fini_array*)
 .fini_array    0x0000000008005a1c        0x4 /opt/st/stm32cubeide_1.0.2/plugins/com.st.stm32cube.ide.mcu.externaltools.gnu-tools-for-stm32.7-2018-q2-update.linux64_1.0.0.201904181610/tools/bin/../lib/gcc/arm-none-eabi/7.3.1/thumb/v7e-m/fpv5/hard/crtbegin.o
                [!provide]                        PROVIDE (__fini_array_end = .)
                0x0000000008005a20                . = ALIGN (0x4)
                0x0000000008005a20                _sidata = LOADADDR (.data)

.data           0x0000000020000000        0xc load address 0x0000000008005a20
                0x0000000020000000                . = ALIGN (0x4)
                0x0000000020000000                _sdata = .
 *(.data)
 *(.data*)
 .data.uwTickPrio
                0x0000000020000000        0x4 Drivers/STM32F7xx_HAL_Driver/Src/stm32f7xx_hal.o
                0x0000000020000000                uwTickPrio
 .data.uwTickFreq
                0x0000000020000004        0x1 Drivers/STM32F7xx_HAL_Driver/Src/stm32f7xx_hal.o
                0x0000000020000004                uwTickFreq
 *fill*         0x0000000020000005        0x3 
 .data.SystemCoreClock
                0x0000000020000008        0x4 Src/system_stm32f7xx.o
                0x0000000020000008                SystemCoreClock
                0x000000002000000c                . = ALIGN (0x4)
                0x000000002000000c                _edata = .

.igot.plt       0x000000002000000c        0x0 load address 0x0000000008005a2c
 .igot.plt      0x000000002000000c        0x0 /opt/st/stm32cubeide_1.0.2/plugins/com.st.stm32cube.ide.mcu.externaltools.gnu-tools-for-stm32.7-2018-q2-update.linux64_1.0.0.201904181610/tools/bin/../lib/gcc/arm-none-eabi/7.3.1/thumb/v7e-m/fpv5/hard/crtbegin.o
                0x000000002000000c                . = ALIGN (0x4)

.bss            0x000000002000000c      0x93c load address 0x0000000008005a2c
                0x000000002000000c                _sbss = .
                0x000000002000000c                __bss_start__ = _sbss
 *(.bss)
 .bss           0x000000002000000c       0x1c /opt/st/stm32cubeide_1.0.2/plugins/com.st.stm32cube.ide.mcu.externaltools.gnu-tools-for-stm32.7-2018-q2-update.linux64_1.0.0.201904181610/tools/bin/../lib/gcc/arm-none-eabi/7.3.1/thumb/v7e-m/fpv5/hard/crtbegin.o
 *(.bss*)
 *(COMMON)
 COMMON         0x0000000020000028        0x4 Drivers/STM32F7xx_HAL_Driver/Src/stm32f7xx_hal.o
                0x0000000020000028                uwTick
 COMMON         0x000000002000002c       0x48 Src/eth.o
                0x000000002000002c                heth
 COMMON         0x0000000020000074      0x410 Src/ioc.o
                0x0000000020000074                consola
 COMMON         0x0000000020000484       0x40 Src/tim.o
                0x0000000020000484                htim1
 COMMON         0x00000000200004c4       0x80 Src/usart.o
                0x00000000200004c4                huart3
 COMMON         0x0000000020000544      0x404 Src/usb_otg.o
                0x0000000020000544                hpcd_USB_OTG_FS
                0x0000000020000948                . = ALIGN (0x4)
                0x0000000020000948                _ebss = .
                0x0000000020000948                __bss_end__ = _ebss

._user_heap_stack
                0x0000000020000948      0x600 load address 0x0000000008005a2c
                0x0000000020000948                . = ALIGN (0x8)
                0x0000000020000948                PROVIDE (end = .)
                [!provide]                        PROVIDE (_end = .)
                0x0000000020000b48                . = (. + _Min_Heap_Size)
 *fill*         0x0000000020000948      0x200 
                0x0000000020000f48                . = (. + _Min_Stack_Size)
 *fill*         0x0000000020000b48      0x400 
                0x0000000020000f48                . = ALIGN (0x8)

/DISCARD/
 libc.a(*)
 libm.a(*)
 libgcc.a(*)

.ARM.attributes
                0x0000000000000000       0x2e
 *(.ARM.attributes)
 .ARM.attributes
                0x0000000000000000       0x20 /opt/st/stm32cubeide_1.0.2/plugins/com.st.stm32cube.ide.mcu.externaltools.gnu-tools-for-stm32.7-2018-q2-update.linux64_1.0.0.201904181610/tools/bin/../lib/gcc/arm-none-eabi/7.3.1/thumb/v7e-m/fpv5/hard/crti.o
 .ARM.attributes
                0x0000000000000020       0x32 /opt/st/stm32cubeide_1.0.2/plugins/com.st.stm32cube.ide.mcu.externaltools.gnu-tools-for-stm32.7-2018-q2-update.linux64_1.0.0.201904181610/tools/bin/../lib/gcc/arm-none-eabi/7.3.1/thumb/v7e-m/fpv5/hard/crtbegin.o
 .ARM.attributes
                0x0000000000000052       0x37 Drivers/STM32F7xx_HAL_Driver/Src/stm32f7xx_hal.o
 .ARM.attributes
                0x0000000000000089       0x37 Drivers/STM32F7xx_HAL_Driver/Src/stm32f7xx_hal_cortex.o
 .ARM.attributes
                0x00000000000000c0       0x37 Drivers/STM32F7xx_HAL_Driver/Src/stm32f7xx_hal_dma.o
 .ARM.attributes
                0x00000000000000f7       0x37 Drivers/STM32F7xx_HAL_Driver/Src/stm32f7xx_hal_eth.o
 .ARM.attributes
                0x000000000000012e       0x37 Drivers/STM32F7xx_HAL_Driver/Src/stm32f7xx_hal_gpio.o
 .ARM.attributes
                0x0000000000000165       0x37 Drivers/STM32F7xx_HAL_Driver/Src/stm32f7xx_hal_pcd.o
 .ARM.attributes
                0x000000000000019c       0x37 Drivers/STM32F7xx_HAL_Driver/Src/stm32f7xx_hal_pcd_ex.o
 .ARM.attributes
                0x00000000000001d3       0x37 Drivers/STM32F7xx_HAL_Driver/Src/stm32f7xx_hal_pwr.o
 .ARM.attributes
                0x000000000000020a       0x37 Drivers/STM32F7xx_HAL_Driver/Src/stm32f7xx_hal_pwr_ex.o
 .ARM.attributes
                0x0000000000000241       0x37 Drivers/STM32F7xx_HAL_Driver/Src/stm32f7xx_hal_rcc.o
 .ARM.attributes
                0x0000000000000278       0x37 Drivers/STM32F7xx_HAL_Driver/Src/stm32f7xx_hal_rcc_ex.o
 .ARM.attributes
                0x00000000000002af       0x37 Drivers/STM32F7xx_HAL_Driver/Src/stm32f7xx_hal_tim.o
 .ARM.attributes
                0x00000000000002e6       0x37 Drivers/STM32F7xx_HAL_Driver/Src/stm32f7xx_hal_tim_ex.o
 .ARM.attributes
                0x000000000000031d       0x37 Drivers/STM32F7xx_HAL_Driver/Src/stm32f7xx_hal_uart.o
 .ARM.attributes
                0x0000000000000354       0x37 Drivers/STM32F7xx_HAL_Driver/Src/stm32f7xx_ll_usb.o
 .ARM.attributes
                0x000000000000038b       0x37 Src/eth.o
 .ARM.attributes
                0x00000000000003c2       0x37 Src/gpio.o
 .ARM.attributes
                0x00000000000003f9       0x37 Src/ioc.o
 .ARM.attributes
                0x0000000000000430       0x37 Src/llamadasalsistema.o
 .ARM.attributes
                0x0000000000000467       0x37 Src/main.o
 .ARM.attributes
                0x000000000000049e       0x37 Src/stm32f7xx_hal_msp.o
 .ARM.attributes
                0x00000000000004d5       0x37 Src/stm32f7xx_it.o
 .ARM.attributes
                0x000000000000050c       0x37 Src/system_stm32f7xx.o
 .ARM.attributes
                0x0000000000000543       0x37 Src/tim.o
 .ARM.attributes
                0x000000000000057a       0x37 Src/usart.o
 .ARM.attributes
                0x00000000000005b1       0x37 Src/usb_otg.o
 .ARM.attributes
                0x00000000000005e8       0x21 Startup/startup_stm32f767zitx.o
 .ARM.attributes
                0x0000000000000609       0x32 /opt/st/stm32cubeide_1.0.2/plugins/com.st.stm32cube.ide.mcu.externaltools.gnu-tools-for-stm32.7-2018-q2-update.linux64_1.0.0.201904181610/tools/bin/../lib/gcc/arm-none-eabi/7.3.1/../../../../arm-none-eabi/lib/thumb/v7e-m/fpv5/hard/libc_nano.a(lib_a-init.o)
 .ARM.attributes
                0x000000000000063b       0x32 /opt/st/stm32cubeide_1.0.2/plugins/com.st.stm32cube.ide.mcu.externaltools.gnu-tools-for-stm32.7-2018-q2-update.linux64_1.0.0.201904181610/tools/bin/../lib/gcc/arm-none-eabi/7.3.1/../../../../arm-none-eabi/lib/thumb/v7e-m/fpv5/hard/libc_nano.a(lib_a-memset.o)
 .ARM.attributes
                0x000000000000066d       0x20 /opt/st/stm32cubeide_1.0.2/plugins/com.st.stm32cube.ide.mcu.externaltools.gnu-tools-for-stm32.7-2018-q2-update.linux64_1.0.0.201904181610/tools/bin/../lib/gcc/arm-none-eabi/7.3.1/thumb/v7e-m/fpv5/hard/libgcc.a(_aeabi_uldivmod.o)
 .ARM.attributes
                0x000000000000068d       0x32 /opt/st/stm32cubeide_1.0.2/plugins/com.st.stm32cube.ide.mcu.externaltools.gnu-tools-for-stm32.7-2018-q2-update.linux64_1.0.0.201904181610/tools/bin/../lib/gcc/arm-none-eabi/7.3.1/thumb/v7e-m/fpv5/hard/libgcc.a(_udivmoddi4.o)
 .ARM.attributes
                0x00000000000006bf       0x20 /opt/st/stm32cubeide_1.0.2/plugins/com.st.stm32cube.ide.mcu.externaltools.gnu-tools-for-stm32.7-2018-q2-update.linux64_1.0.0.201904181610/tools/bin/../lib/gcc/arm-none-eabi/7.3.1/thumb/v7e-m/fpv5/hard/libgcc.a(_dvmd_tls.o)
 .ARM.attributes
                0x00000000000006df       0x20 /opt/st/stm32cubeide_1.0.2/plugins/com.st.stm32cube.ide.mcu.externaltools.gnu-tools-for-stm32.7-2018-q2-update.linux64_1.0.0.201904181610/tools/bin/../lib/gcc/arm-none-eabi/7.3.1/thumb/v7e-m/fpv5/hard/crtn.o
OUTPUT(KernelItt328.elf elf32-littlearm)

.debug_info     0x0000000000000000    0x15635
 .debug_info    0x0000000000000000      0xa37 Drivers/STM32F7xx_HAL_Driver/Src/stm32f7xx_hal.o
 .debug_info    0x0000000000000a37     0x108c Drivers/STM32F7xx_HAL_Driver/Src/stm32f7xx_hal_cortex.o
 .debug_info    0x0000000000001ac3      0x968 Drivers/STM32F7xx_HAL_Driver/Src/stm32f7xx_hal_dma.o
 .debug_info    0x000000000000242b     0x14a9 Drivers/STM32F7xx_HAL_Driver/Src/stm32f7xx_hal_eth.o
 .debug_info    0x00000000000038d4      0x7e9 Drivers/STM32F7xx_HAL_Driver/Src/stm32f7xx_hal_gpio.o
 .debug_info    0x00000000000040bd     0x1139 Drivers/STM32F7xx_HAL_Driver/Src/stm32f7xx_hal_pcd.o
 .debug_info    0x00000000000051f6      0x810 Drivers/STM32F7xx_HAL_Driver/Src/stm32f7xx_hal_pcd_ex.o
 .debug_info    0x0000000000005a06      0x9b4 Drivers/STM32F7xx_HAL_Driver/Src/stm32f7xx_hal_pwr.o
 .debug_info    0x00000000000063ba      0x96b Drivers/STM32F7xx_HAL_Driver/Src/stm32f7xx_hal_pwr_ex.o
 .debug_info    0x0000000000006d25      0x987 Drivers/STM32F7xx_HAL_Driver/Src/stm32f7xx_hal_rcc.o
 .debug_info    0x00000000000076ac      0x7d1 Drivers/STM32F7xx_HAL_Driver/Src/stm32f7xx_hal_rcc_ex.o
 .debug_info    0x0000000000007e7d     0x25ba Drivers/STM32F7xx_HAL_Driver/Src/stm32f7xx_hal_tim.o
 .debug_info    0x000000000000a437     0x1307 Drivers/STM32F7xx_HAL_Driver/Src/stm32f7xx_hal_tim_ex.o
 .debug_info    0x000000000000b73e     0x1639 Drivers/STM32F7xx_HAL_Driver/Src/stm32f7xx_hal_uart.o
 .debug_info    0x000000000000cd77     0x1910 Drivers/STM32F7xx_HAL_Driver/Src/stm32f7xx_ll_usb.o
 .debug_info    0x000000000000e687      0xc52 Src/eth.o
 .debug_info    0x000000000000f2d9      0x543 Src/gpio.o
 .debug_info    0x000000000000f81c      0xc4a Src/ioc.o
 .debug_info    0x0000000000010466       0xb4 Src/llamadasalsistema.o
 .debug_info    0x000000000001051a     0x1ba0 Src/main.o
 .debug_info    0x00000000000120ba      0x389 Src/stm32f7xx_hal_msp.o
 .debug_info    0x0000000000012443      0x794 Src/stm32f7xx_it.o
 .debug_info    0x0000000000012bd7      0x73d Src/system_stm32f7xx.o
 .debug_info    0x0000000000013314      0xc1d Src/tim.o
 .debug_info    0x0000000000013f31      0xd0e Src/usart.o
 .debug_info    0x0000000000014c3f      0x9d4 Src/usb_otg.o
 .debug_info    0x0000000000015613       0x22 Startup/startup_stm32f767zitx.o

.debug_abbrev   0x0000000000000000     0x2fce
 .debug_abbrev  0x0000000000000000      0x1c7 Drivers/STM32F7xx_HAL_Driver/Src/stm32f7xx_hal.o
 .debug_abbrev  0x00000000000001c7      0x2fa Drivers/STM32F7xx_HAL_Driver/Src/stm32f7xx_hal_cortex.o
 .debug_abbrev  0x00000000000004c1      0x229 Drivers/STM32F7xx_HAL_Driver/Src/stm32f7xx_hal_dma.o
 .debug_abbrev  0x00000000000006ea      0x23e Drivers/STM32F7xx_HAL_Driver/Src/stm32f7xx_hal_eth.o
 .debug_abbrev  0x0000000000000928      0x1c9 Drivers/STM32F7xx_HAL_Driver/Src/stm32f7xx_hal_gpio.o
 .debug_abbrev  0x0000000000000af1      0x257 Drivers/STM32F7xx_HAL_Driver/Src/stm32f7xx_hal_pcd.o
 .debug_abbrev  0x0000000000000d48      0x1c0 Drivers/STM32F7xx_HAL_Driver/Src/stm32f7xx_hal_pcd_ex.o
 .debug_abbrev  0x0000000000000f08      0x1b6 Drivers/STM32F7xx_HAL_Driver/Src/stm32f7xx_hal_pwr.o
 .debug_abbrev  0x00000000000010be      0x1b8 Drivers/STM32F7xx_HAL_Driver/Src/stm32f7xx_hal_pwr_ex.o
 .debug_abbrev  0x0000000000001276      0x268 Drivers/STM32F7xx_HAL_Driver/Src/stm32f7xx_hal_rcc.o
 .debug_abbrev  0x00000000000014de      0x1ad Drivers/STM32F7xx_HAL_Driver/Src/stm32f7xx_hal_rcc_ex.o
 .debug_abbrev  0x000000000000168b      0x230 Drivers/STM32F7xx_HAL_Driver/Src/stm32f7xx_hal_tim.o
 .debug_abbrev  0x00000000000018bb      0x21e Drivers/STM32F7xx_HAL_Driver/Src/stm32f7xx_hal_tim_ex.o
 .debug_abbrev  0x0000000000001ad9      0x205 Drivers/STM32F7xx_HAL_Driver/Src/stm32f7xx_hal_uart.o
 .debug_abbrev  0x0000000000001cde      0x23f Drivers/STM32F7xx_HAL_Driver/Src/stm32f7xx_ll_usb.o
 .debug_abbrev  0x0000000000001f1d      0x198 Src/eth.o
 .debug_abbrev  0x00000000000020b5      0x134 Src/gpio.o
 .debug_abbrev  0x00000000000021e9      0x264 Src/ioc.o
 .debug_abbrev  0x000000000000244d       0x7d Src/llamadasalsistema.o
 .debug_abbrev  0x00000000000024ca      0x214 Src/main.o
 .debug_abbrev  0x00000000000026de      0x109 Src/stm32f7xx_hal_msp.o
 .debug_abbrev  0x00000000000027e7      0x181 Src/stm32f7xx_it.o
 .debug_abbrev  0x0000000000002968      0x147 Src/system_stm32f7xx.o
 .debug_abbrev  0x0000000000002aaf      0x1b9 Src/tim.o
 .debug_abbrev  0x0000000000002c68      0x1a2 Src/usart.o
 .debug_abbrev  0x0000000000002e0a      0x1b2 Src/usb_otg.o
 .debug_abbrev  0x0000000000002fbc       0x12 Startup/startup_stm32f767zitx.o

.debug_aranges  0x0000000000000000     0x12e0
 .debug_aranges
                0x0000000000000000      0x110 Drivers/STM32F7xx_HAL_Driver/Src/stm32f7xx_hal.o
 .debug_aranges
                0x0000000000000110      0x118 Drivers/STM32F7xx_HAL_Driver/Src/stm32f7xx_hal_cortex.o
 .debug_aranges
                0x0000000000000228       0x90 Drivers/STM32F7xx_HAL_Driver/Src/stm32f7xx_hal_dma.o
 .debug_aranges
                0x00000000000002b8      0x110 Drivers/STM32F7xx_HAL_Driver/Src/stm32f7xx_hal_eth.o
 .debug_aranges
                0x00000000000003c8       0x58 Drivers/STM32F7xx_HAL_Driver/Src/stm32f7xx_hal_gpio.o
 .debug_aranges
                0x0000000000000420      0x130 Drivers/STM32F7xx_HAL_Driver/Src/stm32f7xx_hal_pcd.o
 .debug_aranges
                0x0000000000000550       0x48 Drivers/STM32F7xx_HAL_Driver/Src/stm32f7xx_hal_pcd_ex.o
 .debug_aranges
                0x0000000000000598       0xa0 Drivers/STM32F7xx_HAL_Driver/Src/stm32f7xx_hal_pwr.o
 .debug_aranges
                0x0000000000000638       0x80 Drivers/STM32F7xx_HAL_Driver/Src/stm32f7xx_hal_pwr_ex.o
 .debug_aranges
                0x00000000000006b8       0x88 Drivers/STM32F7xx_HAL_Driver/Src/stm32f7xx_hal_rcc.o
 .debug_aranges
                0x0000000000000740       0x50 Drivers/STM32F7xx_HAL_Driver/Src/stm32f7xx_hal_rcc_ex.o
 .debug_aranges
                0x0000000000000790      0x3b8 Drivers/STM32F7xx_HAL_Driver/Src/stm32f7xx_hal_tim.o
 .debug_aranges
                0x0000000000000b48      0x168 Drivers/STM32F7xx_HAL_Driver/Src/stm32f7xx_hal_tim_ex.o
 .debug_aranges
                0x0000000000000cb0      0x1f8 Drivers/STM32F7xx_HAL_Driver/Src/stm32f7xx_hal_uart.o
 .debug_aranges
                0x0000000000000ea8      0x198 Drivers/STM32F7xx_HAL_Driver/Src/stm32f7xx_ll_usb.o
 .debug_aranges
                0x0000000000001040       0x30 Src/eth.o
 .debug_aranges
                0x0000000000001070       0x20 Src/gpio.o
 .debug_aranges
                0x0000000000001090       0x88 Src/ioc.o
 .debug_aranges
                0x0000000000001118       0x20 Src/llamadasalsistema.o
 .debug_aranges
                0x0000000000001138       0x40 Src/main.o
 .debug_aranges
                0x0000000000001178       0x20 Src/stm32f7xx_hal_msp.o
 .debug_aranges
                0x0000000000001198       0x60 Src/stm32f7xx_it.o
 .debug_aranges
                0x00000000000011f8       0x28 Src/system_stm32f7xx.o
 .debug_aranges
                0x0000000000001220       0x38 Src/tim.o
 .debug_aranges
                0x0000000000001258       0x30 Src/usart.o
 .debug_aranges
                0x0000000000001288       0x30 Src/usb_otg.o
 .debug_aranges
                0x00000000000012b8       0x28 Startup/startup_stm32f767zitx.o

.debug_ranges   0x0000000000000000     0x1138
 .debug_ranges  0x0000000000000000      0x100 Drivers/STM32F7xx_HAL_Driver/Src/stm32f7xx_hal.o
 .debug_ranges  0x0000000000000100      0x108 Drivers/STM32F7xx_HAL_Driver/Src/stm32f7xx_hal_cortex.o
 .debug_ranges  0x0000000000000208       0x80 Drivers/STM32F7xx_HAL_Driver/Src/stm32f7xx_hal_dma.o
 .debug_ranges  0x0000000000000288      0x100 Drivers/STM32F7xx_HAL_Driver/Src/stm32f7xx_hal_eth.o
 .debug_ranges  0x0000000000000388       0x48 Drivers/STM32F7xx_HAL_Driver/Src/stm32f7xx_hal_gpio.o
 .debug_ranges  0x00000000000003d0      0x120 Drivers/STM32F7xx_HAL_Driver/Src/stm32f7xx_hal_pcd.o
 .debug_ranges  0x00000000000004f0       0x38 Drivers/STM32F7xx_HAL_Driver/Src/stm32f7xx_hal_pcd_ex.o
 .debug_ranges  0x0000000000000528       0x90 Drivers/STM32F7xx_HAL_Driver/Src/stm32f7xx_hal_pwr.o
 .debug_ranges  0x00000000000005b8       0x70 Drivers/STM32F7xx_HAL_Driver/Src/stm32f7xx_hal_pwr_ex.o
 .debug_ranges  0x0000000000000628       0x78 Drivers/STM32F7xx_HAL_Driver/Src/stm32f7xx_hal_rcc.o
 .debug_ranges  0x00000000000006a0       0x40 Drivers/STM32F7xx_HAL_Driver/Src/stm32f7xx_hal_rcc_ex.o
 .debug_ranges  0x00000000000006e0      0x3a8 Drivers/STM32F7xx_HAL_Driver/Src/stm32f7xx_hal_tim.o
 .debug_ranges  0x0000000000000a88      0x158 Drivers/STM32F7xx_HAL_Driver/Src/stm32f7xx_hal_tim_ex.o
 .debug_ranges  0x0000000000000be0      0x1e8 Drivers/STM32F7xx_HAL_Driver/Src/stm32f7xx_hal_uart.o
 .debug_ranges  0x0000000000000dc8      0x188 Drivers/STM32F7xx_HAL_Driver/Src/stm32f7xx_ll_usb.o
 .debug_ranges  0x0000000000000f50       0x20 Src/eth.o
 .debug_ranges  0x0000000000000f70       0x10 Src/gpio.o
 .debug_ranges  0x0000000000000f80       0x78 Src/ioc.o
 .debug_ranges  0x0000000000000ff8       0x10 Src/llamadasalsistema.o
 .debug_ranges  0x0000000000001008       0x30 Src/main.o
 .debug_ranges  0x0000000000001038       0x10 Src/stm32f7xx_hal_msp.o
 .debug_ranges  0x0000000000001048       0x50 Src/stm32f7xx_it.o
 .debug_ranges  0x0000000000001098       0x18 Src/system_stm32f7xx.o
 .debug_ranges  0x00000000000010b0       0x28 Src/tim.o
 .debug_ranges  0x00000000000010d8       0x20 Src/usart.o
 .debug_ranges  0x00000000000010f8       0x20 Src/usb_otg.o
 .debug_ranges  0x0000000000001118       0x20 Startup/startup_stm32f767zitx.o

.debug_macro    0x0000000000000000    0x28cff
 .debug_macro   0x0000000000000000      0x235 Drivers/STM32F7xx_HAL_Driver/Src/stm32f7xx_hal.o
 .debug_macro   0x0000000000000235      0xa66 Drivers/STM32F7xx_HAL_Driver/Src/stm32f7xx_hal.o
 .debug_macro   0x0000000000000c9b      0x1a3 Drivers/STM32F7xx_HAL_Driver/Src/stm32f7xx_hal.o
 .debug_macro   0x0000000000000e3e       0x2e Drivers/STM32F7xx_HAL_Driver/Src/stm32f7xx_hal.o
 .debug_macro   0x0000000000000e6c       0x3b Drivers/STM32F7xx_HAL_Driver/Src/stm32f7xx_hal.o
 .debug_macro   0x0000000000000ea7       0x22 Drivers/STM32F7xx_HAL_Driver/Src/stm32f7xx_hal.o
 .debug_macro   0x0000000000000ec9       0x8e Drivers/STM32F7xx_HAL_Driver/Src/stm32f7xx_hal.o
 .debug_macro   0x0000000000000f57       0x51 Drivers/STM32F7xx_HAL_Driver/Src/stm32f7xx_hal.o
 .debug_macro   0x0000000000000fa8       0xef Drivers/STM32F7xx_HAL_Driver/Src/stm32f7xx_hal.o
 .debug_macro   0x0000000000001097       0x6a Drivers/STM32F7xx_HAL_Driver/Src/stm32f7xx_hal.o
 .debug_macro   0x0000000000001101      0x1df Drivers/STM32F7xx_HAL_Driver/Src/stm32f7xx_hal.o
 .debug_macro   0x00000000000012e0       0x1c Drivers/STM32F7xx_HAL_Driver/Src/stm32f7xx_hal.o
 .debug_macro   0x00000000000012fc       0x22 Drivers/STM32F7xx_HAL_Driver/Src/stm32f7xx_hal.o
 .debug_macro   0x000000000000131e       0xdf Drivers/STM32F7xx_HAL_Driver/Src/stm32f7xx_hal.o
 .debug_macro   0x00000000000013fd     0x12cd Drivers/STM32F7xx_HAL_Driver/Src/stm32f7xx_hal.o
 .debug_macro   0x00000000000026ca      0x11f Drivers/STM32F7xx_HAL_Driver/Src/stm32f7xx_hal.o
 .debug_macro   0x00000000000027e9       0x19 Drivers/STM32F7xx_HAL_Driver/Src/stm32f7xx_hal.o
 .debug_macro   0x0000000000002802    0x1a029 Drivers/STM32F7xx_HAL_Driver/Src/stm32f7xx_hal.o
 .debug_macro   0x000000000001c82b       0x43 Drivers/STM32F7xx_HAL_Driver/Src/stm32f7xx_hal.o
 .debug_macro   0x000000000001c86e     0x363d Drivers/STM32F7xx_HAL_Driver/Src/stm32f7xx_hal.o
 .debug_macro   0x000000000001feab      0x174 Drivers/STM32F7xx_HAL_Driver/Src/stm32f7xx_hal.o
 .debug_macro   0x000000000002001f       0x61 Drivers/STM32F7xx_HAL_Driver/Src/stm32f7xx_hal.o
 .debug_macro   0x0000000000020080     0x1add Drivers/STM32F7xx_HAL_Driver/Src/stm32f7xx_hal.o
 .debug_macro   0x0000000000021b5d      0x6c4 Drivers/STM32F7xx_HAL_Driver/Src/stm32f7xx_hal.o
 .debug_macro   0x0000000000022221      0x109 Drivers/STM32F7xx_HAL_Driver/Src/stm32f7xx_hal.o
 .debug_macro   0x000000000002232a      0x117 Drivers/STM32F7xx_HAL_Driver/Src/stm32f7xx_hal.o
 .debug_macro   0x0000000000022441      0x26f Drivers/STM32F7xx_HAL_Driver/Src/stm32f7xx_hal.o
 .debug_macro   0x00000000000226b0       0x27 Drivers/STM32F7xx_HAL_Driver/Src/stm32f7xx_hal.o
 .debug_macro   0x00000000000226d7      0x24f Drivers/STM32F7xx_HAL_Driver/Src/stm32f7xx_hal.o
 .debug_macro   0x0000000000022926       0x71 Drivers/STM32F7xx_HAL_Driver/Src/stm32f7xx_hal.o
 .debug_macro   0x0000000000022997       0x58 Drivers/STM32F7xx_HAL_Driver/Src/stm32f7xx_hal.o
 .debug_macro   0x00000000000229ef      0x236 Drivers/STM32F7xx_HAL_Driver/Src/stm32f7xx_hal.o
 .debug_macro   0x0000000000022c25      0xccf Drivers/STM32F7xx_HAL_Driver/Src/stm32f7xx_hal.o
 .debug_macro   0x00000000000238f4      0x14f Drivers/STM32F7xx_HAL_Driver/Src/stm32f7xx_hal.o
 .debug_macro   0x0000000000023a43      0x3dc Drivers/STM32F7xx_HAL_Driver/Src/stm32f7xx_hal.o
 .debug_macro   0x0000000000023e1f       0x12 Drivers/STM32F7xx_HAL_Driver/Src/stm32f7xx_hal.o
 .debug_macro   0x0000000000023e31      0x22c Drivers/STM32F7xx_HAL_Driver/Src/stm32f7xx_hal.o
 .debug_macro   0x000000000002405d       0x61 Drivers/STM32F7xx_HAL_Driver/Src/stm32f7xx_hal.o
 .debug_macro   0x00000000000240be       0xa5 Drivers/STM32F7xx_HAL_Driver/Src/stm32f7xx_hal.o
 .debug_macro   0x0000000000024163      0x12f Drivers/STM32F7xx_HAL_Driver/Src/stm32f7xx_hal.o
 .debug_macro   0x0000000000024292      0x108 Drivers/STM32F7xx_HAL_Driver/Src/stm32f7xx_hal.o
 .debug_macro   0x000000000002439a       0x35 Drivers/STM32F7xx_HAL_Driver/Src/stm32f7xx_hal.o
 .debug_macro   0x00000000000243cf      0x9f0 Drivers/STM32F7xx_HAL_Driver/Src/stm32f7xx_hal.o
 .debug_macro   0x0000000000024dbf       0xa9 Drivers/STM32F7xx_HAL_Driver/Src/stm32f7xx_hal.o
 .debug_macro   0x0000000000024e68      0x519 Drivers/STM32F7xx_HAL_Driver/Src/stm32f7xx_hal.o
 .debug_macro   0x0000000000025381       0x44 Drivers/STM32F7xx_HAL_Driver/Src/stm32f7xx_hal.o
 .debug_macro   0x00000000000253c5      0x217 Drivers/STM32F7xx_HAL_Driver/Src/stm32f7xx_hal.o
 .debug_macro   0x00000000000255dc       0xe4 Drivers/STM32F7xx_HAL_Driver/Src/stm32f7xx_hal.o
 .debug_macro   0x00000000000256c0      0x15c Drivers/STM32F7xx_HAL_Driver/Src/stm32f7xx_hal.o
 .debug_macro   0x000000000002581c      0x211 Drivers/STM32F7xx_HAL_Driver/Src/stm32f7xx_hal_cortex.o
 .debug_macro   0x0000000000025a2d      0x217 Drivers/STM32F7xx_HAL_Driver/Src/stm32f7xx_hal_dma.o
 .debug_macro   0x0000000000025c44      0x227 Drivers/STM32F7xx_HAL_Driver/Src/stm32f7xx_hal_eth.o
 .debug_macro   0x0000000000025e6b      0x247 Drivers/STM32F7xx_HAL_Driver/Src/stm32f7xx_hal_gpio.o
 .debug_macro   0x00000000000260b2      0x21d Drivers/STM32F7xx_HAL_Driver/Src/stm32f7xx_hal_pcd.o
 .debug_macro   0x00000000000262cf      0x211 Drivers/STM32F7xx_HAL_Driver/Src/stm32f7xx_hal_pcd_ex.o
 .debug_macro   0x00000000000264e0      0x22f Drivers/STM32F7xx_HAL_Driver/Src/stm32f7xx_hal_pwr.o
 .debug_macro   0x000000000002670f      0x229 Drivers/STM32F7xx_HAL_Driver/Src/stm32f7xx_hal_pwr_ex.o
 .debug_macro   0x0000000000026938      0x235 Drivers/STM32F7xx_HAL_Driver/Src/stm32f7xx_hal_rcc.o
 .debug_macro   0x0000000000026b6d      0x211 Drivers/STM32F7xx_HAL_Driver/Src/stm32f7xx_hal_rcc_ex.o
 .debug_macro   0x0000000000026d7e      0x212 Drivers/STM32F7xx_HAL_Driver/Src/stm32f7xx_hal_tim.o
 .debug_macro   0x0000000000026f90      0x211 Drivers/STM32F7xx_HAL_Driver/Src/stm32f7xx_hal_tim_ex.o
 .debug_macro   0x00000000000271a1      0x22e Drivers/STM32F7xx_HAL_Driver/Src/stm32f7xx_hal_uart.o
 .debug_macro   0x00000000000273cf      0x211 Drivers/STM32F7xx_HAL_Driver/Src/stm32f7xx_ll_usb.o
 .debug_macro   0x00000000000275e0      0x22a Src/eth.o
 .debug_macro   0x000000000002780a      0x118 Src/eth.o
 .debug_macro   0x0000000000027922      0x22a Src/gpio.o
 .debug_macro   0x0000000000027b4c      0x242 Src/ioc.o
 .debug_macro   0x0000000000027d8e       0x11 Src/llamadasalsistema.o
 .debug_macro   0x0000000000027d9f      0x25f Src/main.o
 .debug_macro   0x0000000000027ffe       0x22 Src/main.o
 .debug_macro   0x0000000000028020      0x220 Src/stm32f7xx_hal_msp.o
 .debug_macro   0x0000000000028240      0x22a Src/stm32f7xx_it.o
 .debug_macro   0x000000000002846a      0x217 Src/system_stm32f7xx.o
 .debug_macro   0x0000000000028681      0x22a Src/tim.o
 .debug_macro   0x00000000000288ab      0x22a Src/usart.o
 .debug_macro   0x0000000000028ad5      0x22a Src/usb_otg.o

.debug_line     0x0000000000000000    0x101c4
 .debug_line    0x0000000000000000      0x96a Drivers/STM32F7xx_HAL_Driver/Src/stm32f7xx_hal.o
 .debug_line    0x000000000000096a      0xa4a Drivers/STM32F7xx_HAL_Driver/Src/stm32f7xx_hal_cortex.o
 .debug_line    0x00000000000013b4      0x9f5 Drivers/STM32F7xx_HAL_Driver/Src/stm32f7xx_hal_dma.o
 .debug_line    0x0000000000001da9      0xdf7 Drivers/STM32F7xx_HAL_Driver/Src/stm32f7xx_hal_eth.o
 .debug_line    0x0000000000002ba0      0x92e Drivers/STM32F7xx_HAL_Driver/Src/stm32f7xx_hal_gpio.o
 .debug_line    0x00000000000034ce      0xc9a Drivers/STM32F7xx_HAL_Driver/Src/stm32f7xx_hal_pcd.o
 .debug_line    0x0000000000004168      0x7ac Drivers/STM32F7xx_HAL_Driver/Src/stm32f7xx_hal_pcd_ex.o
 .debug_line    0x0000000000004914      0x88e Drivers/STM32F7xx_HAL_Driver/Src/stm32f7xx_hal_pwr.o
 .debug_line    0x00000000000051a2      0x86a Drivers/STM32F7xx_HAL_Driver/Src/stm32f7xx_hal_pwr_ex.o
 .debug_line    0x0000000000005a0c      0x9bc Drivers/STM32F7xx_HAL_Driver/Src/stm32f7xx_hal_rcc.o
 .debug_line    0x00000000000063c8      0x94a Drivers/STM32F7xx_HAL_Driver/Src/stm32f7xx_hal_rcc_ex.o
 .debug_line    0x0000000000006d12     0x1a4e Drivers/STM32F7xx_HAL_Driver/Src/stm32f7xx_hal_tim.o
 .debug_line    0x0000000000008760      0xdfd Drivers/STM32F7xx_HAL_Driver/Src/stm32f7xx_hal_tim_ex.o
 .debug_line    0x000000000000955d     0x122c Drivers/STM32F7xx_HAL_Driver/Src/stm32f7xx_hal_uart.o
 .debug_line    0x000000000000a789      0xe40 Drivers/STM32F7xx_HAL_Driver/Src/stm32f7xx_ll_usb.o
 .debug_line    0x000000000000b5c9      0x76f Src/eth.o
 .debug_line    0x000000000000bd38      0x732 Src/gpio.o
 .debug_line    0x000000000000c46a      0x841 Src/ioc.o
 .debug_line    0x000000000000ccab       0x5a Src/llamadasalsistema.o
 .debug_line    0x000000000000cd05      0x7eb Src/main.o
 .debug_line    0x000000000000d4f0      0x71c Src/stm32f7xx_hal_msp.o
 .debug_line    0x000000000000dc0c      0x7c8 Src/stm32f7xx_it.o
 .debug_line    0x000000000000e3d4      0x73b Src/system_stm32f7xx.o
 .debug_line    0x000000000000eb0f      0x782 Src/tim.o
 .debug_line    0x000000000000f291      0x755 Src/usart.o
 .debug_line    0x000000000000f9e6      0x75d Src/usb_otg.o
 .debug_line    0x0000000000010143       0x81 Startup/startup_stm32f767zitx.o

.debug_str      0x0000000000000000    0xfd30d
 .debug_str     0x0000000000000000    0xf76e6 Drivers/STM32F7xx_HAL_Driver/Src/stm32f7xx_hal.o
                                      0xf7e99 (size before relaxing)
 .debug_str     0x00000000000f76e6      0x4a7 Drivers/STM32F7xx_HAL_Driver/Src/stm32f7xx_hal_cortex.o
                                      0xf7f12 (size before relaxing)
 .debug_str     0x00000000000f7b8d      0x541 Drivers/STM32F7xx_HAL_Driver/Src/stm32f7xx_hal_dma.o
                                      0xf7857 (size before relaxing)
 .debug_str     0x00000000000f80ce      0xb9a Drivers/STM32F7xx_HAL_Driver/Src/stm32f7xx_hal_eth.o
                                      0xf8029 (size before relaxing)
 .debug_str     0x00000000000f8c68      0x2b2 Drivers/STM32F7xx_HAL_Driver/Src/stm32f7xx_hal_gpio.o
                                      0xf76f3 (size before relaxing)
 .debug_str     0x00000000000f8f1a      0x89a Drivers/STM32F7xx_HAL_Driver/Src/stm32f7xx_hal_pcd.o
                                      0xf7c02 (size before relaxing)
 .debug_str     0x00000000000f97b4      0x16d Drivers/STM32F7xx_HAL_Driver/Src/stm32f7xx_hal_pcd_ex.o
                                      0xf782a (size before relaxing)
 .debug_str     0x00000000000f9921      0x2db Drivers/STM32F7xx_HAL_Driver/Src/stm32f7xx_hal_pwr.o
                                      0xf77d5 (size before relaxing)
 .debug_str     0x00000000000f9bfc      0x1b5 Drivers/STM32F7xx_HAL_Driver/Src/stm32f7xx_hal_pwr_ex.o
                                      0xf7797 (size before relaxing)
 .debug_str     0x00000000000f9db1      0x3aa Drivers/STM32F7xx_HAL_Driver/Src/stm32f7xx_hal_rcc.o
                                      0xf7846 (size before relaxing)
 .debug_str     0x00000000000fa15b      0x3c1 Drivers/STM32F7xx_HAL_Driver/Src/stm32f7xx_hal_rcc_ex.o
                                      0xf7806 (size before relaxing)
 .debug_str     0x00000000000fa51c      0xf59 Drivers/STM32F7xx_HAL_Driver/Src/stm32f7xx_hal_tim.o
                                      0xf85a9 (size before relaxing)
 .debug_str     0x00000000000fb475      0x601 Drivers/STM32F7xx_HAL_Driver/Src/stm32f7xx_hal_tim_ex.o
                                      0xf7ebc (size before relaxing)
 .debug_str     0x00000000000fba76      0x970 Drivers/STM32F7xx_HAL_Driver/Src/stm32f7xx_hal_uart.o
                                      0xf800b (size before relaxing)
 .debug_str     0x00000000000fc3e6      0x65d Drivers/STM32F7xx_HAL_Driver/Src/stm32f7xx_ll_usb.o
                                      0xf7d31 (size before relaxing)
 .debug_str     0x00000000000fca43      0x499 Src/eth.o
                                      0xf7d88 (size before relaxing)
 .debug_str     0x00000000000fcedc       0x25 Src/gpio.o
                                      0xf78c6 (size before relaxing)
 .debug_str     0x00000000000fcf01       0xee Src/ioc.o
                                      0xf7e5e (size before relaxing)
 .debug_str     0x00000000000fcfef       0x2a Src/llamadasalsistema.o
                                       0x2d67 (size before relaxing)
 .debug_str     0x00000000000fd019       0xda Src/main.o
                                      0xf8b6a (size before relaxing)
 .debug_str     0x00000000000fd0f3       0x1b Src/stm32f7xx_hal_msp.o
                                      0xf782b (size before relaxing)
 .debug_str     0x00000000000fd10e       0xc3 Src/stm32f7xx_it.o
                                      0xf7bea (size before relaxing)
 .debug_str     0x00000000000fd1d1       0x5a Src/system_stm32f7xx.o
                                      0xf7518 (size before relaxing)
 .debug_str     0x00000000000fd22b       0x51 Src/tim.o
                                      0xf7f71 (size before relaxing)
 .debug_str     0x00000000000fd27c       0x2e Src/usart.o
                                      0xf8371 (size before relaxing)
 .debug_str     0x00000000000fd2aa       0x32 Src/usb_otg.o
                                      0xf7cca (size before relaxing)
 .debug_str     0x00000000000fd2dc       0x31 Startup/startup_stm32f767zitx.o
                                         0x79 (size before relaxing)

.comment        0x0000000000000000       0x7b
 .comment       0x0000000000000000       0x7b Drivers/STM32F7xx_HAL_Driver/Src/stm32f7xx_hal.o
                                         0x7c (size before relaxing)
 .comment       0x000000000000007b       0x7c Drivers/STM32F7xx_HAL_Driver/Src/stm32f7xx_hal_cortex.o
 .comment       0x000000000000007b       0x7c Drivers/STM32F7xx_HAL_Driver/Src/stm32f7xx_hal_dma.o
 .comment       0x000000000000007b       0x7c Drivers/STM32F7xx_HAL_Driver/Src/stm32f7xx_hal_eth.o
 .comment       0x000000000000007b       0x7c Drivers/STM32F7xx_HAL_Driver/Src/stm32f7xx_hal_gpio.o
 .comment       0x000000000000007b       0x7c Drivers/STM32F7xx_HAL_Driver/Src/stm32f7xx_hal_pcd.o
 .comment       0x000000000000007b       0x7c Drivers/STM32F7xx_HAL_Driver/Src/stm32f7xx_hal_pcd_ex.o
 .comment       0x000000000000007b       0x7c Drivers/STM32F7xx_HAL_Driver/Src/stm32f7xx_hal_pwr.o
 .comment       0x000000000000007b       0x7c Drivers/STM32F7xx_HAL_Driver/Src/stm32f7xx_hal_pwr_ex.o
 .comment       0x000000000000007b       0x7c Drivers/STM32F7xx_HAL_Driver/Src/stm32f7xx_hal_rcc.o
 .comment       0x000000000000007b       0x7c Drivers/STM32F7xx_HAL_Driver/Src/stm32f7xx_hal_rcc_ex.o
 .comment       0x000000000000007b       0x7c Drivers/STM32F7xx_HAL_Driver/Src/stm32f7xx_hal_tim.o
 .comment       0x000000000000007b       0x7c Drivers/STM32F7xx_HAL_Driver/Src/stm32f7xx_hal_tim_ex.o
 .comment       0x000000000000007b       0x7c Drivers/STM32F7xx_HAL_Driver/Src/stm32f7xx_hal_uart.o
 .comment       0x000000000000007b       0x7c Drivers/STM32F7xx_HAL_Driver/Src/stm32f7xx_ll_usb.o
 .comment       0x000000000000007b       0x7c Src/eth.o
 .comment       0x000000000000007b       0x7c Src/gpio.o
 .comment       0x000000000000007b       0x7c Src/ioc.o
 .comment       0x000000000000007b       0x7c Src/llamadasalsistema.o
 .comment       0x000000000000007b       0x7c Src/main.o
 .comment       0x000000000000007b       0x7c Src/stm32f7xx_hal_msp.o
 .comment       0x000000000000007b       0x7c Src/stm32f7xx_it.o
 .comment       0x000000000000007b       0x7c Src/system_stm32f7xx.o
 .comment       0x000000000000007b       0x7c Src/tim.o
 .comment       0x000000000000007b       0x7c Src/usart.o
 .comment       0x000000000000007b       0x7c Src/usb_otg.o

.debug_frame    0x0000000000000000     0x4dc4
 .debug_frame   0x0000000000000000      0x3f4 Drivers/STM32F7xx_HAL_Driver/Src/stm32f7xx_hal.o
 .debug_frame   0x00000000000003f4      0x498 Drivers/STM32F7xx_HAL_Driver/Src/stm32f7xx_hal_cortex.o
 .debug_frame   0x000000000000088c      0x250 Drivers/STM32F7xx_HAL_Driver/Src/stm32f7xx_hal_dma.o
 .debug_frame   0x0000000000000adc      0x4b4 Drivers/STM32F7xx_HAL_Driver/Src/stm32f7xx_hal_eth.o
 .debug_frame   0x0000000000000f90      0x14c Drivers/STM32F7xx_HAL_Driver/Src/stm32f7xx_hal_gpio.o
 .debug_frame   0x00000000000010dc      0x548 Drivers/STM32F7xx_HAL_Driver/Src/stm32f7xx_hal_pcd.o
 .debug_frame   0x0000000000001624      0x100 Drivers/STM32F7xx_HAL_Driver/Src/stm32f7xx_hal_pcd_ex.o
 .debug_frame   0x0000000000001724      0x254 Drivers/STM32F7xx_HAL_Driver/Src/stm32f7xx_hal_pwr.o
 .debug_frame   0x0000000000001978      0x1c8 Drivers/STM32F7xx_HAL_Driver/Src/stm32f7xx_hal_pwr_ex.o
 .debug_frame   0x0000000000001b40      0x1f4 Drivers/STM32F7xx_HAL_Driver/Src/stm32f7xx_hal_rcc.o
 .debug_frame   0x0000000000001d34      0x118 Drivers/STM32F7xx_HAL_Driver/Src/stm32f7xx_hal_rcc_ex.o
 .debug_frame   0x0000000000001e4c     0x1144 Drivers/STM32F7xx_HAL_Driver/Src/stm32f7xx_hal_tim.o
 .debug_frame   0x0000000000002f90      0x638 Drivers/STM32F7xx_HAL_Driver/Src/stm32f7xx_hal_tim_ex.o
 .debug_frame   0x00000000000035c8      0x8f4 Drivers/STM32F7xx_HAL_Driver/Src/stm32f7xx_hal_uart.o
 .debug_frame   0x0000000000003ebc      0x790 Drivers/STM32F7xx_HAL_Driver/Src/stm32f7xx_ll_usb.o
 .debug_frame   0x000000000000464c       0x7c Src/eth.o
 .debug_frame   0x00000000000046c8       0x34 Src/gpio.o
 .debug_frame   0x00000000000046fc      0x1f8 Src/ioc.o
 .debug_frame   0x00000000000048f4       0x34 Src/llamadasalsistema.o
 .debug_frame   0x0000000000004928       0xc0 Src/main.o
 .debug_frame   0x00000000000049e8       0x38 Src/stm32f7xx_hal_msp.o
 .debug_frame   0x0000000000004a20      0x110 Src/stm32f7xx_it.o
 .debug_frame   0x0000000000004b30       0x58 Src/system_stm32f7xx.o
 .debug_frame   0x0000000000004b88       0xa8 Src/tim.o
 .debug_frame   0x0000000000004c30       0x74 Src/usart.o
 .debug_frame   0x0000000000004ca4       0x74 Src/usb_otg.o
 .debug_frame   0x0000000000004d18       0x2c /opt/st/stm32cubeide_1.0.2/plugins/com.st.stm32cube.ide.mcu.externaltools.gnu-tools-for-stm32.7-2018-q2-update.linux64_1.0.0.201904181610/tools/bin/../lib/gcc/arm-none-eabi/7.3.1/../../../../arm-none-eabi/lib/thumb/v7e-m/fpv5/hard/libc_nano.a(lib_a-init.o)
 .debug_frame   0x0000000000004d44       0x20 /opt/st/stm32cubeide_1.0.2/plugins/com.st.stm32cube.ide.mcu.externaltools.gnu-tools-for-stm32.7-2018-q2-update.linux64_1.0.0.201904181610/tools/bin/../lib/gcc/arm-none-eabi/7.3.1/../../../../arm-none-eabi/lib/thumb/v7e-m/fpv5/hard/libc_nano.a(lib_a-memset.o)
 .debug_frame   0x0000000000004d64       0x2c /opt/st/stm32cubeide_1.0.2/plugins/com.st.stm32cube.ide.mcu.externaltools.gnu-tools-for-stm32.7-2018-q2-update.linux64_1.0.0.201904181610/tools/bin/../lib/gcc/arm-none-eabi/7.3.1/thumb/v7e-m/fpv5/hard/libgcc.a(_aeabi_uldivmod.o)
 .debug_frame   0x0000000000004d90       0x34 /opt/st/stm32cubeide_1.0.2/plugins/com.st.stm32cube.ide.mcu.externaltools.gnu-tools-for-stm32.7-2018-q2-update.linux64_1.0.0.201904181610/tools/bin/../lib/gcc/arm-none-eabi/7.3.1/thumb/v7e-m/fpv5/hard/libgcc.a(_udivmoddi4.o)
