pcb.c:22:5:fork	0	static,ignoring_inline_asm
pcb.c:27:6:sem_init	0	static,ignoring_inline_asm
pcb.c:31:6:sem_wait	0	static,ignoring_inline_asm
pcb.c:38:6:sem_post	0	static,ignoring_inline_asm
pcb.c:45:6:SVC_Handler	16	static,ignoring_inline_asm
pcb.c:108:6:SysTick_Handler	16	static,ignoring_inline_asm
pcb.c:161:6:InitConsola	16	static
pcb.c:177:5:ServicioLeer	12	static
pcb.c:191:5:ServicioEscribir	8	static
pcb.c:200:6:ServicioTicks	8	static
pcb.c:206:6:ServicioInitPWM	0	static
pcb.c:211:6:ServicioPWMDutyCycle	0	static
pcb.c:216:6:ServicioStopPWM	0	static
pcb.c:221:5:Leer	0	static,ignoring_inline_asm
pcb.c:232:5:Escribir	0	static,ignoring_inline_asm
pcb.c:243:6:Ticks	0	static,ignoring_inline_asm
pcb.c:254:6:InitPWM	0	static,ignoring_inline_asm
pcb.c:259:6:DutyCycle	0	static,ignoring_inline_asm
pcb.c:265:6:StopPWM	0	static,ignoring_inline_asm
pcb.c:273:6:USART3_IRQHandler	16	static
