Archive member included to satisfy reference by file (symbol)

/opt/st/stm32cubeide_1.0.2/plugins/com.st.stm32cube.ide.mcu.externaltools.gnu-tools-for-stm32.7-2018-q2-update.linux64_1.0.0.201904181610/tools/bin/../lib/gcc/arm-none-eabi/7.3.1/../../../../arm-none-eabi/lib/thumb/v7e-m/fpv5/hard/libc_nano.a(lib_a-errno.o)
                              Src/syscalls.o (__errno)
/opt/st/stm32cubeide_1.0.2/plugins/com.st.stm32cube.ide.mcu.externaltools.gnu-tools-for-stm32.7-2018-q2-update.linux64_1.0.0.201904181610/tools/bin/../lib/gcc/arm-none-eabi/7.3.1/../../../../arm-none-eabi/lib/thumb/v7e-m/fpv5/hard/libc_nano.a(lib_a-exit.o)
                              /opt/st/stm32cubeide_1.0.2/plugins/com.st.stm32cube.ide.mcu.externaltools.gnu-tools-for-stm32.7-2018-q2-update.linux64_1.0.0.201904181610/tools/bin/../lib/gcc/arm-none-eabi/7.3.1/../../../../arm-none-eabi/lib/thumb/v7e-m/fpv5/hard/crt0.o (exit)
/opt/st/stm32cubeide_1.0.2/plugins/com.st.stm32cube.ide.mcu.externaltools.gnu-tools-for-stm32.7-2018-q2-update.linux64_1.0.0.201904181610/tools/bin/../lib/gcc/arm-none-eabi/7.3.1/../../../../arm-none-eabi/lib/thumb/v7e-m/fpv5/hard/libc_nano.a(lib_a-impure.o)
                              /opt/st/stm32cubeide_1.0.2/plugins/com.st.stm32cube.ide.mcu.externaltools.gnu-tools-for-stm32.7-2018-q2-update.linux64_1.0.0.201904181610/tools/bin/../lib/gcc/arm-none-eabi/7.3.1/../../../../arm-none-eabi/lib/thumb/v7e-m/fpv5/hard/libc_nano.a(lib_a-exit.o) (_global_impure_ptr)
/opt/st/stm32cubeide_1.0.2/plugins/com.st.stm32cube.ide.mcu.externaltools.gnu-tools-for-stm32.7-2018-q2-update.linux64_1.0.0.201904181610/tools/bin/../lib/gcc/arm-none-eabi/7.3.1/../../../../arm-none-eabi/lib/thumb/v7e-m/fpv5/hard/libc_nano.a(lib_a-init.o)
                              /opt/st/stm32cubeide_1.0.2/plugins/com.st.stm32cube.ide.mcu.externaltools.gnu-tools-for-stm32.7-2018-q2-update.linux64_1.0.0.201904181610/tools/bin/../lib/gcc/arm-none-eabi/7.3.1/../../../../arm-none-eabi/lib/thumb/v7e-m/fpv5/hard/crt0.o (__libc_init_array)
/opt/st/stm32cubeide_1.0.2/plugins/com.st.stm32cube.ide.mcu.externaltools.gnu-tools-for-stm32.7-2018-q2-update.linux64_1.0.0.201904181610/tools/bin/../lib/gcc/arm-none-eabi/7.3.1/../../../../arm-none-eabi/lib/thumb/v7e-m/fpv5/hard/libc_nano.a(lib_a-memset.o)
                              /opt/st/stm32cubeide_1.0.2/plugins/com.st.stm32cube.ide.mcu.externaltools.gnu-tools-for-stm32.7-2018-q2-update.linux64_1.0.0.201904181610/tools/bin/../lib/gcc/arm-none-eabi/7.3.1/../../../../arm-none-eabi/lib/thumb/v7e-m/fpv5/hard/crt0.o (memset)
/opt/st/stm32cubeide_1.0.2/plugins/com.st.stm32cube.ide.mcu.externaltools.gnu-tools-for-stm32.7-2018-q2-update.linux64_1.0.0.201904181610/tools/bin/../lib/gcc/arm-none-eabi/7.3.1/thumb/v7e-m/fpv5/hard/libgcc.a(_aeabi_ldivmod.o)
                              Drivers/STM32F7xx_HAL_Driver/Src/stm32f7xx_hal_rcc.o (__aeabi_ldivmod)
/opt/st/stm32cubeide_1.0.2/plugins/com.st.stm32cube.ide.mcu.externaltools.gnu-tools-for-stm32.7-2018-q2-update.linux64_1.0.0.201904181610/tools/bin/../lib/gcc/arm-none-eabi/7.3.1/thumb/v7e-m/fpv5/hard/libgcc.a(_aeabi_uldivmod.o)
                              Drivers/STM32F7xx_HAL_Driver/Src/stm32f7xx_hal_rcc.o (__aeabi_uldivmod)
/opt/st/stm32cubeide_1.0.2/plugins/com.st.stm32cube.ide.mcu.externaltools.gnu-tools-for-stm32.7-2018-q2-update.linux64_1.0.0.201904181610/tools/bin/../lib/gcc/arm-none-eabi/7.3.1/thumb/v7e-m/fpv5/hard/libgcc.a(_udivmoddi4.o)
                              /opt/st/stm32cubeide_1.0.2/plugins/com.st.stm32cube.ide.mcu.externaltools.gnu-tools-for-stm32.7-2018-q2-update.linux64_1.0.0.201904181610/tools/bin/../lib/gcc/arm-none-eabi/7.3.1/thumb/v7e-m/fpv5/hard/libgcc.a(_aeabi_ldivmod.o) (__udivmoddi4)
/opt/st/stm32cubeide_1.0.2/plugins/com.st.stm32cube.ide.mcu.externaltools.gnu-tools-for-stm32.7-2018-q2-update.linux64_1.0.0.201904181610/tools/bin/../lib/gcc/arm-none-eabi/7.3.1/thumb/v7e-m/fpv5/hard/libgcc.a(_dvmd_tls.o)
                              /opt/st/stm32cubeide_1.0.2/plugins/com.st.stm32cube.ide.mcu.externaltools.gnu-tools-for-stm32.7-2018-q2-update.linux64_1.0.0.201904181610/tools/bin/../lib/gcc/arm-none-eabi/7.3.1/thumb/v7e-m/fpv5/hard/libgcc.a(_aeabi_ldivmod.o) (__aeabi_ldiv0)

Allocating common symbols
Common symbol       size              file

huart3              0x80              Src/usart.o
hpcd_USB_OTG_FS     0x404             Src/usb_otg.o
uwTick              0x4               Drivers/STM32F7xx_HAL_Driver/Src/stm32f7xx_hal.o
pFlash              0x1c              Drivers/STM32F7xx_HAL_Driver/Src/stm32f7xx_hal_flash.o
aux                 0x4               Src/pcb.o
mutex               0x4               Src/main.o
htim1               0x40              Src/tim.o
stack_pointer       0x4               Src/main.o
heth                0x48              Src/eth.o
consola             0x410             Src/pcb.o
proccess            0x88              Src/pcb.o
Parametros          0x4               Src/pcb.o

Discarded input sections

[...]
Memory Configuration

Name             Origin             Length             Attributes
RAM              0x0000000020000000 0x0000000000080000 xrw
FLASH            0x0000000008000000 0x0000000000200000 xr
*default*        0x0000000000000000 0xffffffffffffffff

Linker script and memory map

LOAD /opt/st/stm32cubeide_1.0.2/plugins/com.st.stm32cube.ide.mcu.externaltools.gnu-tools-for-stm32.7-2018-q2-update.linux64_1.0.0.201904181610/tools/bin/../lib/gcc/arm-none-eabi/7.3.1/thumb/v7e-m/fpv5/hard/crti.o
LOAD /opt/st/stm32cubeide_1.0.2/plugins/com.st.stm32cube.ide.mcu.externaltools.gnu-tools-for-stm32.7-2018-q2-update.linux64_1.0.0.201904181610/tools/bin/../lib/gcc/arm-none-eabi/7.3.1/thumb/v7e-m/fpv5/hard/crtbegin.o
LOAD /opt/st/stm32cubeide_1.0.2/plugins/com.st.stm32cube.ide.mcu.externaltools.gnu-tools-for-stm32.7-2018-q2-update.linux64_1.0.0.201904181610/tools/bin/../lib/gcc/arm-none-eabi/7.3.1/../../../../arm-none-eabi/lib/thumb/v7e-m/fpv5/hard/crt0.o
LOAD Drivers/STM32F7xx_HAL_Driver/Src/stm32f7xx_hal.o
LOAD Drivers/STM32F7xx_HAL_Driver/Src/stm32f7xx_hal_cortex.o
LOAD Drivers/STM32F7xx_HAL_Driver/Src/stm32f7xx_hal_dma.o
LOAD Drivers/STM32F7xx_HAL_Driver/Src/stm32f7xx_hal_dma_ex.o
LOAD Drivers/STM32F7xx_HAL_Driver/Src/stm32f7xx_hal_eth.o
LOAD Drivers/STM32F7xx_HAL_Driver/Src/stm32f7xx_hal_exti.o
LOAD Drivers/STM32F7xx_HAL_Driver/Src/stm32f7xx_hal_flash.o
LOAD Drivers/STM32F7xx_HAL_Driver/Src/stm32f7xx_hal_flash_ex.o
LOAD Drivers/STM32F7xx_HAL_Driver/Src/stm32f7xx_hal_gpio.o
LOAD Drivers/STM32F7xx_HAL_Driver/Src/stm32f7xx_hal_i2c.o
LOAD Drivers/STM32F7xx_HAL_Driver/Src/stm32f7xx_hal_i2c_ex.o
LOAD Drivers/STM32F7xx_HAL_Driver/Src/stm32f7xx_hal_pcd.o
LOAD Drivers/STM32F7xx_HAL_Driver/Src/stm32f7xx_hal_pcd_ex.o
LOAD Drivers/STM32F7xx_HAL_Driver/Src/stm32f7xx_hal_pwr.o
LOAD Drivers/STM32F7xx_HAL_Driver/Src/stm32f7xx_hal_pwr_ex.o
LOAD Drivers/STM32F7xx_HAL_Driver/Src/stm32f7xx_hal_rcc.o
LOAD Drivers/STM32F7xx_HAL_Driver/Src/stm32f7xx_hal_rcc_ex.o
LOAD Drivers/STM32F7xx_HAL_Driver/Src/stm32f7xx_hal_tim.o
LOAD Drivers/STM32F7xx_HAL_Driver/Src/stm32f7xx_hal_tim_ex.o
LOAD Drivers/STM32F7xx_HAL_Driver/Src/stm32f7xx_hal_uart.o
LOAD Drivers/STM32F7xx_HAL_Driver/Src/stm32f7xx_hal_uart_ex.o
LOAD Drivers/STM32F7xx_HAL_Driver/Src/stm32f7xx_ll_usb.o
LOAD Src/eth.o
LOAD Src/gpio.o
LOAD Src/llamadasalsistema.o
LOAD Src/main.o
LOAD Src/pcb.o
LOAD Src/stm32f7xx_hal_msp.o
LOAD Src/stm32f7xx_it.o
LOAD Src/syscalls.o
LOAD Src/sysmem.o
LOAD Src/system_stm32f7xx.o
LOAD Src/tim.o
LOAD Src/usart.o
LOAD Src/usb_otg.o
LOAD Startup/startup_stm32f767zitx.o
START GROUP
LOAD /opt/st/stm32cubeide_1.0.2/plugins/com.st.stm32cube.ide.mcu.externaltools.gnu-tools-for-stm32.7-2018-q2-update.linux64_1.0.0.201904181610/tools/bin/../lib/gcc/arm-none-eabi/7.3.1/../../../../arm-none-eabi/lib/thumb/v7e-m/fpv5/hard/libc_nano.a
LOAD /opt/st/stm32cubeide_1.0.2/plugins/com.st.stm32cube.ide.mcu.externaltools.gnu-tools-for-stm32.7-2018-q2-update.linux64_1.0.0.201904181610/tools/bin/../lib/gcc/arm-none-eabi/7.3.1/../../../../arm-none-eabi/lib/thumb/v7e-m/fpv5/hard/libm.a
END GROUP
START GROUP
LOAD /opt/st/stm32cubeide_1.0.2/plugins/com.st.stm32cube.ide.mcu.externaltools.gnu-tools-for-stm32.7-2018-q2-update.linux64_1.0.0.201904181610/tools/bin/../lib/gcc/arm-none-eabi/7.3.1/thumb/v7e-m/fpv5/hard/libgcc.a
LOAD /opt/st/stm32cubeide_1.0.2/plugins/com.st.stm32cube.ide.mcu.externaltools.gnu-tools-for-stm32.7-2018-q2-update.linux64_1.0.0.201904181610/tools/bin/../lib/gcc/arm-none-eabi/7.3.1/../../../../arm-none-eabi/lib/thumb/v7e-m/fpv5/hard/libc_nano.a
END GROUP
START GROUP
LOAD /opt/st/stm32cubeide_1.0.2/plugins/com.st.stm32cube.ide.mcu.externaltools.gnu-tools-for-stm32.7-2018-q2-update.linux64_1.0.0.201904181610/tools/bin/../lib/gcc/arm-none-eabi/7.3.1/thumb/v7e-m/fpv5/hard/libgcc.a
LOAD /opt/st/stm32cubeide_1.0.2/plugins/com.st.stm32cube.ide.mcu.externaltools.gnu-tools-for-stm32.7-2018-q2-update.linux64_1.0.0.201904181610/tools/bin/../lib/gcc/arm-none-eabi/7.3.1/../../../../arm-none-eabi/lib/thumb/v7e-m/fpv5/hard/libc_nano.a
LOAD /opt/st/stm32cubeide_1.0.2/plugins/com.st.stm32cube.ide.mcu.externaltools.gnu-tools-for-stm32.7-2018-q2-update.linux64_1.0.0.201904181610/tools/bin/../lib/gcc/arm-none-eabi/7.3.1/../../../../arm-none-eabi/lib/thumb/v7e-m/fpv5/hard/libnosys.a
END GROUP
START GROUP
LOAD /opt/st/stm32cubeide_1.0.2/plugins/com.st.stm32cube.ide.mcu.externaltools.gnu-tools-for-stm32.7-2018-q2-update.linux64_1.0.0.201904181610/tools/bin/../lib/gcc/arm-none-eabi/7.3.1/thumb/v7e-m/fpv5/hard/libgcc.a
LOAD /opt/st/stm32cubeide_1.0.2/plugins/com.st.stm32cube.ide.mcu.externaltools.gnu-tools-for-stm32.7-2018-q2-update.linux64_1.0.0.201904181610/tools/bin/../lib/gcc/arm-none-eabi/7.3.1/../../../../arm-none-eabi/lib/thumb/v7e-m/fpv5/hard/libc_nano.a
LOAD /opt/st/stm32cubeide_1.0.2/plugins/com.st.stm32cube.ide.mcu.externaltools.gnu-tools-for-stm32.7-2018-q2-update.linux64_1.0.0.201904181610/tools/bin/../lib/gcc/arm-none-eabi/7.3.1/../../../../arm-none-eabi/lib/thumb/v7e-m/fpv5/hard/libnosys.a
END GROUP
LOAD /opt/st/stm32cubeide_1.0.2/plugins/com.st.stm32cube.ide.mcu.externaltools.gnu-tools-for-stm32.7-2018-q2-update.linux64_1.0.0.201904181610/tools/bin/../lib/gcc/arm-none-eabi/7.3.1/thumb/v7e-m/fpv5/hard/crtend.o
LOAD /opt/st/stm32cubeide_1.0.2/plugins/com.st.stm32cube.ide.mcu.externaltools.gnu-tools-for-stm32.7-2018-q2-update.linux64_1.0.0.201904181610/tools/bin/../lib/gcc/arm-none-eabi/7.3.1/thumb/v7e-m/fpv5/hard/crtn.o
                0x0000000020080000                _estack = 0x20080000
                0x0000000000000200                _Min_Heap_Size = 0x200
                0x0000000000000400                _Min_Stack_Size = 0x400

.isr_vector     0x0000000008000000      0x1f8
                0x0000000008000000                . = ALIGN (0x4)
 *(.isr_vector)
 .isr_vector    0x0000000008000000      0x1f8 Startup/startup_stm32f767zitx.o
                0x0000000008000000                g_pfnVectors
                0x00000000080001f8                . = ALIGN (0x4)

.text           0x00000000080001f8     0x384c
                0x00000000080001f8                . = ALIGN (0x4)
 *(.text)
 .text          0x00000000080001f8       0x40 /opt/st/stm32cubeide_1.0.2/plugins/com.st.stm32cube.ide.mcu.externaltools.gnu-tools-for-stm32.7-2018-q2-update.linux64_1.0.0.201904181610/tools/bin/../lib/gcc/arm-none-eabi/7.3.1/thumb/v7e-m/fpv5/hard/crtbegin.o
 .text          0x0000000008000238       0x30 /opt/st/stm32cubeide_1.0.2/plugins/com.st.stm32cube.ide.mcu.externaltools.gnu-tools-for-stm32.7-2018-q2-update.linux64_1.0.0.201904181610/tools/bin/../lib/gcc/arm-none-eabi/7.3.1/thumb/v7e-m/fpv5/hard/libgcc.a(_aeabi_uldivmod.o)
                0x0000000008000238                __aeabi_uldivmod
 .text          0x0000000008000268      0x2cc /opt/st/stm32cubeide_1.0.2/plugins/com.st.stm32cube.ide.mcu.externaltools.gnu-tools-for-stm32.7-2018-q2-update.linux64_1.0.0.201904181610/tools/bin/../lib/gcc/arm-none-eabi/7.3.1/thumb/v7e-m/fpv5/hard/libgcc.a(_udivmoddi4.o)
                0x0000000008000268                __udivmoddi4
 .text          0x0000000008000534        0x4 /opt/st/stm32cubeide_1.0.2/plugins/com.st.stm32cube.ide.mcu.externaltools.gnu-tools-for-stm32.7-2018-q2-update.linux64_1.0.0.201904181610/tools/bin/../lib/gcc/arm-none-eabi/7.3.1/thumb/v7e-m/fpv5/hard/libgcc.a(_dvmd_tls.o)
                0x0000000008000534                __aeabi_ldiv0
                0x0000000008000534                __aeabi_idiv0
 *(.text*)
 .text.HAL_InitTick
                0x0000000008000538       0x48 Drivers/STM32F7xx_HAL_Driver/Src/stm32f7xx_hal.o
                0x0000000008000538                HAL_InitTick
 .text.HAL_Init
                0x0000000008000580       0x18 Drivers/STM32F7xx_HAL_Driver/Src/stm32f7xx_hal.o
                0x0000000008000580                HAL_Init
 .text.HAL_IncTick
                0x0000000008000598       0x18 Drivers/STM32F7xx_HAL_Driver/Src/stm32f7xx_hal.o
                0x0000000008000598                HAL_IncTick
 .text.HAL_GetTick
                0x00000000080005b0        0xc Drivers/STM32F7xx_HAL_Driver/Src/stm32f7xx_hal.o
                0x00000000080005b0                HAL_GetTick
 .text.HAL_Delay
                0x00000000080005bc       0x24 Drivers/STM32F7xx_HAL_Driver/Src/stm32f7xx_hal.o
                0x00000000080005bc                HAL_Delay
 .text.HAL_NVIC_SetPriorityGrouping
                0x00000000080005e0       0x28 Drivers/STM32F7xx_HAL_Driver/Src/stm32f7xx_hal_cortex.o
                0x00000000080005e0                HAL_NVIC_SetPriorityGrouping
 .text.HAL_NVIC_SetPriority
                0x0000000008000608       0x6c Drivers/STM32F7xx_HAL_Driver/Src/stm32f7xx_hal_cortex.o
                0x0000000008000608                HAL_NVIC_SetPriority
 .text.HAL_NVIC_EnableIRQ
                0x0000000008000674       0x1c Drivers/STM32F7xx_HAL_Driver/Src/stm32f7xx_hal_cortex.o
                0x0000000008000674                HAL_NVIC_EnableIRQ
 .text.HAL_SYSTICK_Config
                0x0000000008000690       0x30 Drivers/STM32F7xx_HAL_Driver/Src/stm32f7xx_hal_cortex.o
                0x0000000008000690                HAL_SYSTICK_Config
 .text.HAL_DMA_Abort_IT
                0x00000000080006c0       0x28 Drivers/STM32F7xx_HAL_Driver/Src/stm32f7xx_hal_dma.o
                0x00000000080006c0                HAL_DMA_Abort_IT
 .text.ETH_MACDMAConfig
                0x00000000080006e8      0x100 Drivers/STM32F7xx_HAL_Driver/Src/stm32f7xx_hal_eth.o
 .text.HAL_ETH_Init
                0x00000000080007e8      0x3a0 Drivers/STM32F7xx_HAL_Driver/Src/stm32f7xx_hal_eth.o
                0x00000000080007e8                HAL_ETH_Init
 .text.HAL_GPIO_Init
                0x0000000008000b88      0x23c Drivers/STM32F7xx_HAL_Driver/Src/stm32f7xx_hal_gpio.o
                0x0000000008000b88                HAL_GPIO_Init
 .text.HAL_GPIO_WritePin
                0x0000000008000dc4        0x8 Drivers/STM32F7xx_HAL_Driver/Src/stm32f7xx_hal_gpio.o
                0x0000000008000dc4                HAL_GPIO_WritePin
 .text.HAL_PCD_Init
                0x0000000008000dcc      0x124 Drivers/STM32F7xx_HAL_Driver/Src/stm32f7xx_hal_pcd.o
                0x0000000008000dcc                HAL_PCD_Init
 .text.HAL_PCDEx_ActivateLPM
                0x0000000008000ef0       0x2c Drivers/STM32F7xx_HAL_Driver/Src/stm32f7xx_hal_pcd_ex.o
                0x0000000008000ef0                HAL_PCDEx_ActivateLPM
 .text.HAL_PWR_EnableBkUpAccess
                0x0000000008000f1c       0x10 Drivers/STM32F7xx_HAL_Driver/Src/stm32f7xx_hal_pwr.o
                0x0000000008000f1c                HAL_PWR_EnableBkUpAccess
 .text.HAL_PWREx_EnableOverDrive
                0x0000000008000f2c       0x78 Drivers/STM32F7xx_HAL_Driver/Src/stm32f7xx_hal_pwr_ex.o
                0x0000000008000f2c                HAL_PWREx_EnableOverDrive
 .text.HAL_RCC_OscConfig
                0x0000000008000fa4      0x39c Drivers/STM32F7xx_HAL_Driver/Src/stm32f7xx_hal_rcc.o
                0x0000000008000fa4                HAL_RCC_OscConfig
 .text.HAL_RCC_ClockConfig
                0x0000000008001340      0x194 Drivers/STM32F7xx_HAL_Driver/Src/stm32f7xx_hal_rcc.o
                0x0000000008001340                HAL_RCC_ClockConfig
 .text.HAL_RCC_GetSysClockFreq
                0x00000000080014d4       0x68 Drivers/STM32F7xx_HAL_Driver/Src/stm32f7xx_hal_rcc.o
                0x00000000080014d4                HAL_RCC_GetSysClockFreq
 .text.HAL_RCC_GetHCLKFreq
                0x000000000800153c        0xc Drivers/STM32F7xx_HAL_Driver/Src/stm32f7xx_hal_rcc.o
                0x000000000800153c                HAL_RCC_GetHCLKFreq
 .text.HAL_RCC_GetPCLK1Freq
                0x0000000008001548       0x20 Drivers/STM32F7xx_HAL_Driver/Src/stm32f7xx_hal_rcc.o
                0x0000000008001548                HAL_RCC_GetPCLK1Freq
 .text.HAL_RCC_GetPCLK2Freq
                0x0000000008001568       0x20 Drivers/STM32F7xx_HAL_Driver/Src/stm32f7xx_hal_rcc.o
                0x0000000008001568                HAL_RCC_GetPCLK2Freq
 .text.HAL_RCCEx_PeriphCLKConfig
                0x0000000008001588      0x588 Drivers/STM32F7xx_HAL_Driver/Src/stm32f7xx_hal_rcc_ex.o
                0x0000000008001588                HAL_RCCEx_PeriphCLKConfig
 .text.HAL_TIM_Base_Init
                0x0000000008001b10      0x108 Drivers/STM32F7xx_HAL_Driver/Src/stm32f7xx_hal_tim.o
                0x0000000008001b10                HAL_TIM_Base_Init
 .text.HAL_TIM_PWM_MspInit
                0x0000000008001c18        0x4 Drivers/STM32F7xx_HAL_Driver/Src/stm32f7xx_hal_tim.o
                0x0000000008001c18                HAL_TIM_PWM_MspInit
 .text.HAL_TIM_PWM_Init
                0x0000000008001c1c      0x108 Drivers/STM32F7xx_HAL_Driver/Src/stm32f7xx_hal_tim.o
                0x0000000008001c1c                HAL_TIM_PWM_Init
 .text.HAL_TIM_PWM_Start
                0x0000000008001d24       0x60 Drivers/STM32F7xx_HAL_Driver/Src/stm32f7xx_hal_tim.o
                0x0000000008001d24                HAL_TIM_PWM_Start
 .text.HAL_TIM_PWM_Stop
                0x0000000008001d84       0x78 Drivers/STM32F7xx_HAL_Driver/Src/stm32f7xx_hal_tim.o
                0x0000000008001d84                HAL_TIM_PWM_Stop
 .text.HAL_TIM_PWM_ConfigChannel
                0x0000000008001dfc      0x31c Drivers/STM32F7xx_HAL_Driver/Src/stm32f7xx_hal_tim.o
                0x0000000008001dfc                HAL_TIM_PWM_ConfigChannel
 .text.HAL_TIM_ConfigClockSource
                0x0000000008002118      0x150 Drivers/STM32F7xx_HAL_Driver/Src/stm32f7xx_hal_tim.o
                0x0000000008002118                HAL_TIM_ConfigClockSource
 .text.HAL_TIMEx_MasterConfigSynchronization
                0x0000000008002268       0x60 Drivers/STM32F7xx_HAL_Driver/Src/stm32f7xx_hal_tim_ex.o
                0x0000000008002268                HAL_TIMEx_MasterConfigSynchronization
 .text.HAL_TIMEx_ConfigBreakDeadTime
                0x00000000080022c8       0x90 Drivers/STM32F7xx_HAL_Driver/Src/stm32f7xx_hal_tim_ex.o
                0x00000000080022c8                HAL_TIMEx_ConfigBreakDeadTime
 .text.HAL_UART_Transmit
                0x0000000008002358      0x118 Drivers/STM32F7xx_HAL_Driver/Src/stm32f7xx_hal_uart.o
                0x0000000008002358                HAL_UART_Transmit
 .text.HAL_UART_Receive_IT
                0x0000000008002470       0xe0 Drivers/STM32F7xx_HAL_Driver/Src/stm32f7xx_hal_uart.o
                0x0000000008002470                HAL_UART_Receive_IT
 .text.HAL_UART_TxCpltCallback
                0x0000000008002550        0x4 Drivers/STM32F7xx_HAL_Driver/Src/stm32f7xx_hal_uart.o
                0x0000000008002550                HAL_UART_TxCpltCallback
 .text.HAL_UART_RxCpltCallback
                0x0000000008002554        0x4 Drivers/STM32F7xx_HAL_Driver/Src/stm32f7xx_hal_uart.o
                0x0000000008002554                HAL_UART_RxCpltCallback
 .text.UART_RxISR_8BIT
                0x0000000008002558       0x5c Drivers/STM32F7xx_HAL_Driver/Src/stm32f7xx_hal_uart.o
 .text.UART_RxISR_16BIT
                0x00000000080025b4       0x58 Drivers/STM32F7xx_HAL_Driver/Src/stm32f7xx_hal_uart.o
 .text.HAL_UART_ErrorCallback
                0x000000000800260c        0x4 Drivers/STM32F7xx_HAL_Driver/Src/stm32f7xx_hal_uart.o
                0x000000000800260c                HAL_UART_ErrorCallback
 .text.HAL_UART_IRQHandler
                0x0000000008002610      0x140 Drivers/STM32F7xx_HAL_Driver/Src/stm32f7xx_hal_uart.o
                0x0000000008002610                HAL_UART_IRQHandler
 .text.UART_DMAAbortOnError
                0x0000000008002750       0x18 Drivers/STM32F7xx_HAL_Driver/Src/stm32f7xx_hal_uart.o
 .text.UART_AdvFeatureConfig
                0x0000000008002768       0xb0 Drivers/STM32F7xx_HAL_Driver/Src/stm32f7xx_hal_uart.o
                0x0000000008002768                UART_AdvFeatureConfig
 .text.HAL_UART_Init
                0x0000000008002818      0x3a8 Drivers/STM32F7xx_HAL_Driver/Src/stm32f7xx_hal_uart.o
                0x0000000008002818                HAL_UART_Init
 .text.USB_CoreInit
                0x0000000008002bc0       0xd0 Drivers/STM32F7xx_HAL_Driver/Src/stm32f7xx_ll_usb.o
                0x0000000008002bc0                USB_CoreInit
 .text.USB_DisableGlobalInt
                0x0000000008002c90       0x10 Drivers/STM32F7xx_HAL_Driver/Src/stm32f7xx_ll_usb.o
                0x0000000008002c90                USB_DisableGlobalInt
 .text.USB_SetCurrentMode
                0x0000000008002ca0       0x30 Drivers/STM32F7xx_HAL_Driver/Src/stm32f7xx_ll_usb.o
                0x0000000008002ca0                USB_SetCurrentMode
 .text.USB_DevInit
                0x0000000008002cd0      0x1fc Drivers/STM32F7xx_HAL_Driver/Src/stm32f7xx_ll_usb.o
                0x0000000008002cd0                USB_DevInit
 .text.USB_DevDisconnect
                0x0000000008002ecc       0x18 Drivers/STM32F7xx_HAL_Driver/Src/stm32f7xx_ll_usb.o
                0x0000000008002ecc                USB_DevDisconnect
 .text.MX_ETH_Init
                0x0000000008002ee4       0x44 Src/eth.o
                0x0000000008002ee4                MX_ETH_Init
 .text.HAL_ETH_MspInit
                0x0000000008002f28      0x10c Src/eth.o
                0x0000000008002f28                HAL_ETH_MspInit
 .text.MX_GPIO_Init
                0x0000000008003034      0x10c Src/gpio.o
                0x0000000008003034                MX_GPIO_Init
 .text.LlamadaSistema
                0x0000000008003140       0x2c Src/llamadasalsistema.o
                0x0000000008003140                LlamadaSistema
 .text.SystemClock_Config
                0x000000000800316c       0xb4 Src/main.o
                0x000000000800316c                SystemClock_Config
 .text.startup.main
                0x0000000008003220       0x98 Src/main.o
                0x0000000008003220                main
 .text.Error_Handler
                0x00000000080032b8        0x4 Src/main.o
                0x00000000080032b8                Error_Handler
 .text.fork     0x00000000080032bc       0x20 Src/pcb.o
                0x00000000080032bc                fork
 .text.sem_init
                0x00000000080032dc        0x8 Src/pcb.o
                0x00000000080032dc                sem_init
 .text.sem_wait
                0x00000000080032e4       0x10 Src/pcb.o
                0x00000000080032e4                sem_wait
 .text.sem_post
                0x00000000080032f4        0x8 Src/pcb.o
                0x00000000080032f4                sem_post
 .text.SVC_Handler
                0x00000000080032fc       0xe0 Src/pcb.o
                0x00000000080032fc                SVC_Handler
 .text.SysTick_Handler
                0x00000000080033dc       0xe8 Src/pcb.o
                0x00000000080033dc                SysTick_Handler
 .text.InitConsola
                0x00000000080034c4       0x34 Src/pcb.o
                0x00000000080034c4                InitConsola
 .text.ServicioLeer
                0x00000000080034f8       0x5c Src/pcb.o
                0x00000000080034f8                ServicioLeer
 .text.ServicioEscribir
                0x0000000008003554       0x1c Src/pcb.o
                0x0000000008003554                ServicioEscribir
 .text.ServicioTicks
                0x0000000008003570       0x18 Src/pcb.o
                0x0000000008003570                ServicioTicks
 .text.ServicioInitPWM
                0x0000000008003588        0xc Src/pcb.o
                0x0000000008003588                ServicioInitPWM
 .text.ServicioPWMDutyCycle
                0x0000000008003594        0xc Src/pcb.o
                0x0000000008003594                ServicioPWMDutyCycle
 .text.ServicioStopPWM
                0x00000000080035a0        0xc Src/pcb.o
                0x00000000080035a0                ServicioStopPWM
 .text.Escribir
                0x00000000080035ac        0x8 Src/pcb.o
                0x00000000080035ac                Escribir
 .text.USART3_IRQHandler
                0x00000000080035b4       0x3c Src/pcb.o
                0x00000000080035b4                USART3_IRQHandler
 .text.HAL_MspInit
                0x00000000080035f0       0x30 Src/stm32f7xx_hal_msp.o
                0x00000000080035f0                HAL_MspInit
 .text.NMI_Handler
                0x0000000008003620        0x4 Src/stm32f7xx_it.o
                0x0000000008003620                NMI_Handler
 .text.HardFault_Handler
                0x0000000008003624        0x4 Src/stm32f7xx_it.o
                0x0000000008003624                HardFault_Handler
 .text.MemManage_Handler
                0x0000000008003628        0x4 Src/stm32f7xx_it.o
                0x0000000008003628                MemManage_Handler
 .text.BusFault_Handler
                0x000000000800362c        0x4 Src/stm32f7xx_it.o
                0x000000000800362c                BusFault_Handler
 .text.UsageFault_Handler
                0x0000000008003630        0x4 Src/stm32f7xx_it.o
                0x0000000008003630                UsageFault_Handler
 .text.DebugMon_Handler
                0x0000000008003634        0x4 Src/stm32f7xx_it.o
                0x0000000008003634                DebugMon_Handler
 .text.PendSV_Handler
                0x0000000008003638        0x4 Src/stm32f7xx_it.o
                0x0000000008003638                PendSV_Handler
 .text.SystemInit
                0x000000000800363c       0x50 Src/system_stm32f7xx.o
                0x000000000800363c                SystemInit
 .text.MX_TIM1_Init
                0x000000000800368c      0x144 Src/tim.o
                0x000000000800368c                MX_TIM1_Init
 .text.HAL_TIM_Base_MspInit
                0x00000000080037d0       0x2c Src/tim.o
                0x00000000080037d0                HAL_TIM_Base_MspInit
 .text.MX_USART3_UART_Init
                0x00000000080037fc       0x3c Src/usart.o
                0x00000000080037fc                MX_USART3_UART_Init
 .text.HAL_UART_MspInit
                0x0000000008003838       0x7c Src/usart.o
                0x0000000008003838                HAL_UART_MspInit
 .text.MX_USB_OTG_FS_PCD_Init
                0x00000000080038b4       0x3c Src/usb_otg.o
                0x00000000080038b4                MX_USB_OTG_FS_PCD_Init
 .text.HAL_PCD_MspInit
                0x00000000080038f0       0x90 Src/usb_otg.o
                0x00000000080038f0                HAL_PCD_MspInit
 .text.Reset_Handler
                0x0000000008003980       0x50 Startup/startup_stm32f767zitx.o
                0x0000000008003980                Reset_Handler
 .text.Default_Handler
                0x00000000080039d0        0x2 Startup/startup_stm32f767zitx.o
                0x00000000080039d0                RTC_Alarm_IRQHandler
                0x00000000080039d0                EXTI2_IRQHandler
                0x00000000080039d0                TIM8_CC_IRQHandler
                0x00000000080039d0                UART8_IRQHandler
                0x00000000080039d0                SPI4_IRQHandler
                0x00000000080039d0                TIM1_CC_IRQHandler
                0x00000000080039d0                DMA2_Stream5_IRQHandler
                0x00000000080039d0                JPEG_IRQHandler
                0x00000000080039d0                DMA1_Stream5_IRQHandler
                0x00000000080039d0                CAN3_RX1_IRQHandler
                0x00000000080039d0                PVD_IRQHandler
                0x00000000080039d0                TAMP_STAMP_IRQHandler
                0x00000000080039d0                CAN2_RX1_IRQHandler
                0x00000000080039d0                EXTI3_IRQHandler
                0x00000000080039d0                TIM8_TRG_COM_TIM14_IRQHandler
                0x00000000080039d0                DFSDM1_FLT1_IRQHandler
                0x00000000080039d0                TIM1_UP_TIM10_IRQHandler
                0x00000000080039d0                TIM8_UP_TIM13_IRQHandler
                0x00000000080039d0                I2C3_ER_IRQHandler
                0x00000000080039d0                DFSDM1_FLT2_IRQHandler
                0x00000000080039d0                EXTI0_IRQHandler
                0x00000000080039d0                I2C2_EV_IRQHandler
                0x00000000080039d0                DMA1_Stream2_IRQHandler
                0x00000000080039d0                CAN1_RX0_IRQHandler
                0x00000000080039d0                FPU_IRQHandler
                0x00000000080039d0                OTG_HS_WKUP_IRQHandler
                0x00000000080039d0                CAN3_SCE_IRQHandler
                0x00000000080039d0                LTDC_ER_IRQHandler
                0x00000000080039d0                CAN2_SCE_IRQHandler
                0x00000000080039d0                DMA2_Stream2_IRQHandler
                0x00000000080039d0                SPI1_IRQHandler
                0x00000000080039d0                TIM6_DAC_IRQHandler
                0x00000000080039d0                TIM1_BRK_TIM9_IRQHandler
                0x00000000080039d0                DCMI_IRQHandler
                0x00000000080039d0                CAN2_RX0_IRQHandler
                0x00000000080039d0                DMA2_Stream3_IRQHandler
                0x00000000080039d0                SAI2_IRQHandler
                0x00000000080039d0                DFSDM1_FLT3_IRQHandler
                0x00000000080039d0                USART6_IRQHandler
                0x00000000080039d0                CAN3_RX0_IRQHandler
                0x00000000080039d0                CAN1_RX1_IRQHandler
                0x00000000080039d0                UART5_IRQHandler
                0x00000000080039d0                DMA2_Stream0_IRQHandler
                0x00000000080039d0                TIM4_IRQHandler
                0x00000000080039d0                QUADSPI_IRQHandler
                0x00000000080039d0                I2C1_EV_IRQHandler
                0x00000000080039d0                DMA1_Stream6_IRQHandler
                0x00000000080039d0                DMA1_Stream1_IRQHandler
                0x00000000080039d0                UART4_IRQHandler
                0x00000000080039d0                TIM3_IRQHandler
                0x00000000080039d0                RCC_IRQHandler
                0x00000000080039d0                TIM8_BRK_TIM12_IRQHandler
                0x00000000080039d0                Default_Handler
                0x00000000080039d0                CEC_IRQHandler
                0x00000000080039d0                EXTI15_10_IRQHandler
                0x00000000080039d0                ADC_IRQHandler
                0x00000000080039d0                DMA1_Stream7_IRQHandler
                0x00000000080039d0                SPI5_IRQHandler
                0x00000000080039d0                TIM7_IRQHandler
                0x00000000080039d0                SDMMC1_IRQHandler
                0x00000000080039d0                CAN2_TX_IRQHandler
                0x00000000080039d0                TIM5_IRQHandler
                0x00000000080039d0                DMA2_Stream7_IRQHandler
                0x00000000080039d0                I2C3_EV_IRQHandler
                0x00000000080039d0                EXTI9_5_IRQHandler
                0x00000000080039d0                RTC_WKUP_IRQHandler
                0x00000000080039d0                LTDC_IRQHandler
                0x00000000080039d0                ETH_WKUP_IRQHandler
                0x00000000080039d0                SPDIF_RX_IRQHandler
                0x00000000080039d0                SPI2_IRQHandler
                0x00000000080039d0                OTG_HS_EP1_IN_IRQHandler
                0x00000000080039d0                DMA1_Stream0_IRQHandler
                0x00000000080039d0                CAN1_TX_IRQHandler
                0x00000000080039d0                EXTI4_IRQHandler
                0x00000000080039d0                RNG_IRQHandler
                0x00000000080039d0                ETH_IRQHandler
                0x00000000080039d0                OTG_HS_EP1_OUT_IRQHandler
                0x00000000080039d0                WWDG_IRQHandler
                0x00000000080039d0                SPI6_IRQHandler
                0x00000000080039d0                MDIOS_IRQHandler
                0x00000000080039d0                I2C4_EV_IRQHandler
                0x00000000080039d0                CAN3_TX_IRQHandler
                0x00000000080039d0                TIM2_IRQHandler
                0x00000000080039d0                OTG_FS_WKUP_IRQHandler
                0x00000000080039d0                TIM1_TRG_COM_TIM11_IRQHandler
                0x00000000080039d0                OTG_HS_IRQHandler
                0x00000000080039d0                DMA2D_IRQHandler
                0x00000000080039d0                EXTI1_IRQHandler
                0x00000000080039d0                SDMMC2_IRQHandler
                0x00000000080039d0                UART7_IRQHandler
                0x00000000080039d0                USART2_IRQHandler
                0x00000000080039d0                DFSDM1_FLT0_IRQHandler
                0x00000000080039d0                I2C2_ER_IRQHandler
                0x00000000080039d0                DMA2_Stream1_IRQHandler
                0x00000000080039d0                CAN1_SCE_IRQHandler
                0x00000000080039d0                FLASH_IRQHandler
                0x00000000080039d0                DMA2_Stream4_IRQHandler
                0x00000000080039d0                USART1_IRQHandler
                0x00000000080039d0                OTG_FS_IRQHandler
                0x00000000080039d0                SPI3_IRQHandler
                0x00000000080039d0                DMA1_Stream4_IRQHandler
                0x00000000080039d0                I2C1_ER_IRQHandler
                0x00000000080039d0                FMC_IRQHandler
                0x00000000080039d0                LPTIM1_IRQHandler
                0x00000000080039d0                I2C4_ER_IRQHandler
                0x00000000080039d0                DMA2_Stream6_IRQHandler
                0x00000000080039d0                SAI1_IRQHandler
                0x00000000080039d0                DMA1_Stream3_IRQHandler
 *fill*         0x00000000080039d2        0x2 
 .text.__libc_init_array
                0x00000000080039d4       0x48 /opt/st/stm32cubeide_1.0.2/plugins/com.st.stm32cube.ide.mcu.externaltools.gnu-tools-for-stm32.7-2018-q2-update.linux64_1.0.0.201904181610/tools/bin/../lib/gcc/arm-none-eabi/7.3.1/../../../../arm-none-eabi/lib/thumb/v7e-m/fpv5/hard/libc_nano.a(lib_a-init.o)
                0x00000000080039d4                __libc_init_array
 .text.memset   0x0000000008003a1c       0x10 /opt/st/stm32cubeide_1.0.2/plugins/com.st.stm32cube.ide.mcu.externaltools.gnu-tools-for-stm32.7-2018-q2-update.linux64_1.0.0.201904181610/tools/bin/../lib/gcc/arm-none-eabi/7.3.1/../../../../arm-none-eabi/lib/thumb/v7e-m/fpv5/hard/libc_nano.a(lib_a-memset.o)
                0x0000000008003a1c                memset
 *(.glue_7)
 .glue_7        0x0000000008003a2c        0x0 linker stubs
 *(.glue_7t)
 .glue_7t       0x0000000008003a2c        0x0 linker stubs
 *(.eh_frame)
 .eh_frame      0x0000000008003a2c        0x0 /opt/st/stm32cubeide_1.0.2/plugins/com.st.stm32cube.ide.mcu.externaltools.gnu-tools-for-stm32.7-2018-q2-update.linux64_1.0.0.201904181610/tools/bin/../lib/gcc/arm-none-eabi/7.3.1/thumb/v7e-m/fpv5/hard/crtbegin.o
 *(.init)
 .init          0x0000000008003a2c        0x4 /opt/st/stm32cubeide_1.0.2/plugins/com.st.stm32cube.ide.mcu.externaltools.gnu-tools-for-stm32.7-2018-q2-update.linux64_1.0.0.201904181610/tools/bin/../lib/gcc/arm-none-eabi/7.3.1/thumb/v7e-m/fpv5/hard/crti.o
                0x0000000008003a2c                _init
 .init          0x0000000008003a30        0x8 /opt/st/stm32cubeide_1.0.2/plugins/com.st.stm32cube.ide.mcu.externaltools.gnu-tools-for-stm32.7-2018-q2-update.linux64_1.0.0.201904181610/tools/bin/../lib/gcc/arm-none-eabi/7.3.1/thumb/v7e-m/fpv5/hard/crtn.o
 *(.fini)
 .fini          0x0000000008003a38        0x4 /opt/st/stm32cubeide_1.0.2/plugins/com.st.stm32cube.ide.mcu.externaltools.gnu-tools-for-stm32.7-2018-q2-update.linux64_1.0.0.201904181610/tools/bin/../lib/gcc/arm-none-eabi/7.3.1/thumb/v7e-m/fpv5/hard/crti.o
                0x0000000008003a38                _fini
 .fini          0x0000000008003a3c        0x8 /opt/st/stm32cubeide_1.0.2/plugins/com.st.stm32cube.ide.mcu.externaltools.gnu-tools-for-stm32.7-2018-q2-update.linux64_1.0.0.201904181610/tools/bin/../lib/gcc/arm-none-eabi/7.3.1/thumb/v7e-m/fpv5/hard/crtn.o
                0x0000000008003a44                . = ALIGN (0x4)
                0x0000000008003a44                _etext = .

.vfp11_veneer   0x0000000008003a44        0x0
 .vfp11_veneer  0x0000000008003a44        0x0 linker stubs

.v4_bx          0x0000000008003a44        0x0
 .v4_bx         0x0000000008003a44        0x0 linker stubs

.iplt           0x0000000008003a44        0x0
 .iplt          0x0000000008003a44        0x0 /opt/st/stm32cubeide_1.0.2/plugins/com.st.stm32cube.ide.mcu.externaltools.gnu-tools-for-stm32.7-2018-q2-update.linux64_1.0.0.201904181610/tools/bin/../lib/gcc/arm-none-eabi/7.3.1/thumb/v7e-m/fpv5/hard/crtbegin.o

.rodata         0x0000000008003a44       0x44
                0x0000000008003a44                . = ALIGN (0x4)
 *(.rodata)
 *(.rodata*)
 .rodata.CSWTCH.49
                0x0000000008003a44        0x4 Drivers/STM32F7xx_HAL_Driver/Src/stm32f7xx_hal_uart.o
 .rodata.CSWTCH.50
                0x0000000008003a48        0xd Drivers/STM32F7xx_HAL_Driver/Src/stm32f7xx_hal_uart.o
 *fill*         0x0000000008003a55        0x3 
 .rodata.main.str1.4
                0x0000000008003a58       0x18 Src/main.o
 .rodata.AHBPrescTable
                0x0000000008003a70       0x10 Src/system_stm32f7xx.o
                0x0000000008003a70                AHBPrescTable
 .rodata.APBPrescTable
                0x0000000008003a80        0x8 Src/system_stm32f7xx.o
                0x0000000008003a80                APBPrescTable
                0x0000000008003a88                . = ALIGN (0x4)

.ARM.extab      0x0000000008003a88        0x0
                0x0000000008003a88                . = ALIGN (0x4)
 *(.ARM.extab* .gnu.linkonce.armextab.*)
                0x0000000008003a88                . = ALIGN (0x4)

.ARM            0x0000000008003a88        0x8
                0x0000000008003a88                . = ALIGN (0x4)
                0x0000000008003a88                __exidx_start = .
 *(.ARM.exidx*)
 .ARM.exidx     0x0000000008003a88        0x8 /opt/st/stm32cubeide_1.0.2/plugins/com.st.stm32cube.ide.mcu.externaltools.gnu-tools-for-stm32.7-2018-q2-update.linux64_1.0.0.201904181610/tools/bin/../lib/gcc/arm-none-eabi/7.3.1/thumb/v7e-m/fpv5/hard/libgcc.a(_udivmoddi4.o)
                0x0000000008003a90                __exidx_end = .
                0x0000000008003a90                . = ALIGN (0x4)

.rel.dyn        0x0000000008003a90        0x0
 .rel.iplt      0x0000000008003a90        0x0 /opt/st/stm32cubeide_1.0.2/plugins/com.st.stm32cube.ide.mcu.externaltools.gnu-tools-for-stm32.7-2018-q2-update.linux64_1.0.0.201904181610/tools/bin/../lib/gcc/arm-none-eabi/7.3.1/thumb/v7e-m/fpv5/hard/crtbegin.o

.preinit_array  0x0000000008003a90        0x0
                0x0000000008003a90                . = ALIGN (0x4)
                0x0000000008003a90                PROVIDE (__preinit_array_start = .)
 *(.preinit_array*)
                0x0000000008003a90                PROVIDE (__preinit_array_end = .)
                0x0000000008003a90                . = ALIGN (0x4)

.init_array     0x0000000008003a90        0x4
                0x0000000008003a90                . = ALIGN (0x4)
                0x0000000008003a90                PROVIDE (__init_array_start = .)
 *(SORT_BY_NAME(.init_array.*))
 *(.init_array*)
 .init_array    0x0000000008003a90        0x4 /opt/st/stm32cubeide_1.0.2/plugins/com.st.stm32cube.ide.mcu.externaltools.gnu-tools-for-stm32.7-2018-q2-update.linux64_1.0.0.201904181610/tools/bin/../lib/gcc/arm-none-eabi/7.3.1/thumb/v7e-m/fpv5/hard/crtbegin.o
                0x0000000008003a94                PROVIDE (__init_array_end = .)
                0x0000000008003a94                . = ALIGN (0x4)

.fini_array     0x0000000008003a94        0x4
                0x0000000008003a94                . = ALIGN (0x4)
                [!provide]                        PROVIDE (__fini_array_start = .)
 *(SORT_BY_NAME(.fini_array.*))
 *(.fini_array*)
 .fini_array    0x0000000008003a94        0x4 /opt/st/stm32cubeide_1.0.2/plugins/com.st.stm32cube.ide.mcu.externaltools.gnu-tools-for-stm32.7-2018-q2-update.linux64_1.0.0.201904181610/tools/bin/../lib/gcc/arm-none-eabi/7.3.1/thumb/v7e-m/fpv5/hard/crtbegin.o
                [!provide]                        PROVIDE (__fini_array_end = .)
                0x0000000008003a98                . = ALIGN (0x4)
                0x0000000008003a98                _sidata = LOADADDR (.data)

.data           0x0000000020000000        0xc load address 0x0000000008003a98
                0x0000000020000000                . = ALIGN (0x4)
                0x0000000020000000                _sdata = .
 *(.data)
 *(.data*)
 .data.uwTickFreq
                0x0000000020000000        0x1 Drivers/STM32F7xx_HAL_Driver/Src/stm32f7xx_hal.o
                0x0000000020000000                uwTickFreq
 *fill*         0x0000000020000001        0x3 
 .data.uwTickPrio
                0x0000000020000004        0x4 Drivers/STM32F7xx_HAL_Driver/Src/stm32f7xx_hal.o
                0x0000000020000004                uwTickPrio
 .data.SystemCoreClock
                0x0000000020000008        0x4 Src/system_stm32f7xx.o
                0x0000000020000008                SystemCoreClock
                0x000000002000000c                . = ALIGN (0x4)
                0x000000002000000c                _edata = .

.igot.plt       0x000000002000000c        0x0 load address 0x0000000008003aa4
 .igot.plt      0x000000002000000c        0x0 /opt/st/stm32cubeide_1.0.2/plugins/com.st.stm32cube.ide.mcu.externaltools.gnu-tools-for-stm32.7-2018-q2-update.linux64_1.0.0.201904181610/tools/bin/../lib/gcc/arm-none-eabi/7.3.1/thumb/v7e-m/fpv5/hard/crtbegin.o
                0x000000002000000c                . = ALIGN (0x4)

.bss            0x000000002000000c      0x9e0 load address 0x0000000008003aa4
                0x000000002000000c                _sbss = .
                0x000000002000000c                __bss_start__ = _sbss
 *(.bss)
 .bss           0x000000002000000c       0x1c /opt/st/stm32cubeide_1.0.2/plugins/com.st.stm32cube.ide.mcu.externaltools.gnu-tools-for-stm32.7-2018-q2-update.linux64_1.0.0.201904181610/tools/bin/../lib/gcc/arm-none-eabi/7.3.1/thumb/v7e-m/fpv5/hard/crtbegin.o
 *(.bss*)
 .bss.counter   0x0000000020000028        0x4 Src/pcb.o
                0x0000000020000028                counter
 .bss.current_proccess
                0x000000002000002c        0x4 Src/pcb.o
                0x000000002000002c                current_proccess
 .bss.users_proccess
                0x0000000020000030        0x4 Src/pcb.o
                0x0000000020000030                users_proccess
 *(COMMON)
 COMMON         0x0000000020000034        0x4 Drivers/STM32F7xx_HAL_Driver/Src/stm32f7xx_hal.o
                0x0000000020000034                uwTick
 COMMON         0x0000000020000038       0x48 Src/eth.o
                0x0000000020000038                heth
 COMMON         0x0000000020000080        0x8 Src/main.o
                0x0000000020000080                mutex
                0x0000000020000084                stack_pointer
 COMMON         0x0000000020000088      0x4a0 Src/pcb.o
                0x0000000020000088                aux
                0x000000002000008c                consola
                0x000000002000049c                proccess
                0x0000000020000524                Parametros
 COMMON         0x0000000020000528       0x40 Src/tim.o
                0x0000000020000528                htim1
 COMMON         0x0000000020000568       0x80 Src/usart.o
                0x0000000020000568                huart3
 COMMON         0x00000000200005e8      0x404 Src/usb_otg.o
                0x00000000200005e8                hpcd_USB_OTG_FS
                0x00000000200009ec                . = ALIGN (0x4)
                0x00000000200009ec                _ebss = .
                0x00000000200009ec                __bss_end__ = _ebss

._user_heap_stack
                0x00000000200009ec      0x604 load address 0x0000000008003aa4
                0x00000000200009f0                . = ALIGN (0x8)
 *fill*         0x00000000200009ec        0x4 
                0x00000000200009f0                PROVIDE (end = .)
                [!provide]                        PROVIDE (_end = .)
                0x0000000020000bf0                . = (. + _Min_Heap_Size)
 *fill*         0x00000000200009f0      0x200 
                0x0000000020000ff0                . = (. + _Min_Stack_Size)
 *fill*         0x0000000020000bf0      0x400 
                0x0000000020000ff0                . = ALIGN (0x8)

/DISCARD/
 libc.a(*)
 libm.a(*)
 libgcc.a(*)

.ARM.attributes
                0x0000000000000000       0x2e
 *(.ARM.attributes)
 .ARM.attributes
                0x0000000000000000       0x20 /opt/st/stm32cubeide_1.0.2/plugins/com.st.stm32cube.ide.mcu.externaltools.gnu-tools-for-stm32.7-2018-q2-update.linux64_1.0.0.201904181610/tools/bin/../lib/gcc/arm-none-eabi/7.3.1/thumb/v7e-m/fpv5/hard/crti.o
 .ARM.attributes
                0x0000000000000020       0x32 /opt/st/stm32cubeide_1.0.2/plugins/com.st.stm32cube.ide.mcu.externaltools.gnu-tools-for-stm32.7-2018-q2-update.linux64_1.0.0.201904181610/tools/bin/../lib/gcc/arm-none-eabi/7.3.1/thumb/v7e-m/fpv5/hard/crtbegin.o
 .ARM.attributes
                0x0000000000000052       0x37 Drivers/STM32F7xx_HAL_Driver/Src/stm32f7xx_hal.o
 .ARM.attributes
                0x0000000000000089       0x37 Drivers/STM32F7xx_HAL_Driver/Src/stm32f7xx_hal_cortex.o
 .ARM.attributes
                0x00000000000000c0       0x37 Drivers/STM32F7xx_HAL_Driver/Src/stm32f7xx_hal_dma.o
 .ARM.attributes
                0x00000000000000f7       0x37 Drivers/STM32F7xx_HAL_Driver/Src/stm32f7xx_hal_eth.o
 .ARM.attributes
                0x000000000000012e       0x37 Drivers/STM32F7xx_HAL_Driver/Src/stm32f7xx_hal_gpio.o
 .ARM.attributes
                0x0000000000000165       0x37 Drivers/STM32F7xx_HAL_Driver/Src/stm32f7xx_hal_pcd.o
 .ARM.attributes
                0x000000000000019c       0x37 Drivers/STM32F7xx_HAL_Driver/Src/stm32f7xx_hal_pcd_ex.o
 .ARM.attributes
                0x00000000000001d3       0x37 Drivers/STM32F7xx_HAL_Driver/Src/stm32f7xx_hal_pwr.o
 .ARM.attributes
                0x000000000000020a       0x37 Drivers/STM32F7xx_HAL_Driver/Src/stm32f7xx_hal_pwr_ex.o
 .ARM.attributes
                0x0000000000000241       0x37 Drivers/STM32F7xx_HAL_Driver/Src/stm32f7xx_hal_rcc.o
 .ARM.attributes
                0x0000000000000278       0x37 Drivers/STM32F7xx_HAL_Driver/Src/stm32f7xx_hal_rcc_ex.o
 .ARM.attributes
                0x00000000000002af       0x37 Drivers/STM32F7xx_HAL_Driver/Src/stm32f7xx_hal_tim.o
 .ARM.attributes
                0x00000000000002e6       0x37 Drivers/STM32F7xx_HAL_Driver/Src/stm32f7xx_hal_tim_ex.o
 .ARM.attributes
                0x000000000000031d       0x37 Drivers/STM32F7xx_HAL_Driver/Src/stm32f7xx_hal_uart.o
 .ARM.attributes
                0x0000000000000354       0x37 Drivers/STM32F7xx_HAL_Driver/Src/stm32f7xx_ll_usb.o
 .ARM.attributes
                0x000000000000038b       0x37 Src/eth.o
 .ARM.attributes
                0x00000000000003c2       0x37 Src/gpio.o
 .ARM.attributes
                0x00000000000003f9       0x37 Src/llamadasalsistema.o
 .ARM.attributes
                0x0000000000000430       0x37 Src/main.o
 .ARM.attributes
                0x0000000000000467       0x37 Src/pcb.o
 .ARM.attributes
                0x000000000000049e       0x37 Src/stm32f7xx_hal_msp.o
 .ARM.attributes
                0x00000000000004d5       0x37 Src/stm32f7xx_it.o
 .ARM.attributes
                0x000000000000050c       0x37 Src/system_stm32f7xx.o
 .ARM.attributes
                0x0000000000000543       0x37 Src/tim.o
 .ARM.attributes
                0x000000000000057a       0x37 Src/usart.o
 .ARM.attributes
                0x00000000000005b1       0x37 Src/usb_otg.o
 .ARM.attributes
                0x00000000000005e8       0x21 Startup/startup_stm32f767zitx.o
 .ARM.attributes
                0x0000000000000609       0x32 /opt/st/stm32cubeide_1.0.2/plugins/com.st.stm32cube.ide.mcu.externaltools.gnu-tools-for-stm32.7-2018-q2-update.linux64_1.0.0.201904181610/tools/bin/../lib/gcc/arm-none-eabi/7.3.1/../../../../arm-none-eabi/lib/thumb/v7e-m/fpv5/hard/libc_nano.a(lib_a-init.o)
 .ARM.attributes
                0x000000000000063b       0x32 /opt/st/stm32cubeide_1.0.2/plugins/com.st.stm32cube.ide.mcu.externaltools.gnu-tools-for-stm32.7-2018-q2-update.linux64_1.0.0.201904181610/tools/bin/../lib/gcc/arm-none-eabi/7.3.1/../../../../arm-none-eabi/lib/thumb/v7e-m/fpv5/hard/libc_nano.a(lib_a-memset.o)
 .ARM.attributes
                0x000000000000066d       0x20 /opt/st/stm32cubeide_1.0.2/plugins/com.st.stm32cube.ide.mcu.externaltools.gnu-tools-for-stm32.7-2018-q2-update.linux64_1.0.0.201904181610/tools/bin/../lib/gcc/arm-none-eabi/7.3.1/thumb/v7e-m/fpv5/hard/libgcc.a(_aeabi_uldivmod.o)
 .ARM.attributes
                0x000000000000068d       0x32 /opt/st/stm32cubeide_1.0.2/plugins/com.st.stm32cube.ide.mcu.externaltools.gnu-tools-for-stm32.7-2018-q2-update.linux64_1.0.0.201904181610/tools/bin/../lib/gcc/arm-none-eabi/7.3.1/thumb/v7e-m/fpv5/hard/libgcc.a(_udivmoddi4.o)
 .ARM.attributes
                0x00000000000006bf       0x20 /opt/st/stm32cubeide_1.0.2/plugins/com.st.stm32cube.ide.mcu.externaltools.gnu-tools-for-stm32.7-2018-q2-update.linux64_1.0.0.201904181610/tools/bin/../lib/gcc/arm-none-eabi/7.3.1/thumb/v7e-m/fpv5/hard/libgcc.a(_dvmd_tls.o)
 .ARM.attributes
                0x00000000000006df       0x20 /opt/st/stm32cubeide_1.0.2/plugins/com.st.stm32cube.ide.mcu.externaltools.gnu-tools-for-stm32.7-2018-q2-update.linux64_1.0.0.201904181610/tools/bin/../lib/gcc/arm-none-eabi/7.3.1/thumb/v7e-m/fpv5/hard/crtn.o
OUTPUT(KernelItt328.elf elf32-littlearm)

.comment        0x0000000000000000       0x7b
 .comment       0x0000000000000000       0x7b Drivers/STM32F7xx_HAL_Driver/Src/stm32f7xx_hal.o
                                         0x7c (size before relaxing)
 .comment       0x000000000000007b       0x7c Drivers/STM32F7xx_HAL_Driver/Src/stm32f7xx_hal_cortex.o
 .comment       0x000000000000007b       0x7c Drivers/STM32F7xx_HAL_Driver/Src/stm32f7xx_hal_dma.o
 .comment       0x000000000000007b       0x7c Drivers/STM32F7xx_HAL_Driver/Src/stm32f7xx_hal_eth.o
 .comment       0x000000000000007b       0x7c Drivers/STM32F7xx_HAL_Driver/Src/stm32f7xx_hal_gpio.o
 .comment       0x000000000000007b       0x7c Drivers/STM32F7xx_HAL_Driver/Src/stm32f7xx_hal_pcd.o
 .comment       0x000000000000007b       0x7c Drivers/STM32F7xx_HAL_Driver/Src/stm32f7xx_hal_pcd_ex.o
 .comment       0x000000000000007b       0x7c Drivers/STM32F7xx_HAL_Driver/Src/stm32f7xx_hal_pwr.o
 .comment       0x000000000000007b       0x7c Drivers/STM32F7xx_HAL_Driver/Src/stm32f7xx_hal_pwr_ex.o
 .comment       0x000000000000007b       0x7c Drivers/STM32F7xx_HAL_Driver/Src/stm32f7xx_hal_rcc.o
 .comment       0x000000000000007b       0x7c Drivers/STM32F7xx_HAL_Driver/Src/stm32f7xx_hal_rcc_ex.o
 .comment       0x000000000000007b       0x7c Drivers/STM32F7xx_HAL_Driver/Src/stm32f7xx_hal_tim.o
 .comment       0x000000000000007b       0x7c Drivers/STM32F7xx_HAL_Driver/Src/stm32f7xx_hal_tim_ex.o
 .comment       0x000000000000007b       0x7c Drivers/STM32F7xx_HAL_Driver/Src/stm32f7xx_hal_uart.o
 .comment       0x000000000000007b       0x7c Drivers/STM32F7xx_HAL_Driver/Src/stm32f7xx_ll_usb.o
 .comment       0x000000000000007b       0x7c Src/eth.o
 .comment       0x000000000000007b       0x7c Src/gpio.o
 .comment       0x000000000000007b       0x7c Src/llamadasalsistema.o
 .comment       0x000000000000007b       0x7c Src/main.o
 .comment       0x000000000000007b       0x7c Src/pcb.o
 .comment       0x000000000000007b       0x7c Src/stm32f7xx_hal_msp.o
 .comment       0x000000000000007b       0x7c Src/stm32f7xx_it.o
 .comment       0x000000000000007b       0x7c Src/system_stm32f7xx.o
 .comment       0x000000000000007b       0x7c Src/tim.o
 .comment       0x000000000000007b       0x7c Src/usart.o
 .comment       0x000000000000007b       0x7c Src/usb_otg.o

.debug_frame    0x0000000000000000       0xac
 .debug_frame   0x0000000000000000       0x2c /opt/st/stm32cubeide_1.0.2/plugins/com.st.stm32cube.ide.mcu.externaltools.gnu-tools-for-stm32.7-2018-q2-update.linux64_1.0.0.201904181610/tools/bin/../lib/gcc/arm-none-eabi/7.3.1/../../../../arm-none-eabi/lib/thumb/v7e-m/fpv5/hard/libc_nano.a(lib_a-init.o)
 .debug_frame   0x000000000000002c       0x20 /opt/st/stm32cubeide_1.0.2/plugins/com.st.stm32cube.ide.mcu.externaltools.gnu-tools-for-stm32.7-2018-q2-update.linux64_1.0.0.201904181610/tools/bin/../lib/gcc/arm-none-eabi/7.3.1/../../../../arm-none-eabi/lib/thumb/v7e-m/fpv5/hard/libc_nano.a(lib_a-memset.o)
 .debug_frame   0x000000000000004c       0x2c /opt/st/stm32cubeide_1.0.2/plugins/com.st.stm32cube.ide.mcu.externaltools.gnu-tools-for-stm32.7-2018-q2-update.linux64_1.0.0.201904181610/tools/bin/../lib/gcc/arm-none-eabi/7.3.1/thumb/v7e-m/fpv5/hard/libgcc.a(_aeabi_uldivmod.o)
 .debug_frame   0x0000000000000078       0x34 /opt/st/stm32cubeide_1.0.2/plugins/com.st.stm32cube.ide.mcu.externaltools.gnu-tools-for-stm32.7-2018-q2-update.linux64_1.0.0.201904181610/tools/bin/../lib/gcc/arm-none-eabi/7.3.1/thumb/v7e-m/fpv5/hard/libgcc.a(_udivmoddi4.o)
