ioc.c:23:6:InitConsola	8	static
ioc.c:39:5:ServicioLeer	32	static
ioc.c:53:5:ServicioEscribir	32	static
ioc.c:62:6:ServicioTicks	16	static
ioc.c:68:6:ServicioInitPWM	8	static
ioc.c:73:6:ServicioPWMDutyCycle	16	static
ioc.c:78:6:ServicioStopPWM	8	static
ioc.c:83:5:Leer	24	static,ignoring_inline_asm
ioc.c:94:5:Escribir	24	static,ignoring_inline_asm
ioc.c:105:6:Ticks	16	static,ignoring_inline_asm
ioc.c:116:6:InitPWM	4	static,ignoring_inline_asm
ioc.c:121:6:DutyCycle	16	static,ignoring_inline_asm
ioc.c:127:6:StopPWM	4	static,ignoring_inline_asm
ioc.c:133:6:USART3_IRQHandler	8	static
